Archive member included to satisfy reference by file (symbol)

D:/STM32/proj/CAR_MC/Core/DMP/mpl/liblibmplmpu.a(compass_vec_cal.o)
                              CMakeFiles/CAR_ALL_Round.elf.dir/Core/DMP/driver/eMPL/inv_mpu.c.obj (inv_enable_vector_compass_cal)
D:/STM32/proj/CAR_MC/Core/DMP/mpl/liblibmplmpu.a(fast_no_motion.o)
                              CMakeFiles/CAR_ALL_Round.elf.dir/Core/DMP/driver/eMPL/inv_mpu.c.obj (inv_enable_fast_nomot)
D:/STM32/proj/CAR_MC/Core/DMP/mpl/liblibmplmpu.a(fusion_9axis.o)
                              CMakeFiles/CAR_ALL_Round.elf.dir/Core/DMP/driver/eMPL/inv_mpu.c.obj (inv_enable_9x_sensor_fusion)
D:/STM32/proj/CAR_MC/Core/DMP/mpl/liblibmplmpu.a(gyro_tc.o)
                              CMakeFiles/CAR_ALL_Round.elf.dir/Core/DMP/driver/eMPL/inv_mpu.c.obj (inv_enable_gyro_tc)
D:/STM32/proj/CAR_MC/Core/DMP/mpl/liblibmplmpu.a(mag_disturb.o)
                              D:/STM32/proj/CAR_MC/Core/DMP/mpl/liblibmplmpu.a(compass_vec_cal.o) (inv_set_magnetic_disturbance)
D:/STM32/proj/CAR_MC/Core/DMP/mpl/liblibmplmpu.a(quaternion_supervisor.o)
                              CMakeFiles/CAR_ALL_Round.elf.dir/Core/DMP/driver/eMPL/inv_mpu.c.obj (inv_enable_quaternion)
D:/STM32/proj/CAR_MC/Core/DMP/mpl/liblibmplmpu.a(accel_auto_cal.o)
                              D:/STM32/proj/CAR_MC/Core/DMP/mpl/liblibmplmpu.a(compass_vec_cal.o) (inv_init_check_sample_balance_parameter)
c:/progra~2/gnuarm~1/102021~1.10/bin/../lib/gcc/arm-none-eabi/10.3.1/thumb/v7e-m/nofp\libgcc.a(_arm_muldf3.o)
                              CMakeFiles/CAR_ALL_Round.elf.dir/Core/DMP/driver/eMPL/inv_mpu.c.obj (__aeabi_dmul)
c:/progra~2/gnuarm~1/102021~1.10/bin/../lib/gcc/arm-none-eabi/10.3.1/thumb/v7e-m/nofp\libgcc.a(_arm_mulsf3.o)
                              CMakeFiles/CAR_ALL_Round.elf.dir/Core/DMP/driver/eMPL/inv_mpu.c.obj (__aeabi_fmul)
c:/progra~2/gnuarm~1/102021~1.10/bin/../lib/gcc/arm-none-eabi/10.3.1/thumb/v7e-m/nofp\libgcc.a(_arm_addsubdf3.o)
                              CMakeFiles/CAR_ALL_Round.elf.dir/Core/DMP/mllite/ml_math_func.c.obj (__aeabi_dsub)
c:/progra~2/gnuarm~1/102021~1.10/bin/../lib/gcc/arm-none-eabi/10.3.1/thumb/v7e-m/nofp\libgcc.a(_arm_muldivdf3.o)
                              CMakeFiles/CAR_ALL_Round.elf.dir/Core/DMP/mllite/ml_math_func.c.obj (__aeabi_ddiv)
c:/progra~2/gnuarm~1/102021~1.10/bin/../lib/gcc/arm-none-eabi/10.3.1/thumb/v7e-m/nofp\libgcc.a(_arm_cmpdf2.o)
                              D:/STM32/proj/CAR_MC/Core/DMP/mpl/liblibmplmpu.a(compass_vec_cal.o) (__aeabi_dcmpeq)
c:/progra~2/gnuarm~1/102021~1.10/bin/../lib/gcc/arm-none-eabi/10.3.1/thumb/v7e-m/nofp\libgcc.a(_arm_fixdfsi.o)
                              CMakeFiles/CAR_ALL_Round.elf.dir/Core/DMP/mllite/ml_math_func.c.obj (__aeabi_d2iz)
c:/progra~2/gnuarm~1/102021~1.10/bin/../lib/gcc/arm-none-eabi/10.3.1/thumb/v7e-m/nofp\libgcc.a(_arm_truncdfsf2.o)
                              CMakeFiles/CAR_ALL_Round.elf.dir/Core/DMP/driver/eMPL/inv_mpu.c.obj (__aeabi_d2f)
c:/progra~2/gnuarm~1/102021~1.10/bin/../lib/gcc/arm-none-eabi/10.3.1/thumb/v7e-m/nofp\libgcc.a(_arm_addsubsf3.o)
                              CMakeFiles/CAR_ALL_Round.elf.dir/Core/DMP/driver/eMPL/inv_mpu.c.obj (__aeabi_fsub)
c:/progra~2/gnuarm~1/102021~1.10/bin/../lib/gcc/arm-none-eabi/10.3.1/thumb/v7e-m/nofp\libgcc.a(_arm_muldivsf3.o)
                              CMakeFiles/CAR_ALL_Round.elf.dir/Core/DMP/driver/eMPL/inv_mpu.c.obj (__aeabi_fdiv)
c:/progra~2/gnuarm~1/102021~1.10/bin/../lib/gcc/arm-none-eabi/10.3.1/thumb/v7e-m/nofp\libgcc.a(_arm_cmpsf2.o)
                              CMakeFiles/CAR_ALL_Round.elf.dir/Core/DMP/mllite/ml_math_func.c.obj (__aeabi_fcmpeq)
c:/progra~2/gnuarm~1/102021~1.10/bin/../lib/gcc/arm-none-eabi/10.3.1/thumb/v7e-m/nofp\libgcc.a(_arm_fixsfsi.o)
                              CMakeFiles/CAR_ALL_Round.elf.dir/Core/DMP/driver/eMPL/inv_mpu.c.obj (__aeabi_f2iz)
c:/progra~2/gnuarm~1/102021~1.10/bin/../lib/gcc/arm-none-eabi/10.3.1/thumb/v7e-m/nofp\libgcc.a(_arm_fixunssfsi.o)
                              CMakeFiles/CAR_ALL_Round.elf.dir/Core/DMP/driver/eMPL/inv_mpu_dmp_motion_driver.c.obj (__aeabi_f2uiz)
c:/progra~2/gnuarm~1/102021~1.10/bin/../lib/gcc/arm-none-eabi/10.3.1/thumb/v7e-m/nofp\libgcc.a(_aeabi_ldivmod.o)
                              CMakeFiles/CAR_ALL_Round.elf.dir/Core/DMP/driver/eMPL/inv_mpu.c.obj (__aeabi_ldivmod)
c:/progra~2/gnuarm~1/102021~1.10/bin/../lib/gcc/arm-none-eabi/10.3.1/thumb/v7e-m/nofp\libgcc.a(_aeabi_uldivmod.o)
                              CMakeFiles/CAR_ALL_Round.elf.dir/Drivers/STM32F4xx_HAL_Driver/Src/stm32f4xx_hal_rcc.c.obj (__aeabi_uldivmod)
c:/progra~2/gnuarm~1/102021~1.10/bin/../lib/gcc/arm-none-eabi/10.3.1/thumb/v7e-m/nofp\libgcc.a(_fixsfdi.o)
                              D:/STM32/proj/CAR_MC/Core/DMP/mpl/liblibmplmpu.a(fast_no_motion.o) (__aeabi_f2lz)
c:/progra~2/gnuarm~1/102021~1.10/bin/../lib/gcc/arm-none-eabi/10.3.1/thumb/v7e-m/nofp\libgcc.a(_fixunssfdi.o)
[...]
Memory Configuration

Name             Origin             Length             Attributes
RAM              0x20000000         0x00020000         xrw
FLASH            0x08000000         0x00080000         xr
*default*        0x00000000         0xffffffff

Linker script and memory map

LOAD c:/progra~2/gnuarm~1/102021~1.10/bin/../lib/gcc/arm-none-eabi/10.3.1/thumb/v7e-m/nofp/crti.o
LOAD c:/progra~2/gnuarm~1/102021~1.10/bin/../lib/gcc/arm-none-eabi/10.3.1/thumb/v7e-m/nofp/crtbegin.o
LOAD c:/progra~2/gnuarm~1/102021~1.10/bin/../lib/gcc/arm-none-eabi/10.3.1/../../../../arm-none-eabi/lib/thumb/v7e-m/nofp/crt0.o
LOAD CMakeFiles/CAR_ALL_Round.elf.dir/Core/DMP/driver/eMPL/inv_mpu.c.obj
LOAD CMakeFiles/CAR_ALL_Round.elf.dir/Core/DMP/driver/eMPL/inv_mpu_dmp_motion_driver.c.obj
LOAD CMakeFiles/CAR_ALL_Round.elf.dir/Core/DMP/driver/stm32L/log_stm32.c.obj
LOAD CMakeFiles/CAR_ALL_Round.elf.dir/Core/DMP/eMPL-hal/eMPL_outputs.c.obj
LOAD CMakeFiles/CAR_ALL_Round.elf.dir/Core/DMP/mllite/data_builder.c.obj
LOAD CMakeFiles/CAR_ALL_Round.elf.dir/Core/DMP/mllite/hal_outputs.c.obj
LOAD CMakeFiles/CAR_ALL_Round.elf.dir/Core/DMP/mllite/message_layer.c.obj
LOAD CMakeFiles/CAR_ALL_Round.elf.dir/Core/DMP/mllite/ml_math_func.c.obj
LOAD CMakeFiles/CAR_ALL_Round.elf.dir/Core/DMP/mllite/mlmath.c.obj
LOAD CMakeFiles/CAR_ALL_Round.elf.dir/Core/DMP/mllite/mpl.c.obj
LOAD CMakeFiles/CAR_ALL_Round.elf.dir/Core/DMP/mllite/results_holder.c.obj
LOAD CMakeFiles/CAR_ALL_Round.elf.dir/Core/DMP/mllite/start_manager.c.obj
LOAD CMakeFiles/CAR_ALL_Round.elf.dir/Core/DMP/mllite/storage_manager.c.obj
LOAD CMakeFiles/CAR_ALL_Round.elf.dir/Core/MPU9250/mpu9250.c.obj
LOAD CMakeFiles/CAR_ALL_Round.elf.dir/Core/Src/gpio.c.obj
LOAD CMakeFiles/CAR_ALL_Round.elf.dir/Core/Src/i2c.c.obj
LOAD CMakeFiles/CAR_ALL_Round.elf.dir/Core/Src/main.c.obj
LOAD CMakeFiles/CAR_ALL_Round.elf.dir/Core/Src/stm32f4xx_hal_msp.c.obj
LOAD CMakeFiles/CAR_ALL_Round.elf.dir/Core/Src/stm32f4xx_it.c.obj
LOAD CMakeFiles/CAR_ALL_Round.elf.dir/Core/Src/syscalls.c.obj
LOAD CMakeFiles/CAR_ALL_Round.elf.dir/Core/Src/sysmem.c.obj
LOAD CMakeFiles/CAR_ALL_Round.elf.dir/Core/Src/system_stm32f4xx.c.obj
LOAD CMakeFiles/CAR_ALL_Round.elf.dir/Core/Src/tim.c.obj
LOAD CMakeFiles/CAR_ALL_Round.elf.dir/Core/Src/usart.c.obj
LOAD CMakeFiles/CAR_ALL_Round.elf.dir/Core/Startup/startup_stm32f411ceux.s.obj
LOAD CMakeFiles/CAR_ALL_Round.elf.dir/Core/User/Motor.c.obj
LOAD CMakeFiles/CAR_ALL_Round.elf.dir/Core/User/PID.c.obj
LOAD CMakeFiles/CAR_ALL_Round.elf.dir/Core/User/PID_Adjust.c.obj
LOAD CMakeFiles/CAR_ALL_Round.elf.dir/Core/User/PS2.c.obj
LOAD CMakeFiles/CAR_ALL_Round.elf.dir/Core/User/retarget.c.obj
LOAD CMakeFiles/CAR_ALL_Round.elf.dir/Drivers/STM32F4xx_HAL_Driver/Src/stm32f4xx_hal.c.obj
LOAD CMakeFiles/CAR_ALL_Round.elf.dir/Drivers/STM32F4xx_HAL_Driver/Src/stm32f4xx_hal_cortex.c.obj
LOAD CMakeFiles/CAR_ALL_Round.elf.dir/Drivers/STM32F4xx_HAL_Driver/Src/stm32f4xx_hal_dma.c.obj
LOAD CMakeFiles/CAR_ALL_Round.elf.dir/Drivers/STM32F4xx_HAL_Driver/Src/stm32f4xx_hal_dma_ex.c.obj
LOAD CMakeFiles/CAR_ALL_Round.elf.dir/Drivers/STM32F4xx_HAL_Driver/Src/stm32f4xx_hal_exti.c.obj
LOAD CMakeFiles/CAR_ALL_Round.elf.dir/Drivers/STM32F4xx_HAL_Driver/Src/stm32f4xx_hal_flash.c.obj
LOAD CMakeFiles/CAR_ALL_Round.elf.dir/Drivers/STM32F4xx_HAL_Driver/Src/stm32f4xx_hal_flash_ex.c.obj
LOAD CMakeFiles/CAR_ALL_Round.elf.dir/Drivers/STM32F4xx_HAL_Driver/Src/stm32f4xx_hal_flash_ramfunc.c.obj
LOAD CMakeFiles/CAR_ALL_Round.elf.dir/Drivers/STM32F4xx_HAL_Driver/Src/stm32f4xx_hal_gpio.c.obj
LOAD CMakeFiles/CAR_ALL_Round.elf.dir/Drivers/STM32F4xx_HAL_Driver/Src/stm32f4xx_hal_i2c.c.obj
LOAD CMakeFiles/CAR_ALL_Round.elf.dir/Drivers/STM32F4xx_HAL_Driver/Src/stm32f4xx_hal_i2c_ex.c.obj
LOAD CMakeFiles/CAR_ALL_Round.elf.dir/Drivers/STM32F4xx_HAL_Driver/Src/stm32f4xx_hal_pwr.c.obj
LOAD CMakeFiles/CAR_ALL_Round.elf.dir/Drivers/STM32F4xx_HAL_Driver/Src/stm32f4xx_hal_pwr_ex.c.obj
LOAD CMakeFiles/CAR_ALL_Round.elf.dir/Drivers/STM32F4xx_HAL_Driver/Src/stm32f4xx_hal_rcc.c.obj
LOAD CMakeFiles/CAR_ALL_Round.elf.dir/Drivers/STM32F4xx_HAL_Driver/Src/stm32f4xx_hal_rcc_ex.c.obj
LOAD CMakeFiles/CAR_ALL_Round.elf.dir/Drivers/STM32F4xx_HAL_Driver/Src/stm32f4xx_hal_tim.c.obj
LOAD CMakeFiles/CAR_ALL_Round.elf.dir/Drivers/STM32F4xx_HAL_Driver/Src/stm32f4xx_hal_tim_ex.c.obj
LOAD CMakeFiles/CAR_ALL_Round.elf.dir/Drivers/STM32F4xx_HAL_Driver/Src/stm32f4xx_hal_uart.c.obj
LOAD D:/STM32/proj/CAR_MC/Core/DMP/mpl/liblibmplmpu.a
START GROUP
LOAD c:/progra~2/gnuarm~1/102021~1.10/bin/../lib/gcc/arm-none-eabi/10.3.1/thumb/v7e-m/nofp\libgcc.a
LOAD c:/progra~2/gnuarm~1/102021~1.10/bin/../lib/gcc/arm-none-eabi/10.3.1/../../../../arm-none-eabi/lib/thumb/v7e-m/nofp\libg.a
LOAD c:/progra~2/gnuarm~1/102021~1.10/bin/../lib/gcc/arm-none-eabi/10.3.1/../../../../arm-none-eabi/lib/thumb/v7e-m/nofp\libc.a
END GROUP
LOAD c:/progra~2/gnuarm~1/102021~1.10/bin/../lib/gcc/arm-none-eabi/10.3.1/thumb/v7e-m/nofp/crtend.o
LOAD c:/progra~2/gnuarm~1/102021~1.10/bin/../lib/gcc/arm-none-eabi/10.3.1/thumb/v7e-m/nofp/crtn.o
                0x20020000                _estack = (ORIGIN (RAM) + LENGTH (RAM))
                0x00000200                _Min_Heap_Size = 0x200
                0x00000400                _Min_Stack_Size = 0x400

.isr_vector     0x08000000      0x198
                0x08000000                . = ALIGN (0x4)
 *(.isr_vector)
 .isr_vector    0x08000000      0x198 CMakeFiles/CAR_ALL_Round.elf.dir/Core/Startup/startup_stm32f411ceux.s.obj
                0x08000000                g_pfnVectors
                0x08000198                . = ALIGN (0x4)

.text           0x080001c0    0x1b0f0
                0x080001c0                . = ALIGN (0x4)
 *(.text)
 .text          0x080001c0       0x40 c:/progra~2/gnuarm~1/102021~1.10/bin/../lib/gcc/arm-none-eabi/10.3.1/thumb/v7e-m/nofp/crtbegin.o
 .text          0x08000200     0x2368 D:/STM32/proj/CAR_MC/Core/DMP/mpl/liblibmplmpu.a(compass_vec_cal.o)
                0x08000200                inv_start_vector_compass_cal
                0x08000428                inv_vector_compass_cal_sensitivity
                0x08000434                inv_cheap_rand
                0x0800046c                inv_cheap_gaussian
                0x080004e0                inv_combine_compass_data
                0x08000634                inv_set_terms
                0x08000940                inv_compute_bias
                0x080010e4                inv_center_sum
                0x080017f4                inv_get_current_calibrated_compass
                0x0800184c                inv_add_compass_block_data
                0x080018e4                inv_check_sim
                0x08001a3c                inv_reset_data_collection
                0x080022f8                inv_process_compass_only_cal
                0x08002414                inv_generate_vector_compass_cal
                0x080024bc                inv_stop_vector_compass_cal
                0x080024c8                inv_init_vector_compass_cal
                0x08002534                inv_enable_vector_compass_cal
                0x0800254c                inv_disable_vector_compass_cal
 .text          0x08002568      0xd48 D:/STM32/proj/CAR_MC/Core/DMP/mpl/liblibmplmpu.a(fast_no_motion.o)
                0x080026f8                inv_init_maxmin
                0x08002790                inv_start_fast_nomot
                0x080027d0                inv_fast_nomot_parameter
                0x080027dc                inv_fast_nomot_parameter_3rd
                0x080028b0                inv_fast_nomot_set_gyro_bias
                0x08002980                inv_set_fast_nomot_compass_threshold
                0x0800298c                int_set_fast_nomot_gyro_threshold
                0x08002998                inv_set_fast_nomot_accel_threshold
                0x080029a4                inv_get_fast_nomot_compass_param
                0x080029c4                inv_get_fast_nomot_accel_param
                0x080029e4                inv_fast_nomot_store_data
                0x08002a84                inv_fast_nomot_store_data_compass
                0x08002ad0                inv_fast_nomot_reset_data_compass
                0x08002afc                inv_fast_nomot_get_time_elaps
                0x08002b08                inv_fast_nomot_parameter_compass
                0x08002b20                inv_get_right_shift_by_rounding
                0x08002ba0                inv_reset_min_max_gyro_accel_statistics
                0x08002bd4                inv_record_max_moment_in_no_motion_gyro
                0x08002c08                inv_record_max_moment_in_no_motion_accel
                0x08002c3c                inv_record_min_moment_in_motion_gyro
                0x08002c70                inv_record_min_moment_in_motion_accel
                0x08002ca4                inv_detect_motion_by_gyro_accel
                0x08002de8                inv_sensor_data_preprocess
                0x08002e88                inv_generate_fast_nomot
                0x080031bc                inv_set_default_number_of_samples
                0x080031f4                inv_init_fast_nomot
                0x0800325c                inv_stop_fast_nomot
                0x08003274                inv_enable_fast_nomot
                0x0800328c                inv_disable_fast_nomot
                0x080032a0                inv_get_fnm_gyro_no_motion_param
                0x080032ac                inv_fnm_debug_print
 .text          0x080032b0      0x730 D:/STM32/proj/CAR_MC/Core/DMP/mpl/liblibmplmpu.a(fusion_9axis.o)
                0x080032b0                inv_start_9x_sensor_fusion
                0x080032c0                inv_filter_correction_angle
                0x080034b8                inv_perform_9x_fusion
                0x080038a0                inv_process_9x_sensor_fusion_cb
                0x08003938                inv_init_9x_fusion
                0x08003974                inv_9x_fusion_set_mag_fb
                0x08003984                inv_9x_fusion_enable_jitter_reduction
                0x08003994                inv_9x_fusion_use_timestamps
                0x080039a4                inv_stop_9x_sensor_fusion
                0x080039b0                inv_enable_9x_sensor_fusion
                0x080039d4                inv_disable_9x_sensor_fusion
 .text          0x080039e0      0x5a0 D:/STM32/proj/CAR_MC/Core/DMP/mpl/liblibmplmpu.a(gyro_tc.o)
                0x080039e0                inv_start_gyro_tc
                0x08003e58                inv_init_gyro_ts
                0x08003e90                inv_set_gtc_max_temp
                0x08003ea0                inv_set_gtc_min_temp
                0x08003eb0                inv_set_gtc_min_diff
                0x08003ec0                inv_get_gyro_ts
                0x08003ee4                inv_set_gyro_ts
                0x08003ee8                inv_set_gtc_order
                0x08003f00                inv_print_gtc_data
                0x08003f04                inv_stop_gyro_tc
                0x08003f10                inv_enable_gyro_tc
                0x08003f50                inv_disable_gyro_tc
 .text          0x08003f80      0x658 D:/STM32/proj/CAR_MC/Core/DMP/mpl/liblibmplmpu.a(mag_disturb.o)
                0x08003f80                inv_start_magnetic_disturbance
                0x08003f90                inv_set_magnetic_disturbance
                0x08003fa8                inv_init_magnetic_disturbance
                0x08003ff4                inv_stop_magnetic_disturbance
                0x08004000                inv_enable_magnetic_disturbance
                0x0800402c                inv_disable_magnetic_disturbance
                0x08004044                inv_disable_dip_tracking
                0x08004054                inv_enable_dip_tracking
                0x08004064                inv_track_dip_angle
                0x08004100                ComputeAngleVelocity
                0x08004160                Mag3ofNormalizedLong
                0x080041b8                MagDisturbSetDisturbance
                0x08004230                MagDisturbCheckSettling
                0x08004278                inv_check_magnetic_disturbance
                0x08004594                inv_magnetic_disturbance_process
                0x080045cc                inv_get_magnetic_disturbance_state
 .text          0x080045d8      0xa98 D:/STM32/proj/CAR_MC/Core/DMP/mpl/liblibmplmpu.a(quaternion_supervisor.o)
                0x080046c4                inv_start_quaternion
                0x08004820                inv_generate_gyro_quaternion
                0x0800482c                inv_set_quaternion
                0x0800485c                inv_generate_accel_gyro_quaternion
                0x08005008                inv_stop_quaternion
                0x08005014                inv_init_quaternion
                0x08005038                inv_enable_quaternion
                0x08005050                inv_disable_quaternion
 .text          0x08005070      0xd80 D:/STM32/proj/CAR_MC/Core/DMP/mpl/liblibmplmpu.a(accel_auto_cal.o)
                0x080050bc                inv_start_in_use_auto_calibration
                0x08005188                inv_init_accel_maxmin
                0x080051a8                inv_record_good_accel_maxmin
                0x080051dc                inv_get_current_calibrated_accel
                0x08005220                inv_sort_order_4_T
                0x080052d4                inv_init_check_sample_balance
                0x080052f0                inv_init_check_sample_balance_parameter
                0x0800531c                inv_add_accel_block_data
                0x080053b8                inv_add_vector_block_data
                0x08005458                inv_check_sample_balance
                0x080055f8                inv_auto_calibrate
                0x08005d18                inv_init_in_use_auto_calibration
                0x08005da4                inv_stop_in_use_auto_calibration
                0x08005db0                inv_enable_in_use_auto_calibration
                0x08005dc8                inv_disable_in_use_auto_calibration
                0x08005de4                inv_get_accel_bias_stage
 .text          0x08005df0      0x378 c:/progra~2/gnuarm~1/102021~1.10/bin/../lib/gcc/arm-none-eabi/10.3.1/thumb/v7e-m/nofp\libgcc.a(_arm_addsubdf3.o)
                0x08005df0                __aeabi_drsub
                0x08005df8                __aeabi_dsub
                0x08005df8                __subdf3
                0x08005dfc                __aeabi_dadd
                0x08005dfc                __adddf3
                0x08006074                __floatunsidf
                0x08006074                __aeabi_ui2d
                0x08006094                __floatsidf
                0x08006094                __aeabi_i2d
                0x080060b8                __aeabi_f2d
                0x080060b8                __extendsfdf2
                0x080060fc                __floatundidf
                0x080060fc                __aeabi_ul2d
                0x0800610c                __floatdidf
                0x0800610c                __aeabi_l2d
 .text          0x08006168      0x424 c:/progra~2/gnuarm~1/102021~1.10/bin/../lib/gcc/arm-none-eabi/10.3.1/thumb/v7e-m/nofp\libgcc.a(_arm_muldivdf3.o)
                0x08006168                __aeabi_dmul
                0x08006168                __muldf3
                0x080063bc                __divdf3
                0x080063bc                __aeabi_ddiv
 .text          0x0800658c      0x110 c:/progra~2/gnuarm~1/102021~1.10/bin/../lib/gcc/arm-none-eabi/10.3.1/thumb/v7e-m/nofp\libgcc.a(_arm_cmpdf2.o)
                0x0800658c                __gtdf2
                0x0800658c                __gedf2
                0x08006594                __ltdf2
                0x08006594                __ledf2
                0x0800659c                __nedf2
                0x0800659c                __eqdf2
                0x0800659c                __cmpdf2
                0x08006618                __aeabi_cdrcmple
                0x08006628                __aeabi_cdcmpeq
                0x08006628                __aeabi_cdcmple
                0x08006638                __aeabi_dcmpeq
                0x0800664c                __aeabi_dcmplt
                0x08006660                __aeabi_dcmple
                0x08006674                __aeabi_dcmpge
                0x08006688                __aeabi_dcmpgt
 .text          0x0800669c       0x50 c:/progra~2/gnuarm~1/102021~1.10/bin/../lib/gcc/arm-none-eabi/10.3.1/thumb/v7e-m/nofp\libgcc.a(_arm_fixdfsi.o)
                0x0800669c                __aeabi_d2iz
                0x0800669c                __fixdfsi
 .text          0x080066ec       0xa0 c:/progra~2/gnuarm~1/102021~1.10/bin/../lib/gcc/arm-none-eabi/10.3.1/thumb/v7e-m/nofp\libgcc.a(_arm_truncdfsf2.o)
                0x080066ec                __truncdfsf2
                0x080066ec                __aeabi_d2f
 .text          0x0800678c      0x21c c:/progra~2/gnuarm~1/102021~1.10/bin/../lib/gcc/arm-none-eabi/10.3.1/thumb/v7e-m/nofp\libgcc.a(_arm_addsubsf3.o)
                0x0800678c                __aeabi_frsub
                0x08006794                __subsf3
                0x08006794                __aeabi_fsub
                0x08006798                __aeabi_fadd
                0x08006798                __addsf3
                0x080068f8                __aeabi_ui2f
                0x080068f8                __floatunsisf
                0x08006900                __aeabi_i2f
                0x08006900                __floatsisf
                0x0800691c                __aeabi_ul2f
                0x0800691c                __floatundisf
                0x0800692c                __aeabi_l2f
                0x0800692c                __floatdisf
 .text          0x080069a8      0x2a0 c:/progra~2/gnuarm~1/102021~1.10/bin/../lib/gcc/arm-none-eabi/10.3.1/thumb/v7e-m/nofp\libgcc.a(_arm_muldivsf3.o)
                0x080069a8                __mulsf3
                0x080069a8                __aeabi_fmul
                0x08006b10                __aeabi_fdiv
                0x08006b10                __divsf3
 .text          0x08006c48       0xec c:/progra~2/gnuarm~1/102021~1.10/bin/../lib/gcc/arm-none-eabi/10.3.1/thumb/v7e-m/nofp\libgcc.a(_arm_cmpsf2.o)
                0x08006c48                __gesf2
                0x08006c48                __gtsf2
                0x08006c50                __lesf2
                0x08006c50                __ltsf2
                0x08006c58                __nesf2
                0x08006c58                __eqsf2
                0x08006c58                __cmpsf2
                0x08006cb8                __aeabi_cfrcmple
                0x08006cc0                __aeabi_cfcmpeq
                0x08006cc0                __aeabi_cfcmple
                0x08006cd0                __aeabi_fcmpeq
                0x08006ce4                __aeabi_fcmplt
                0x08006cf8                __aeabi_fcmple
                0x08006d0c                __aeabi_fcmpge
                0x08006d20                __aeabi_fcmpgt
 .text          0x08006d34       0x4c c:/progra~2/gnuarm~1/102021~1.10/bin/../lib/gcc/arm-none-eabi/10.3.1/thumb/v7e-m/nofp\libgcc.a(_arm_fixsfsi.o)
                0x08006d34                __aeabi_f2iz
                0x08006d34                __fixsfsi
 .text          0x08006d80       0x40 c:/progra~2/gnuarm~1/102021~1.10/bin/../lib/gcc/arm-none-eabi/10.3.1/thumb/v7e-m/nofp\libgcc.a(_arm_fixunssfsi.o)
                0x08006d80                __fixunssfsi
                0x08006d80                __aeabi_f2uiz
 .text          0x08006dc0       0xa0 c:/progra~2/gnuarm~1/102021~1.10/bin/../lib/gcc/arm-none-eabi/10.3.1/thumb/v7e-m/nofp\libgcc.a(_aeabi_ldivmod.o)
                0x08006dc0                __aeabi_ldivmod
 .text          0x08006e60       0x30 c:/progra~2/gnuarm~1/102021~1.10/bin/../lib/gcc/arm-none-eabi/10.3.1/thumb/v7e-m/nofp\libgcc.a(_aeabi_uldivmod.o)
                0x08006e60                __aeabi_uldivmod
 .text          0x08006e90       0x28 c:/progra~2/gnuarm~1/102021~1.10/bin/../lib/gcc/arm-none-eabi/10.3.1/thumb/v7e-m/nofp\libgcc.a(_fixsfdi.o)
                0x08006e90                __fixsfdi
                0x08006e90                __aeabi_f2lz
 .text          0x08006eb8       0x40 c:/progra~2/gnuarm~1/102021~1.10/bin/../lib/gcc/arm-none-eabi/10.3.1/thumb/v7e-m/nofp\libgcc.a(_fixunssfdi.o)
                0x08006eb8                __fixunssfdi
                0x08006eb8                __aeabi_f2ulz
 .text          0x08006ef8      0x2d0 c:/progra~2/gnuarm~1/102021~1.10/bin/../lib/gcc/arm-none-eabi/10.3.1/thumb/v7e-m/nofp\libgcc.a(_udivmoddi4.o)
                0x08006ef8                __udivmoddi4
 .text          0x080071c8        0x4 c:/progra~2/gnuarm~1/102021~1.10/bin/../lib/gcc/arm-none-eabi/10.3.1/thumb/v7e-m/nofp\libgcc.a(_dvmd_tls.o)
                0x080071c8                __aeabi_idiv0
                0x080071c8                __aeabi_ldiv0
 .text          0x080071cc       0x40 c:/progra~2/gnuarm~1/102021~1.10/bin/../lib/gcc/arm-none-eabi/10.3.1/thumb/v7e-m/nofp\libgcc.a(_arm_fixunsdfsi.o)
                0x080071cc                __aeabi_d2uiz
                0x080071cc                __fixunsdfsi
 .text          0x0800720c      0x134 c:/progra~2/gnuarm~1/102021~1.10/bin/../lib/gcc/arm-none-eabi/10.3.1/../../../../arm-none-eabi/lib/thumb/v7e-m/nofp\libg.a(lib_a-memcpy.o)
                0x0800720c                memcpy
 .text          0x08007340       0xdc c:/progra~2/gnuarm~1/102021~1.10/bin/../lib/gcc/arm-none-eabi/10.3.1/../../../../arm-none-eabi/lib/thumb/v7e-m/nofp\libg.a(lib_a-strlen.o)
                0x08007340                strlen
 *fill*         0x0800741c        0x4 
 .text          0x08007420       0xa0 c:/progra~2/gnuarm~1/102021~1.10/bin/../lib/gcc/arm-none-eabi/10.3.1/../../../../arm-none-eabi/lib/thumb/v7e-m/nofp\libg.a(lib_a-memchr.o)
                0x08007420                memchr
 .text          0x080074c0       0x2c c:/progra~2/gnuarm~1/102021~1.10/bin/../lib/gcc/arm-none-eabi/10.3.1/thumb/v7e-m/nofp\libgcc.a(_arm_unorddf2.o)
                0x080074c0                __unorddf2
                0x080074c0                __aeabi_dcmpun
 .text          0x080074ec       0x2c c:/progra~2/gnuarm~1/102021~1.10/bin/../lib/gcc/arm-none-eabi/10.3.1/thumb/v7e-m/nofp\libgcc.a(_arm_unordsf2.o)
                0x080074ec                __unordsf2
                0x080074ec                __aeabi_fcmpun
 *(.text*)
 .text.set_int_enable
                0x08007518       0x98 CMakeFiles/CAR_ALL_Round.elf.dir/Core/DMP/driver/eMPL/inv_mpu.c.obj
 .text.get_st_6500_biases
                0x080075b0      0x570 CMakeFiles/CAR_ALL_Round.elf.dir/Core/DMP/driver/eMPL/inv_mpu.c.obj
 .text.accel_6500_self_test
                0x08007b20      0x2ec CMakeFiles/CAR_ALL_Round.elf.dir/Core/DMP/driver/eMPL/inv_mpu.c.obj
 .text.gyro_6500_self_test
                0x08007e0c      0x2bc CMakeFiles/CAR_ALL_Round.elf.dir/Core/DMP/driver/eMPL/inv_mpu.c.obj
 .text.mpu_get_temperature
                0x080080c8       0x88 CMakeFiles/CAR_ALL_Round.elf.dir/Core/DMP/driver/eMPL/inv_mpu.c.obj
                0x080080c8                mpu_get_temperature
 .text.mpu_reset_fifo
                0x08008150      0x1f8 CMakeFiles/CAR_ALL_Round.elf.dir/Core/DMP/driver/eMPL/inv_mpu.c.obj
                0x08008150                mpu_reset_fifo
 .text.mpu_get_gyro_fsr
                0x08008348       0x3c CMakeFiles/CAR_ALL_Round.elf.dir/Core/DMP/driver/eMPL/inv_mpu.c.obj
                0x08008348                mpu_get_gyro_fsr
 .text.mpu_set_gyro_fsr
                0x08008384       0x98 CMakeFiles/CAR_ALL_Round.elf.dir/Core/DMP/driver/eMPL/inv_mpu.c.obj
                0x08008384                mpu_set_gyro_fsr
 .text.mpu_get_accel_fsr
                0x0800841c       0x44 CMakeFiles/CAR_ALL_Round.elf.dir/Core/DMP/driver/eMPL/inv_mpu.c.obj
                0x0800841c                mpu_get_accel_fsr
 .text.mpu_set_accel_fsr
                0x08008460       0x94 CMakeFiles/CAR_ALL_Round.elf.dir/Core/DMP/driver/eMPL/inv_mpu.c.obj
                0x08008460                mpu_set_accel_fsr
 .text.mpu_get_lpf
                0x080084f4       0x44 CMakeFiles/CAR_ALL_Round.elf.dir/Core/DMP/driver/eMPL/inv_mpu.c.obj
                0x080084f4                mpu_get_lpf
 .text.mpu_set_lpf
                0x08008538       0x94 CMakeFiles/CAR_ALL_Round.elf.dir/Core/DMP/driver/eMPL/inv_mpu.c.obj
                0x08008538                mpu_set_lpf
 .text.mpu_get_sample_rate
                0x080085cc       0x1c CMakeFiles/CAR_ALL_Round.elf.dir/Core/DMP/driver/eMPL/inv_mpu.c.obj
                0x080085cc                mpu_get_sample_rate
 .text.mpu_set_compass_sample_rate
                0x080085e8       0x68 CMakeFiles/CAR_ALL_Round.elf.dir/Core/DMP/driver/eMPL/inv_mpu.c.obj
                0x080085e8                mpu_set_compass_sample_rate
 .text.mpu_get_gyro_sens
                0x08008650       0x4c CMakeFiles/CAR_ALL_Round.elf.dir/Core/DMP/driver/eMPL/inv_mpu.c.obj
                0x08008650                mpu_get_gyro_sens
 .text.mpu_get_accel_sens
                0x0800869c       0x4c CMakeFiles/CAR_ALL_Round.elf.dir/Core/DMP/driver/eMPL/inv_mpu.c.obj
                0x0800869c                mpu_get_accel_sens
 .text.mpu_get_fifo_config
                0x080086e8       0x10 CMakeFiles/CAR_ALL_Round.elf.dir/Core/DMP/driver/eMPL/inv_mpu.c.obj
                0x080086e8                mpu_get_fifo_config
 .text.mpu_configure_fifo
                0x080086f8       0x64 CMakeFiles/CAR_ALL_Round.elf.dir/Core/DMP/driver/eMPL/inv_mpu.c.obj
                0x080086f8                mpu_configure_fifo
 .text.mpu_read_fifo_stream
                0x0800875c       0xc0 CMakeFiles/CAR_ALL_Round.elf.dir/Core/DMP/driver/eMPL/inv_mpu.c.obj
                0x0800875c                mpu_read_fifo_stream
 .text.mpu_set_bypass
                0x0800881c      0x168 CMakeFiles/CAR_ALL_Round.elf.dir/Core/DMP/driver/eMPL/inv_mpu.c.obj
                0x0800881c                mpu_set_bypass
 .text.setup_compass
                0x08008984      0x244 CMakeFiles/CAR_ALL_Round.elf.dir/Core/DMP/driver/eMPL/inv_mpu.c.obj
 .text.compass_self_test
                0x08008bc8      0x148 CMakeFiles/CAR_ALL_Round.elf.dir/Core/DMP/driver/eMPL/inv_mpu.c.obj
 .text.mpu_set_int_latched
                0x08008d10       0x74 CMakeFiles/CAR_ALL_Round.elf.dir/Core/DMP/driver/eMPL/inv_mpu.c.obj
                0x08008d10                mpu_set_int_latched
 .text.mpu_lp_accel_mode
                0x08008d84       0xe8 CMakeFiles/CAR_ALL_Round.elf.dir/Core/DMP/driver/eMPL/inv_mpu.c.obj
                0x08008d84                mpu_lp_accel_mode
 .text.mpu_set_sample_rate
                0x08008e6c       0xac CMakeFiles/CAR_ALL_Round.elf.dir/Core/DMP/driver/eMPL/inv_mpu.c.obj
                0x08008e6c                mpu_set_sample_rate
 .text.mpu_set_sensors
                0x08008f18      0x194 CMakeFiles/CAR_ALL_Round.elf.dir/Core/DMP/driver/eMPL/inv_mpu.c.obj
                0x08008f18                mpu_set_sensors
 .text.mpu_init
                0x080090ac      0x11c CMakeFiles/CAR_ALL_Round.elf.dir/Core/DMP/driver/eMPL/inv_mpu.c.obj
                0x080090ac                mpu_init
 .text.mpu_write_mem
                0x080091c8       0x74 CMakeFiles/CAR_ALL_Round.elf.dir/Core/DMP/driver/eMPL/inv_mpu.c.obj
                0x080091c8                mpu_write_mem
 .text.mpu_read_mem
                0x0800923c       0x74 CMakeFiles/CAR_ALL_Round.elf.dir/Core/DMP/driver/eMPL/inv_mpu.c.obj
                0x0800923c                mpu_read_mem
 .text.mpu_load_firmware
                0x080092b0       0xb4 CMakeFiles/CAR_ALL_Round.elf.dir/Core/DMP/driver/eMPL/inv_mpu.c.obj
                0x080092b0                mpu_load_firmware
 .text.mpu_set_dmp_state
                0x08009364       0x94 CMakeFiles/CAR_ALL_Round.elf.dir/Core/DMP/driver/eMPL/inv_mpu.c.obj
                0x08009364                mpu_set_dmp_state
 .text.mpu_run_6500_self_test
                0x080093f8      0x1ac CMakeFiles/CAR_ALL_Round.elf.dir/Core/DMP/driver/eMPL/inv_mpu.c.obj
                0x080093f8                mpu_run_6500_self_test
 .text.mpu_get_compass_reg
                0x080095a4       0xb4 CMakeFiles/CAR_ALL_Round.elf.dir/Core/DMP/driver/eMPL/inv_mpu.c.obj
                0x080095a4                mpu_get_compass_reg
 .text.mpu_get_compass_fsr
                0x08009658       0x10 CMakeFiles/CAR_ALL_Round.elf.dir/Core/DMP/driver/eMPL/inv_mpu.c.obj
                0x08009658                mpu_get_compass_fsr
 .text.run_self_test
                0x08009668       0x8a CMakeFiles/CAR_ALL_Round.elf.dir/Core/DMP/driver/eMPL/inv_mpu.c.obj
                0x08009668                run_self_test
 .text.mget_ms  0x080096f2        0x2 CMakeFiles/CAR_ALL_Round.elf.dir/Core/DMP/driver/eMPL/inv_mpu.c.obj
                0x080096f2                mget_ms
 .text.mpu_dmp_init
                0x080096f4      0x168 CMakeFiles/CAR_ALL_Round.elf.dir/Core/DMP/driver/eMPL/inv_mpu.c.obj
                0x080096f4                mpu_dmp_init
 .text.mpu_mpl_get_data
                0x0800985c       0xec CMakeFiles/CAR_ALL_Round.elf.dir/Core/DMP/driver/eMPL/inv_mpu.c.obj
                0x0800985c                mpu_mpl_get_data
 .text.decode_gesture
                0x08009948       0x3c CMakeFiles/CAR_ALL_Round.elf.dir/Core/DMP/driver/eMPL/inv_mpu_dmp_motion_driver.c.obj
 .text.dmp_load_motion_driver_firmware
                0x08009984       0x18 CMakeFiles/CAR_ALL_Round.elf.dir/Core/DMP/driver/eMPL/inv_mpu_dmp_motion_driver.c.obj
                0x08009984                dmp_load_motion_driver_firmware
 .text.dmp_set_orientation
                0x0800999c      0x14c CMakeFiles/CAR_ALL_Round.elf.dir/Core/DMP/driver/eMPL/inv_mpu_dmp_motion_driver.c.obj
                0x0800999c                dmp_set_orientation
 .text.dmp_set_gyro_bias
                0x08009ae8      0x110 CMakeFiles/CAR_ALL_Round.elf.dir/Core/DMP/driver/eMPL/inv_mpu_dmp_motion_driver.c.obj
                0x08009ae8                dmp_set_gyro_bias
 .text.dmp_set_accel_bias
                0x08009bf8       0xf4 CMakeFiles/CAR_ALL_Round.elf.dir/Core/DMP/driver/eMPL/inv_mpu_dmp_motion_driver.c.obj
                0x08009bf8                dmp_set_accel_bias
 .text.dmp_set_fifo_rate
                0x08009cec       0x68 CMakeFiles/CAR_ALL_Round.elf.dir/Core/DMP/driver/eMPL/inv_mpu_dmp_motion_driver.c.obj
                0x08009cec                dmp_set_fifo_rate
 .text.dmp_set_tap_thresh
                0x08009d54      0x1a0 CMakeFiles/CAR_ALL_Round.elf.dir/Core/DMP/driver/eMPL/inv_mpu_dmp_motion_driver.c.obj
                0x08009d54                dmp_set_tap_thresh
 .text.dmp_set_tap_axes
                0x08009ef4       0x4e CMakeFiles/CAR_ALL_Round.elf.dir/Core/DMP/driver/eMPL/inv_mpu_dmp_motion_driver.c.obj
                0x08009ef4                dmp_set_tap_axes
 .text.dmp_set_tap_count
                0x08009f42       0x2c CMakeFiles/CAR_ALL_Round.elf.dir/Core/DMP/driver/eMPL/inv_mpu_dmp_motion_driver.c.obj
                0x08009f42                dmp_set_tap_count
 *fill*         0x08009f6e        0x2 
 .text.dmp_set_tap_time
                0x08009f70       0x30 CMakeFiles/CAR_ALL_Round.elf.dir/Core/DMP/driver/eMPL/inv_mpu_dmp_motion_driver.c.obj
                0x08009f70                dmp_set_tap_time
 .text.dmp_set_tap_time_multi
                0x08009fa0       0x30 CMakeFiles/CAR_ALL_Round.elf.dir/Core/DMP/driver/eMPL/inv_mpu_dmp_motion_driver.c.obj
                0x08009fa0                dmp_set_tap_time_multi
 .text.dmp_set_shake_reject_thresh
                0x08009fd0       0x44 CMakeFiles/CAR_ALL_Round.elf.dir/Core/DMP/driver/eMPL/inv_mpu_dmp_motion_driver.c.obj
                0x08009fd0                dmp_set_shake_reject_thresh
 .text.dmp_set_shake_reject_time
                0x0800a014       0x2c CMakeFiles/CAR_ALL_Round.elf.dir/Core/DMP/driver/eMPL/inv_mpu_dmp_motion_driver.c.obj
                0x0800a014                dmp_set_shake_reject_time
 .text.dmp_set_shake_reject_timeout
                0x0800a040       0x2c CMakeFiles/CAR_ALL_Round.elf.dir/Core/DMP/driver/eMPL/inv_mpu_dmp_motion_driver.c.obj
                0x0800a040                dmp_set_shake_reject_timeout
 .text.dmp_enable_gyro_cal
                0x0800a06c       0x44 CMakeFiles/CAR_ALL_Round.elf.dir/Core/DMP/driver/eMPL/inv_mpu_dmp_motion_driver.c.obj
                0x0800a06c                dmp_enable_gyro_cal
 .text.dmp_enable_lp_quat
                0x0800a0b0       0x3c CMakeFiles/CAR_ALL_Round.elf.dir/Core/DMP/driver/eMPL/inv_mpu_dmp_motion_driver.c.obj
                0x0800a0b0                dmp_enable_lp_quat
 .text.dmp_enable_6x_lp_quat
                0x0800a0ec       0x3c CMakeFiles/CAR_ALL_Round.elf.dir/Core/DMP/driver/eMPL/inv_mpu_dmp_motion_driver.c.obj
                0x0800a0ec                dmp_enable_6x_lp_quat
 .text.dmp_enable_feature
                0x0800a128      0x218 CMakeFiles/CAR_ALL_Round.elf.dir/Core/DMP/driver/eMPL/inv_mpu_dmp_motion_driver.c.obj
                0x0800a128                dmp_enable_feature
 .text.dmp_read_fifo
                0x0800a340      0x1f4 CMakeFiles/CAR_ALL_Round.elf.dir/Core/DMP/driver/eMPL/inv_mpu_dmp_motion_driver.c.obj
                0x0800a340                dmp_read_fifo
 .text._MLPrintLog
                0x0800a534       0xac CMakeFiles/CAR_ALL_Round.elf.dir/Core/DMP/driver/stm32L/log_stm32.c.obj
                0x0800a534                _MLPrintLog
 .text.inv_start_eMPL_outputs
                0x0800a5e0       0x14 CMakeFiles/CAR_ALL_Round.elf.dir/Core/DMP/eMPL-hal/eMPL_outputs.c.obj
 .text.inv_generate_eMPL_outputs
                0x0800a5f4       0xb8 CMakeFiles/CAR_ALL_Round.elf.dir/Core/DMP/eMPL-hal/eMPL_outputs.c.obj
 .text.inv_init_eMPL_outputs
                0x0800a6ac       0x14 CMakeFiles/CAR_ALL_Round.elf.dir/Core/DMP/eMPL-hal/eMPL_outputs.c.obj
 .text.inv_get_sensor_type_euler
                0x0800a6c0      0x1c8 CMakeFiles/CAR_ALL_Round.elf.dir/Core/DMP/eMPL-hal/eMPL_outputs.c.obj
                0x0800a6c0                inv_get_sensor_type_euler
 .text.inv_enable_eMPL_outputs
                0x0800a888       0x18 CMakeFiles/CAR_ALL_Round.elf.dir/Core/DMP/eMPL-hal/eMPL_outputs.c.obj
                0x0800a888                inv_enable_eMPL_outputs
 .text.inv_set_contiguous
                0x0800a8a0       0xa4 CMakeFiles/CAR_ALL_Round.elf.dir/Core/DMP/mllite/data_builder.c.obj
 .text.inv_db_save_func
                0x0800a944       0x14 CMakeFiles/CAR_ALL_Round.elf.dir/Core/DMP/mllite/data_builder.c.obj
 .text.inv_db_load_func
                0x0800a958       0x40 CMakeFiles/CAR_ALL_Round.elf.dir/Core/DMP/mllite/data_builder.c.obj
 .text.set_sensor_orientation_and_scale
                0x0800a998        0x6 CMakeFiles/CAR_ALL_Round.elf.dir/Core/DMP/mllite/data_builder.c.obj
                0x0800a998                set_sensor_orientation_and_scale
 *fill*         0x0800a99e        0x2 
 .text.inv_set_gyro_orientation_and_scale
                0x0800a9a0       0x14 CMakeFiles/CAR_ALL_Round.elf.dir/Core/DMP/mllite/data_builder.c.obj
                0x0800a9a0                inv_set_gyro_orientation_and_scale
 .text.inv_set_gyro_sample_rate
                0x0800a9b4       0x30 CMakeFiles/CAR_ALL_Round.elf.dir/Core/DMP/mllite/data_builder.c.obj
                0x0800a9b4                inv_set_gyro_sample_rate
 .text.inv_set_accel_sample_rate
                0x0800a9e4       0x34 CMakeFiles/CAR_ALL_Round.elf.dir/Core/DMP/mllite/data_builder.c.obj
                0x0800a9e4                inv_set_accel_sample_rate
 .text.inv_set_compass_sample_rate
                0x0800aa18       0x38 CMakeFiles/CAR_ALL_Round.elf.dir/Core/DMP/mllite/data_builder.c.obj
                0x0800aa18                inv_set_compass_sample_rate
 .text.inv_get_compass_on
                0x0800aa50       0x10 CMakeFiles/CAR_ALL_Round.elf.dir/Core/DMP/mllite/data_builder.c.obj
                0x0800aa50                inv_get_compass_on
 .text.inv_get_gyro_on
                0x0800aa60       0x10 CMakeFiles/CAR_ALL_Round.elf.dir/Core/DMP/mllite/data_builder.c.obj
                0x0800aa60                inv_get_gyro_on
 .text.inv_get_accel_on
                0x0800aa70       0x10 CMakeFiles/CAR_ALL_Round.elf.dir/Core/DMP/mllite/data_builder.c.obj
                0x0800aa70                inv_get_accel_on
 .text.inv_get_last_timestamp
                0x0800aa80       0x5c CMakeFiles/CAR_ALL_Round.elf.dir/Core/DMP/mllite/data_builder.c.obj
                0x0800aa80                inv_get_last_timestamp
 .text.inv_set_accel_orientation_and_scale
                0x0800aadc       0x14 CMakeFiles/CAR_ALL_Round.elf.dir/Core/DMP/mllite/data_builder.c.obj
                0x0800aadc                inv_set_accel_orientation_and_scale
 .text.inv_set_compass_orientation_and_scale
                0x0800aaf0       0x14 CMakeFiles/CAR_ALL_Round.elf.dir/Core/DMP/mllite/data_builder.c.obj
                0x0800aaf0                inv_set_compass_orientation_and_scale
 .text.inv_apply_calibration
                0x0800ab04       0x6a CMakeFiles/CAR_ALL_Round.elf.dir/Core/DMP/mllite/data_builder.c.obj
                0x0800ab04                inv_apply_calibration
 *fill*         0x0800ab6e        0x2 
 .text.inv_get_compass_bias
                0x0800ab70       0x1c CMakeFiles/CAR_ALL_Round.elf.dir/Core/DMP/mllite/data_builder.c.obj
                0x0800ab70                inv_get_compass_bias
 .text.inv_set_compass_bias
                0x0800ab8c       0x50 CMakeFiles/CAR_ALL_Round.elf.dir/Core/DMP/mllite/data_builder.c.obj
                0x0800ab8c                inv_set_compass_bias
 .text.inv_set_compass_disturbance
                0x0800abdc        0xc CMakeFiles/CAR_ALL_Round.elf.dir/Core/DMP/mllite/data_builder.c.obj
                0x0800abdc                inv_set_compass_disturbance
 .text.inv_set_accel_accuracy
                0x0800abe8       0x20 CMakeFiles/CAR_ALL_Round.elf.dir/Core/DMP/mllite/data_builder.c.obj
                0x0800abe8                inv_set_accel_accuracy
 .text.inv_set_accel_bias_mask
                0x0800ac08       0x60 CMakeFiles/CAR_ALL_Round.elf.dir/Core/DMP/mllite/data_builder.c.obj
                0x0800ac08                inv_set_accel_bias_mask
 .text.inv_set_gyro_bias
                0x0800ac68       0x6c CMakeFiles/CAR_ALL_Round.elf.dir/Core/DMP/mllite/data_builder.c.obj
                0x0800ac68                inv_set_gyro_bias
 .text.inv_get_gyro_bias_tc_set
                0x0800acd4       0x1c CMakeFiles/CAR_ALL_Round.elf.dir/Core/DMP/mllite/data_builder.c.obj
                0x0800acd4                inv_get_gyro_bias_tc_set
 .text.inv_get_gyro_bias
                0x0800acf0       0x3c CMakeFiles/CAR_ALL_Round.elf.dir/Core/DMP/mllite/data_builder.c.obj
                0x0800acf0                inv_get_gyro_bias
 .text.inv_build_accel
                0x0800ad2c       0x7c CMakeFiles/CAR_ALL_Round.elf.dir/Core/DMP/mllite/data_builder.c.obj
                0x0800ad2c                inv_build_accel
 .text.inv_build_gyro
                0x0800ada8       0x30 CMakeFiles/CAR_ALL_Round.elf.dir/Core/DMP/mllite/data_builder.c.obj
                0x0800ada8                inv_build_gyro
 .text.inv_build_temp
                0x0800add8       0x28 CMakeFiles/CAR_ALL_Round.elf.dir/Core/DMP/mllite/data_builder.c.obj
                0x0800add8                inv_build_temp
 .text.inv_register_data_cb
                0x0800ae00       0xbc CMakeFiles/CAR_ALL_Round.elf.dir/Core/DMP/mllite/data_builder.c.obj
                0x0800ae00                inv_register_data_cb
 .text.inv_unregister_data_cb
                0x0800aebc       0x5c CMakeFiles/CAR_ALL_Round.elf.dir/Core/DMP/mllite/data_builder.c.obj
                0x0800aebc                inv_unregister_data_cb
 .text.inv_execute_on_data
                0x0800af18       0x98 CMakeFiles/CAR_ALL_Round.elf.dir/Core/DMP/mllite/data_builder.c.obj
                0x0800af18                inv_execute_on_data
 .text.inv_get_accel_set
                0x0800afb0       0x38 CMakeFiles/CAR_ALL_Round.elf.dir/Core/DMP/mllite/data_builder.c.obj
                0x0800afb0                inv_get_accel_set
 .text.inv_get_gyro
                0x0800afe8       0x18 CMakeFiles/CAR_ALL_Round.elf.dir/Core/DMP/mllite/data_builder.c.obj
                0x0800afe8                inv_get_gyro
 .text.inv_get_gyro_accuracy
                0x0800b000        0xc CMakeFiles/CAR_ALL_Round.elf.dir/Core/DMP/mllite/data_builder.c.obj
                0x0800b000                inv_get_gyro_accuracy
 .text.inv_get_mag_accuracy
                0x0800b00c       0x1c CMakeFiles/CAR_ALL_Round.elf.dir/Core/DMP/mllite/data_builder.c.obj
                0x0800b00c                inv_get_mag_accuracy
 .text.inv_get_accel_accuracy
                0x0800b028        0xc CMakeFiles/CAR_ALL_Round.elf.dir/Core/DMP/mllite/data_builder.c.obj
                0x0800b028                inv_get_accel_accuracy
 .text.inv_get_compass_soft_iron_output_data
                0x0800b034       0x20 CMakeFiles/CAR_ALL_Round.elf.dir/Core/DMP/mllite/data_builder.c.obj
                0x0800b034                inv_get_compass_soft_iron_output_data
 .text.inv_set_compass_soft_iron_input_data
                0x0800b054       0x58 CMakeFiles/CAR_ALL_Round.elf.dir/Core/DMP/mllite/data_builder.c.obj
                0x0800b054                inv_set_compass_soft_iron_input_data
 .text.inv_build_compass
                0x0800b0ac       0xa4 CMakeFiles/CAR_ALL_Round.elf.dir/Core/DMP/mllite/data_builder.c.obj
                0x0800b0ac                inv_build_compass
 .text.inv_disable_compass_soft_iron_matrix
                0x0800b150       0x10 CMakeFiles/CAR_ALL_Round.elf.dir/Core/DMP/mllite/data_builder.c.obj
                0x0800b150                inv_disable_compass_soft_iron_matrix
 .text.inv_reset_compass_soft_iron_matrix
                0x0800b160       0x5c CMakeFiles/CAR_ALL_Round.elf.dir/Core/DMP/mllite/data_builder.c.obj
                0x0800b160                inv_reset_compass_soft_iron_matrix
 .text.inv_init_data_builder
                0x0800b1bc       0x40 CMakeFiles/CAR_ALL_Round.elf.dir/Core/DMP/mllite/data_builder.c.obj
                0x0800b1bc                inv_init_data_builder
 .text.inv_get_sensor_type_gravity
                0x0800b1fc       0x58 CMakeFiles/CAR_ALL_Round.elf.dir/Core/DMP/mllite/hal_outputs.c.obj
                0x0800b1fc                inv_get_sensor_type_gravity
 .text.inv_set_message
                0x0800b254       0x18 CMakeFiles/CAR_ALL_Round.elf.dir/Core/DMP/mllite/message_layer.c.obj
                0x0800b254                inv_set_message
 .text.inv_row_2_scale
                0x0800b26c       0x3a CMakeFiles/CAR_ALL_Round.elf.dir/Core/DMP/mllite/ml_math_func.c.obj
 .text.inv_get_gyro_sum_of_sqr
                0x0800b2a6       0x1a CMakeFiles/CAR_ALL_Round.elf.dir/Core/DMP/mllite/ml_math_func.c.obj
                0x0800b2a6                inv_get_gyro_sum_of_sqr
 .text.inv_q29_mult
                0x0800b2c0       0x1a CMakeFiles/CAR_ALL_Round.elf.dir/Core/DMP/mllite/ml_math_func.c.obj
                0x0800b2c0                inv_q29_mult
 .text.inv_q30_mult
                0x0800b2da       0x1a CMakeFiles/CAR_ALL_Round.elf.dir/Core/DMP/mllite/ml_math_func.c.obj
                0x0800b2da                inv_q30_mult
 .text.inv_q_mult
                0x0800b2f4       0xb2 CMakeFiles/CAR_ALL_Round.elf.dir/Core/DMP/mllite/ml_math_func.c.obj
                0x0800b2f4                inv_q_mult
 .text.inv_q_add
                0x0800b3a6       0x28 CMakeFiles/CAR_ALL_Round.elf.dir/Core/DMP/mllite/ml_math_func.c.obj
                0x0800b3a6                inv_q_add
 .text.inv_q_invert
                0x0800b3ce       0x18 CMakeFiles/CAR_ALL_Round.elf.dir/Core/DMP/mllite/ml_math_func.c.obj
                0x0800b3ce                inv_q_invert
 .text.inv_compass_angle
                0x0800b3e6       0xbc CMakeFiles/CAR_ALL_Round.elf.dir/Core/DMP/mllite/ml_math_func.c.obj
                0x0800b3e6                inv_compass_angle
 .text.inv_q_rotate
                0x0800b4a2       0x44 CMakeFiles/CAR_ALL_Round.elf.dir/Core/DMP/mllite/ml_math_func.c.obj
                0x0800b4a2                inv_q_rotate
 .text.inv_q_multf
                0x0800b4e6      0x10a CMakeFiles/CAR_ALL_Round.elf.dir/Core/DMP/mllite/ml_math_func.c.obj
                0x0800b4e6                inv_q_multf
 .text.inv_q_addf
                0x0800b5f0       0x32 CMakeFiles/CAR_ALL_Round.elf.dir/Core/DMP/mllite/ml_math_func.c.obj
                0x0800b5f0                inv_q_addf
 .text.inv_q_normalizef
                0x0800b622      0x126 CMakeFiles/CAR_ALL_Round.elf.dir/Core/DMP/mllite/ml_math_func.c.obj
                0x0800b622                inv_q_normalizef
 .text.inv_q_norm4
                0x0800b748       0x8a CMakeFiles/CAR_ALL_Round.elf.dir/Core/DMP/mllite/ml_math_func.c.obj
                0x0800b748                inv_q_norm4
 .text.inv_q_invertf
                0x0800b7d2       0x1e CMakeFiles/CAR_ALL_Round.elf.dir/Core/DMP/mllite/ml_math_func.c.obj
                0x0800b7d2                inv_q_invertf
 .text.inv_quaternion_to_rotation
                0x0800b7f0       0xda CMakeFiles/CAR_ALL_Round.elf.dir/Core/DMP/mllite/ml_math_func.c.obj
                0x0800b7f0                inv_quaternion_to_rotation
 .text.inv_orientation_matrix_to_scalar
                0x0800b8ca       0x24 CMakeFiles/CAR_ALL_Round.elf.dir/Core/DMP/mllite/ml_math_func.c.obj
                0x0800b8ca                inv_orientation_matrix_to_scalar
 .text.inv_convert_to_body_with_scale
                0x0800b8ee       0x72 CMakeFiles/CAR_ALL_Round.elf.dir/Core/DMP/mllite/ml_math_func.c.obj
                0x0800b8ee                inv_convert_to_body_with_scale
 .text.mlMatrixVectorMult
                0x0800b960       0x3c CMakeFiles/CAR_ALL_Round.elf.dir/Core/DMP/mllite/ml_math_func.c.obj
                0x0800b960                mlMatrixVectorMult
 .text.inv_init_mpl
                0x0800b99c       0x8c CMakeFiles/CAR_ALL_Round.elf.dir/Core/DMP/mllite/mpl.c.obj
                0x0800b99c                inv_init_mpl
 .text.inv_start_mpl
                0x0800ba28       0x3c CMakeFiles/CAR_ALL_Round.elf.dir/Core/DMP/mllite/mpl.c.obj
                0x0800ba28                inv_start_mpl
 .text.inv_generate_results
                0x0800ba64       0x10 CMakeFiles/CAR_ALL_Round.elf.dir/Core/DMP/mllite/results_holder.c.obj
                0x0800ba64                inv_generate_results
 .text.inv_start_results_holder
                0x0800ba74       0x18 CMakeFiles/CAR_ALL_Round.elf.dir/Core/DMP/mllite/results_holder.c.obj
                0x0800ba74                inv_start_results_holder
 .text.inv_store_gaming_quaternion
                0x0800ba8c       0x2c CMakeFiles/CAR_ALL_Round.elf.dir/Core/DMP/mllite/results_holder.c.obj
                0x0800ba8c                inv_store_gaming_quaternion
 .text.inv_set_compass_correction
                0x0800bab8       0x2c CMakeFiles/CAR_ALL_Round.elf.dir/Core/DMP/mllite/results_holder.c.obj
                0x0800bab8                inv_set_compass_correction
 .text.inv_get_compass_correction
                0x0800bae4       0x2c CMakeFiles/CAR_ALL_Round.elf.dir/Core/DMP/mllite/results_holder.c.obj
                0x0800bae4                inv_get_compass_correction
 .text.inv_get_large_mag_field
                0x0800bb10        0xc CMakeFiles/CAR_ALL_Round.elf.dir/Core/DMP/mllite/results_holder.c.obj
                0x0800bb10                inv_get_large_mag_field
 .text.inv_get_acc_state
                0x0800bb1c        0xc CMakeFiles/CAR_ALL_Round.elf.dir/Core/DMP/mllite/results_holder.c.obj
                0x0800bb1c                inv_get_acc_state
 .text.inv_get_motion_state
                0x0800bb28       0x10 CMakeFiles/CAR_ALL_Round.elf.dir/Core/DMP/mllite/results_holder.c.obj
                0x0800bb28                inv_get_motion_state
 .text.inv_set_motion_state
                0x0800bb38       0x40 CMakeFiles/CAR_ALL_Round.elf.dir/Core/DMP/mllite/results_holder.c.obj
                0x0800bb38                inv_set_motion_state
 .text.inv_get_local_field
                0x0800bb78       0x18 CMakeFiles/CAR_ALL_Round.elf.dir/Core/DMP/mllite/results_holder.c.obj
                0x0800bb78                inv_get_local_field
 .text.inv_get_gravity
                0x0800bb90       0x54 CMakeFiles/CAR_ALL_Round.elf.dir/Core/DMP/mllite/results_holder.c.obj
                0x0800bb90                inv_get_gravity
 .text.inv_get_6axis_quaternion
                0x0800bbe4       0x24 CMakeFiles/CAR_ALL_Round.elf.dir/Core/DMP/mllite/results_holder.c.obj
                0x0800bbe4                inv_get_6axis_quaternion
 .text.inv_get_quaternion
                0x0800bc08       0x3c CMakeFiles/CAR_ALL_Round.elf.dir/Core/DMP/mllite/results_holder.c.obj
                0x0800bc08                inv_get_quaternion
 .text.inv_get_quaternion_set
                0x0800bc44       0x40 CMakeFiles/CAR_ALL_Round.elf.dir/Core/DMP/mllite/results_holder.c.obj
                0x0800bc44                inv_get_quaternion_set
 .text.inv_init_results_holder
                0x0800bc84       0x30 CMakeFiles/CAR_ALL_Round.elf.dir/Core/DMP/mllite/results_holder.c.obj
                0x0800bc84                inv_init_results_holder
 .text.inv_enable_results_holder
                0x0800bcb4       0x18 CMakeFiles/CAR_ALL_Round.elf.dir/Core/DMP/mllite/results_holder.c.obj
                0x0800bcb4                inv_enable_results_holder
 .text.inv_set_accel_bias_found
                0x0800bccc        0xc CMakeFiles/CAR_ALL_Round.elf.dir/Core/DMP/mllite/results_holder.c.obj
                0x0800bccc                inv_set_accel_bias_found
 .text.inv_got_compass_bias
                0x0800bcd8        0xc CMakeFiles/CAR_ALL_Round.elf.dir/Core/DMP/mllite/results_holder.c.obj
                0x0800bcd8                inv_got_compass_bias
 .text.inv_set_compass_bias_found
                0x0800bce4        0xc CMakeFiles/CAR_ALL_Round.elf.dir/Core/DMP/mllite/results_holder.c.obj
                0x0800bce4                inv_set_compass_bias_found
 .text.inv_set_compass_state
                0x0800bcf0        0xc CMakeFiles/CAR_ALL_Round.elf.dir/Core/DMP/mllite/results_holder.c.obj
                0x0800bcf0                inv_set_compass_state
 .text.inv_get_compass_state
                0x0800bcfc        0xc CMakeFiles/CAR_ALL_Round.elf.dir/Core/DMP/mllite/results_holder.c.obj
                0x0800bcfc                inv_get_compass_state
 .text.inv_set_compass_bias_error
                0x0800bd08       0x14 CMakeFiles/CAR_ALL_Round.elf.dir/Core/DMP/mllite/results_holder.c.obj
                0x0800bd08                inv_set_compass_bias_error
 .text.inv_get_linear_accel
                0x0800bd1c       0x3e CMakeFiles/CAR_ALL_Round.elf.dir/Core/DMP/mllite/results_holder.c.obj
                0x0800bd1c                inv_get_linear_accel
 .text.inv_get_linear_accel_float
                0x0800bd5a       0x42 CMakeFiles/CAR_ALL_Round.elf.dir/Core/DMP/mllite/results_holder.c.obj
                0x0800bd5a                inv_get_linear_accel_float
 .text.inv_init_start_manager
                0x0800bd9c       0x14 CMakeFiles/CAR_ALL_Round.elf.dir/Core/DMP/mllite/start_manager.c.obj
                0x0800bd9c                inv_init_start_manager
 .text.inv_unregister_mpl_start_notification
                0x0800bdb0       0x58 CMakeFiles/CAR_ALL_Round.elf.dir/Core/DMP/mllite/start_manager.c.obj
                0x0800bdb0                inv_unregister_mpl_start_notification
 .text.inv_register_mpl_start_notification
                0x0800be08       0x20 CMakeFiles/CAR_ALL_Round.elf.dir/Core/DMP/mllite/start_manager.c.obj
                0x0800be08                inv_register_mpl_start_notification
 .text.inv_execute_mpl_start_notification
                0x0800be28       0x30 CMakeFiles/CAR_ALL_Round.elf.dir/Core/DMP/mllite/start_manager.c.obj
                0x0800be28                inv_execute_mpl_start_notification
 .text.inv_init_storage_manager
                0x0800be58       0x1c CMakeFiles/CAR_ALL_Round.elf.dir/Core/DMP/mllite/storage_manager.c.obj
                0x0800be58                inv_init_storage_manager
 .text.inv_register_load_store
                0x0800be74       0x68 CMakeFiles/CAR_ALL_Round.elf.dir/Core/DMP/mllite/storage_manager.c.obj
                0x0800be74                inv_register_load_store
 .text.MPU_Write_Len
                0x0800bedc       0x28 CMakeFiles/CAR_ALL_Round.elf.dir/Core/MPU9250/mpu9250.c.obj
                0x0800bedc                MPU_Write_Len
 .text.MPU_Read_Len
                0x0800bf04       0x28 CMakeFiles/CAR_ALL_Round.elf.dir/Core/MPU9250/mpu9250.c.obj
                0x0800bf04                MPU_Read_Len
 *fill*         0x0800bf2c        0x4 
 .text.MPU_Get_Temperature
                0x0800bf30       0x60 CMakeFiles/CAR_ALL_Round.elf.dir/Core/MPU9250/mpu9250.c.obj
                0x0800bf30                MPU_Get_Temperature
 .text.MPU_Get_Gyroscope
                0x0800bf90       0x46 CMakeFiles/CAR_ALL_Round.elf.dir/Core/MPU9250/mpu9250.c.obj
                0x0800bf90                MPU_Get_Gyroscope
 .text.MPU_Get_Accelerometer
                0x0800bfd6       0x46 CMakeFiles/CAR_ALL_Round.elf.dir/Core/MPU9250/mpu9250.c.obj
                0x0800bfd6                MPU_Get_Accelerometer
 .text.MX_GPIO_Init
                0x0800c01c      0x110 CMakeFiles/CAR_ALL_Round.elf.dir/Core/Src/gpio.c.obj
                0x0800c01c                MX_GPIO_Init
 .text.MX_I2C1_Init
                0x0800c12c       0x3c CMakeFiles/CAR_ALL_Round.elf.dir/Core/Src/i2c.c.obj
                0x0800c12c                MX_I2C1_Init
 .text.HAL_I2C_MspInit
                0x0800c168       0x70 CMakeFiles/CAR_ALL_Round.elf.dir/Core/Src/i2c.c.obj
                0x0800c168                HAL_I2C_MspInit
 .text.transfer
                0x0800c1d8       0x2c CMakeFiles/CAR_ALL_Round.elf.dir/Core/Src/main.c.obj
                0x0800c1d8                transfer
 .text.HAL_UART_RxCpltCallback
                0x0800c204       0x84 CMakeFiles/CAR_ALL_Round.elf.dir/Core/Src/main.c.obj
                0x0800c204                HAL_UART_RxCpltCallback
 .text.Kinematic_Analysis
                0x0800c288       0xf4 CMakeFiles/CAR_ALL_Round.elf.dir/Core/Src/main.c.obj
                0x0800c288                Kinematic_Analysis
 .text.HAL_TIM_PeriodElapsedCallback
                0x0800c37c      0x3c8 CMakeFiles/CAR_ALL_Round.elf.dir/Core/Src/main.c.obj
                0x0800c37c                HAL_TIM_PeriodElapsedCallback
 .text.Error_Handler
                0x0800c744        0x4 CMakeFiles/CAR_ALL_Round.elf.dir/Core/Src/main.c.obj
                0x0800c744                Error_Handler
 .text.SystemClock_Config
                0x0800c748       0xa4 CMakeFiles/CAR_ALL_Round.elf.dir/Core/Src/main.c.obj
                0x0800c748                SystemClock_Config
 .text.main     0x0800c7ec      0x1a4 CMakeFiles/CAR_ALL_Round.elf.dir/Core/Src/main.c.obj
                0x0800c7ec                main
 .text.HAL_MspInit
                0x0800c990       0x38 CMakeFiles/CAR_ALL_Round.elf.dir/Core/Src/stm32f4xx_hal_msp.c.obj
                0x0800c990                HAL_MspInit
 .text.NMI_Handler
                0x0800c9c8        0x2 CMakeFiles/CAR_ALL_Round.elf.dir/Core/Src/stm32f4xx_it.c.obj
                0x0800c9c8                NMI_Handler
 .text.HardFault_Handler
                0x0800c9ca        0x2 CMakeFiles/CAR_ALL_Round.elf.dir/Core/Src/stm32f4xx_it.c.obj
                0x0800c9ca                HardFault_Handler
 .text.MemManage_Handler
                0x0800c9cc        0x2 CMakeFiles/CAR_ALL_Round.elf.dir/Core/Src/stm32f4xx_it.c.obj
                0x0800c9cc                MemManage_Handler
 .text.BusFault_Handler
                0x0800c9ce        0x2 CMakeFiles/CAR_ALL_Round.elf.dir/Core/Src/stm32f4xx_it.c.obj
                0x0800c9ce                BusFault_Handler
 .text.UsageFault_Handler
                0x0800c9d0        0x2 CMakeFiles/CAR_ALL_Round.elf.dir/Core/Src/stm32f4xx_it.c.obj
                0x0800c9d0                UsageFault_Handler
 .text.SVC_Handler
                0x0800c9d2        0x2 CMakeFiles/CAR_ALL_Round.elf.dir/Core/Src/stm32f4xx_it.c.obj
                0x0800c9d2                SVC_Handler
 .text.DebugMon_Handler
                0x0800c9d4        0x2 CMakeFiles/CAR_ALL_Round.elf.dir/Core/Src/stm32f4xx_it.c.obj
                0x0800c9d4                DebugMon_Handler
 .text.PendSV_Handler
                0x0800c9d6        0x2 CMakeFiles/CAR_ALL_Round.elf.dir/Core/Src/stm32f4xx_it.c.obj
                0x0800c9d6                PendSV_Handler
 .text.SysTick_Handler
                0x0800c9d8        0x8 CMakeFiles/CAR_ALL_Round.elf.dir/Core/Src/stm32f4xx_it.c.obj
                0x0800c9d8                SysTick_Handler
 .text.TIM1_UP_TIM10_IRQHandler
                0x0800c9e0       0x18 CMakeFiles/CAR_ALL_Round.elf.dir/Core/Src/stm32f4xx_it.c.obj
                0x0800c9e0                TIM1_UP_TIM10_IRQHandler
 .text.USART1_IRQHandler
                0x0800c9f8       0x10 CMakeFiles/CAR_ALL_Round.elf.dir/Core/Src/stm32f4xx_it.c.obj
                0x0800c9f8                USART1_IRQHandler
 .text._getpid  0x0800ca08        0x4 CMakeFiles/CAR_ALL_Round.elf.dir/Core/Src/syscalls.c.obj
                0x0800ca08                _getpid
 .text._kill    0x0800ca0c       0x10 CMakeFiles/CAR_ALL_Round.elf.dir/Core/Src/syscalls.c.obj
                0x0800ca0c                _kill
 .text._exit    0x0800ca1c        0xc CMakeFiles/CAR_ALL_Round.elf.dir/Core/Src/syscalls.c.obj
                0x0800ca1c                _exit
 .text._sbrk    0x0800ca28       0x48 CMakeFiles/CAR_ALL_Round.elf.dir/Core/Src/sysmem.c.obj
                0x0800ca28                _sbrk
 .text.SystemInit
                0x0800ca70        0x2 CMakeFiles/CAR_ALL_Round.elf.dir/Core/Src/system_stm32f4xx.c.obj
                0x0800ca70                SystemInit
 *fill*         0x0800ca72        0x2 
 .text.MX_TIM1_Init
                0x0800ca74       0x68 CMakeFiles/CAR_ALL_Round.elf.dir/Core/Src/tim.c.obj
                0x0800ca74                MX_TIM1_Init
 .text.MX_TIM2_Init
                0x0800cadc       0x64 CMakeFiles/CAR_ALL_Round.elf.dir/Core/Src/tim.c.obj
                0x0800cadc                MX_TIM2_Init
 .text.MX_TIM3_Init
                0x0800cb40       0x64 CMakeFiles/CAR_ALL_Round.elf.dir/Core/Src/tim.c.obj
                0x0800cb40                MX_TIM3_Init
 .text.MX_TIM4_Init
                0x0800cba4       0x64 CMakeFiles/CAR_ALL_Round.elf.dir/Core/Src/tim.c.obj
                0x0800cba4                MX_TIM4_Init
 .text.MX_TIM9_Init
                0x0800cc08       0x58 CMakeFiles/CAR_ALL_Round.elf.dir/Core/Src/tim.c.obj
                0x0800cc08                MX_TIM9_Init
 .text.MX_TIM10_Init
                0x0800cc60       0x34 CMakeFiles/CAR_ALL_Round.elf.dir/Core/Src/tim.c.obj
                0x0800cc60                MX_TIM10_Init
 .text.HAL_TIM_Encoder_MspInit
                0x0800cc94      0x194 CMakeFiles/CAR_ALL_Round.elf.dir/Core/Src/tim.c.obj
                0x0800cc94                HAL_TIM_Encoder_MspInit
 .text.HAL_TIM_Base_MspInit
                0x0800ce28       0x8c CMakeFiles/CAR_ALL_Round.elf.dir/Core/Src/tim.c.obj
                0x0800ce28                HAL_TIM_Base_MspInit
 .text.HAL_TIM_MspPostInit
                0x0800ceb4       0x68 CMakeFiles/CAR_ALL_Round.elf.dir/Core/Src/tim.c.obj
                0x0800ceb4                HAL_TIM_MspPostInit
 .text.MX_TIM5_Init
                0x0800cf1c       0xec CMakeFiles/CAR_ALL_Round.elf.dir/Core/Src/tim.c.obj
                0x0800cf1c                MX_TIM5_Init
 .text.MX_USART1_UART_Init
                0x0800d008       0x34 CMakeFiles/CAR_ALL_Round.elf.dir/Core/Src/usart.c.obj
                0x0800d008                MX_USART1_UART_Init
 .text.HAL_UART_MspInit
                0x0800d03c       0x80 CMakeFiles/CAR_ALL_Round.elf.dir/Core/Src/usart.c.obj
                0x0800d03c                HAL_UART_MspInit
 .text.Reset_Handler
                0x0800d0bc       0x50 CMakeFiles/CAR_ALL_Round.elf.dir/Core/Startup/startup_stm32f411ceux.s.obj
                0x0800d0bc                Reset_Handler
 .text.Default_Handler
                0x0800d10c        0x2 CMakeFiles/CAR_ALL_Round.elf.dir/Core/Startup/startup_stm32f411ceux.s.obj
                0x0800d10c                RTC_Alarm_IRQHandler
                0x0800d10c                EXTI2_IRQHandler
                0x0800d10c                SPI4_IRQHandler
                0x0800d10c                TIM1_CC_IRQHandler
                0x0800d10c                DMA2_Stream5_IRQHandler
                0x0800d10c                DMA1_Stream5_IRQHandler
                0x0800d10c                PVD_IRQHandler
                0x0800d10c                SDIO_IRQHandler
                0x0800d10c                TAMP_STAMP_IRQHandler
                0x0800d10c                EXTI3_IRQHandler
                0x0800d10c                I2C3_ER_IRQHandler
                0x0800d10c                EXTI0_IRQHandler
                0x0800d10c                I2C2_EV_IRQHandler
                0x0800d10c                DMA1_Stream2_IRQHandler
                0x0800d10c                FPU_IRQHandler
                0x0800d10c                DMA2_Stream2_IRQHandler
                0x0800d10c                SPI1_IRQHandler
                0x0800d10c                TIM1_BRK_TIM9_IRQHandler
                0x0800d10c                DMA2_Stream3_IRQHandler
                0x0800d10c                USART6_IRQHandler
                0x0800d10c                DMA2_Stream0_IRQHandler
                0x0800d10c                TIM4_IRQHandler
                0x0800d10c                I2C1_EV_IRQHandler
                0x0800d10c                DMA1_Stream6_IRQHandler
                0x0800d10c                DMA1_Stream1_IRQHandler
                0x0800d10c                TIM3_IRQHandler
                0x0800d10c                RCC_IRQHandler
                0x0800d10c                Default_Handler
                0x0800d10c                EXTI15_10_IRQHandler
                0x0800d10c                ADC_IRQHandler
                0x0800d10c                DMA1_Stream7_IRQHandler
                0x0800d10c                SPI5_IRQHandler
                0x0800d10c                TIM5_IRQHandler
                0x0800d10c                DMA2_Stream7_IRQHandler
                0x0800d10c                I2C3_EV_IRQHandler
                0x0800d10c                EXTI9_5_IRQHandler
                0x0800d10c                RTC_WKUP_IRQHandler
                0x0800d10c                SPI2_IRQHandler
                0x0800d10c                DMA1_Stream0_IRQHandler
                0x0800d10c                EXTI4_IRQHandler
                0x0800d10c                WWDG_IRQHandler
                0x0800d10c                TIM2_IRQHandler
                0x0800d10c                OTG_FS_WKUP_IRQHandler
                0x0800d10c                TIM1_TRG_COM_TIM11_IRQHandler
                0x0800d10c                EXTI1_IRQHandler
                0x0800d10c                USART2_IRQHandler
                0x0800d10c                I2C2_ER_IRQHandler
                0x0800d10c                DMA2_Stream1_IRQHandler
                0x0800d10c                FLASH_IRQHandler
                0x0800d10c                DMA2_Stream4_IRQHandler
                0x0800d10c                OTG_FS_IRQHandler
                0x0800d10c                SPI3_IRQHandler
                0x0800d10c                DMA1_Stream4_IRQHandler
                0x0800d10c                I2C1_ER_IRQHandler
                0x0800d10c                DMA2_Stream6_IRQHandler
                0x0800d10c                DMA1_Stream3_IRQHandler
 *fill*         0x0800d10e        0x2 
 .text.Motor_Init
                0x0800d110       0xa8 CMakeFiles/CAR_ALL_Round.elf.dir/Core/User/Motor.c.obj
                0x0800d110                Motor_Init
 .text.MotorA_Run
                0x0800d1b8       0x54 CMakeFiles/CAR_ALL_Round.elf.dir/Core/User/Motor.c.obj
                0x0800d1b8                MotorA_Run
 .text.MotorB_Run
                0x0800d20c       0x54 CMakeFiles/CAR_ALL_Round.elf.dir/Core/User/Motor.c.obj
                0x0800d20c                MotorB_Run
 .text.MotorC_Run
                0x0800d260       0x54 CMakeFiles/CAR_ALL_Round.elf.dir/Core/User/Motor.c.obj
                0x0800d260                MotorC_Run
 .text.MotorD_Run
                0x0800d2b4       0x50 CMakeFiles/CAR_ALL_Round.elf.dir/Core/User/Motor.c.obj
                0x0800d2b4                MotorD_Run
 .text.PID_Init
                0x0800d304      0x10c CMakeFiles/CAR_ALL_Round.elf.dir/Core/User/PID.c.obj
                0x0800d304                PID_Init
 .text.Speed_PID_Realize
                0x0800d410      0x160 CMakeFiles/CAR_ALL_Round.elf.dir/Core/User/PID.c.obj
                0x0800d410                Speed_PID_Realize
 .text.Angle_PID_Realize
                0x0800d570      0x120 CMakeFiles/CAR_ALL_Round.elf.dir/Core/User/PID.c.obj
                0x0800d570                Angle_PID_Realize
 .text.Get_Data
                0x0800d690      0x15c CMakeFiles/CAR_ALL_Round.elf.dir/Core/User/PID_Adjust.c.obj
                0x0800d690                Get_Data
 .text.USART_PID_Adjust
                0x0800d7ec       0xe4 CMakeFiles/CAR_ALL_Round.elf.dir/Core/User/PID_Adjust.c.obj
                0x0800d7ec                USART_PID_Adjust
 .text.delay_us
                0x0800d8d0       0x24 CMakeFiles/CAR_ALL_Round.elf.dir/Core/User/PS2.c.obj
                0x0800d8d0                delay_us
 .text.PS2_Cmd  0x0800d8f4       0xac CMakeFiles/CAR_ALL_Round.elf.dir/Core/User/PS2.c.obj
                0x0800d8f4                PS2_Cmd
 .text.PS2_ReadData
                0x0800d9a0       0xdc CMakeFiles/CAR_ALL_Round.elf.dir/Core/User/PS2.c.obj
                0x0800d9a0                PS2_ReadData
 .text.PS2_ClearData
                0x0800da7c       0x18 CMakeFiles/CAR_ALL_Round.elf.dir/Core/User/PS2.c.obj
                0x0800da7c                PS2_ClearData
 .text.PS2_DataKey
                0x0800da94       0x4c CMakeFiles/CAR_ALL_Round.elf.dir/Core/User/PS2.c.obj
                0x0800da94                PS2_DataKey
 .text.PS2_ShortPoll
                0x0800dae0       0x48 CMakeFiles/CAR_ALL_Round.elf.dir/Core/User/PS2.c.obj
                0x0800dae0                PS2_ShortPoll
 .text.PS2_EnterConfing
                0x0800db28       0x60 CMakeFiles/CAR_ALL_Round.elf.dir/Core/User/PS2.c.obj
                0x0800db28                PS2_EnterConfing
 .text.PS2_TurnOnAnalogMode
                0x0800db88       0x5c CMakeFiles/CAR_ALL_Round.elf.dir/Core/User/PS2.c.obj
                0x0800db88                PS2_TurnOnAnalogMode
 .text.PS2_VibrationMode
                0x0800dbe4       0x48 CMakeFiles/CAR_ALL_Round.elf.dir/Core/User/PS2.c.obj
                0x0800dbe4                PS2_VibrationMode
 .text.PS2_ExitConfing
                0x0800dc2c       0x60 CMakeFiles/CAR_ALL_Round.elf.dir/Core/User/PS2.c.obj
                0x0800dc2c                PS2_ExitConfing
 .text.PS2_SetInit
                0x0800dc8c       0x20 CMakeFiles/CAR_ALL_Round.elf.dir/Core/User/PS2.c.obj
                0x0800dc8c                PS2_SetInit
 .text.RetargetInit
                0x0800dcac       0x20 CMakeFiles/CAR_ALL_Round.elf.dir/Core/User/retarget.c.obj
                0x0800dcac                RetargetInit
 .text._isatty  0x0800dccc       0x16 CMakeFiles/CAR_ALL_Round.elf.dir/Core/User/retarget.c.obj
                0x0800dccc                _isatty
 *fill*         0x0800dce2        0x2 
 .text._write   0x0800dce4       0x34 CMakeFiles/CAR_ALL_Round.elf.dir/Core/User/retarget.c.obj
                0x0800dce4                _write
 .text._close   0x0800dd18       0x18 CMakeFiles/CAR_ALL_Round.elf.dir/Core/User/retarget.c.obj
                0x0800dd18                _close
 .text._lseek   0x0800dd30       0x10 CMakeFiles/CAR_ALL_Round.elf.dir/Core/User/retarget.c.obj
                0x0800dd30                _lseek
 .text._read    0x0800dd40       0x30 CMakeFiles/CAR_ALL_Round.elf.dir/Core/User/retarget.c.obj
                0x0800dd40                _read
 .text._fstat   0x0800dd70       0x1a CMakeFiles/CAR_ALL_Round.elf.dir/Core/User/retarget.c.obj
                0x0800dd70                _fstat
 *fill*         0x0800dd8a        0x2 
 .text.HAL_InitTick
                0x0800dd8c       0x4c CMakeFiles/CAR_ALL_Round.elf.dir/Drivers/STM32F4xx_HAL_Driver/Src/stm32f4xx_hal.c.obj
                0x0800dd8c                HAL_InitTick
 .text.HAL_Init
                0x0800ddd8       0x34 CMakeFiles/CAR_ALL_Round.elf.dir/Drivers/STM32F4xx_HAL_Driver/Src/stm32f4xx_hal.c.obj
                0x0800ddd8                HAL_Init
 .text.HAL_IncTick
                0x0800de0c       0x18 CMakeFiles/CAR_ALL_Round.elf.dir/Drivers/STM32F4xx_HAL_Driver/Src/stm32f4xx_hal.c.obj
                0x0800de0c                HAL_IncTick
 .text.HAL_GetTick
                0x0800de24        0xc CMakeFiles/CAR_ALL_Round.elf.dir/Drivers/STM32F4xx_HAL_Driver/Src/stm32f4xx_hal.c.obj
                0x0800de24                HAL_GetTick
 .text.HAL_Delay
                0x0800de30       0x28 CMakeFiles/CAR_ALL_Round.elf.dir/Drivers/STM32F4xx_HAL_Driver/Src/stm32f4xx_hal.c.obj
                0x0800de30                HAL_Delay
 .text.HAL_NVIC_SetPriorityGrouping
                0x0800de58       0x24 CMakeFiles/CAR_ALL_Round.elf.dir/Drivers/STM32F4xx_HAL_Driver/Src/stm32f4xx_hal_cortex.c.obj
                0x0800de58                HAL_NVIC_SetPriorityGrouping
 .text.HAL_NVIC_SetPriority
                0x0800de7c       0x70 CMakeFiles/CAR_ALL_Round.elf.dir/Drivers/STM32F4xx_HAL_Driver/Src/stm32f4xx_hal_cortex.c.obj
                0x0800de7c                HAL_NVIC_SetPriority
 .text.HAL_NVIC_EnableIRQ
                0x0800deec       0x1c CMakeFiles/CAR_ALL_Round.elf.dir/Drivers/STM32F4xx_HAL_Driver/Src/stm32f4xx_hal_cortex.c.obj
                0x0800deec                HAL_NVIC_EnableIRQ
 .text.HAL_SYSTICK_Config
                0x0800df08       0x28 CMakeFiles/CAR_ALL_Round.elf.dir/Drivers/STM32F4xx_HAL_Driver/Src/stm32f4xx_hal_cortex.c.obj
                0x0800df08                HAL_SYSTICK_Config
 .text.HAL_DMA_Abort
                0x0800df30       0x94 CMakeFiles/CAR_ALL_Round.elf.dir/Drivers/STM32F4xx_HAL_Driver/Src/stm32f4xx_hal_dma.c.obj
                0x0800df30                HAL_DMA_Abort
 .text.HAL_DMA_Abort_IT
                0x0800dfc4       0x26 CMakeFiles/CAR_ALL_Round.elf.dir/Drivers/STM32F4xx_HAL_Driver/Src/stm32f4xx_hal_dma.c.obj
                0x0800dfc4                HAL_DMA_Abort_IT
 *fill*         0x0800dfea        0x2 
 .text.HAL_GPIO_Init
                0x0800dfec      0x1c0 CMakeFiles/CAR_ALL_Round.elf.dir/Drivers/STM32F4xx_HAL_Driver/Src/stm32f4xx_hal_gpio.c.obj
                0x0800dfec                HAL_GPIO_Init
 .text.HAL_GPIO_ReadPin
                0x0800e1ac        0xe CMakeFiles/CAR_ALL_Round.elf.dir/Drivers/STM32F4xx_HAL_Driver/Src/stm32f4xx_hal_gpio.c.obj
                0x0800e1ac                HAL_GPIO_ReadPin
 .text.HAL_GPIO_WritePin
                0x0800e1ba        0xc CMakeFiles/CAR_ALL_Round.elf.dir/Drivers/STM32F4xx_HAL_Driver/Src/stm32f4xx_hal_gpio.c.obj
                0x0800e1ba                HAL_GPIO_WritePin
 .text.HAL_GPIO_TogglePin
                0x0800e1c6       0x12 CMakeFiles/CAR_ALL_Round.elf.dir/Drivers/STM32F4xx_HAL_Driver/Src/stm32f4xx_hal_gpio.c.obj
                0x0800e1c6                HAL_GPIO_TogglePin
 .text.I2C_IsAcknowledgeFailed
                0x0800e1d8       0x32 CMakeFiles/CAR_ALL_Round.elf.dir/Drivers/STM32F4xx_HAL_Driver/Src/stm32f4xx_hal_i2c.c.obj
 .text.I2C_WaitOnFlagUntilTimeout
                0x0800e20a       0x7c CMakeFiles/CAR_ALL_Round.elf.dir/Drivers/STM32F4xx_HAL_Driver/Src/stm32f4xx_hal_i2c.c.obj
 .text.I2C_WaitOnMasterAddressFlagUntilTimeout
                0x0800e286       0xaa CMakeFiles/CAR_ALL_Round.elf.dir/Drivers/STM32F4xx_HAL_Driver/Src/stm32f4xx_hal_i2c.c.obj
 .text.I2C_WaitOnTXEFlagUntilTimeout
                0x0800e330       0x54 CMakeFiles/CAR_ALL_Round.elf.dir/Drivers/STM32F4xx_HAL_Driver/Src/stm32f4xx_hal_i2c.c.obj
 .text.I2C_RequestMemoryWrite
                0x0800e384       0xd8 CMakeFiles/CAR_ALL_Round.elf.dir/Drivers/STM32F4xx_HAL_Driver/Src/stm32f4xx_hal_i2c.c.obj
 .text.I2C_RequestMemoryRead
                0x0800e45c      0x154 CMakeFiles/CAR_ALL_Round.elf.dir/Drivers/STM32F4xx_HAL_Driver/Src/stm32f4xx_hal_i2c.c.obj
 .text.I2C_WaitOnBTFFlagUntilTimeout
                0x0800e5b0       0x54 CMakeFiles/CAR_ALL_Round.elf.dir/Drivers/STM32F4xx_HAL_Driver/Src/stm32f4xx_hal_i2c.c.obj
 .text.I2C_WaitOnRXNEFlagUntilTimeout
                0x0800e604       0x6a CMakeFiles/CAR_ALL_Round.elf.dir/Drivers/STM32F4xx_HAL_Driver/Src/stm32f4xx_hal_i2c.c.obj
 *fill*         0x0800e66e        0x2 
 .text.HAL_I2C_Init
                0x0800e670      0x1bc CMakeFiles/CAR_ALL_Round.elf.dir/Drivers/STM32F4xx_HAL_Driver/Src/stm32f4xx_hal_i2c.c.obj
                0x0800e670                HAL_I2C_Init
 .text.HAL_I2C_Mem_Write
                0x0800e82c      0x164 CMakeFiles/CAR_ALL_Round.elf.dir/Drivers/STM32F4xx_HAL_Driver/Src/stm32f4xx_hal_i2c.c.obj
                0x0800e82c                HAL_I2C_Mem_Write
 .text.HAL_I2C_Mem_Read
                0x0800e990      0x2e4 CMakeFiles/CAR_ALL_Round.elf.dir/Drivers/STM32F4xx_HAL_Driver/Src/stm32f4xx_hal_i2c.c.obj
                0x0800e990                HAL_I2C_Mem_Read
 .text.HAL_RCC_OscConfig
                0x0800ec74      0x3f8 CMakeFiles/CAR_ALL_Round.elf.dir/Drivers/STM32F4xx_HAL_Driver/Src/stm32f4xx_hal_rcc.c.obj
                0x0800ec74                HAL_RCC_OscConfig
 .text.HAL_RCC_GetSysClockFreq
                0x0800f06c       0xa4 CMakeFiles/CAR_ALL_Round.elf.dir/Drivers/STM32F4xx_HAL_Driver/Src/stm32f4xx_hal_rcc.c.obj
                0x0800f06c                HAL_RCC_GetSysClockFreq
 .text.HAL_RCC_ClockConfig
                0x0800f110      0x160 CMakeFiles/CAR_ALL_Round.elf.dir/Drivers/STM32F4xx_HAL_Driver/Src/stm32f4xx_hal_rcc.c.obj
                0x0800f110                HAL_RCC_ClockConfig
 .text.HAL_RCC_GetHCLKFreq
                0x0800f270        0xc CMakeFiles/CAR_ALL_Round.elf.dir/Drivers/STM32F4xx_HAL_Driver/Src/stm32f4xx_hal_rcc.c.obj
                0x0800f270                HAL_RCC_GetHCLKFreq
 .text.HAL_RCC_GetPCLK1Freq
                0x0800f27c       0x20 CMakeFiles/CAR_ALL_Round.elf.dir/Drivers/STM32F4xx_HAL_Driver/Src/stm32f4xx_hal_rcc.c.obj
                0x0800f27c                HAL_RCC_GetPCLK1Freq
 .text.HAL_RCC_GetPCLK2Freq
                0x0800f29c       0x20 CMakeFiles/CAR_ALL_Round.elf.dir/Drivers/STM32F4xx_HAL_Driver/Src/stm32f4xx_hal_rcc.c.obj
                0x0800f29c                HAL_RCC_GetPCLK2Freq
 .text.TIM_OC1_SetConfig
                0x0800f2bc       0x5c CMakeFiles/CAR_ALL_Round.elf.dir/Drivers/STM32F4xx_HAL_Driver/Src/stm32f4xx_hal_tim.c.obj
 .text.TIM_OC3_SetConfig
                0x0800f318       0x64 CMakeFiles/CAR_ALL_Round.elf.dir/Drivers/STM32F4xx_HAL_Driver/Src/stm32f4xx_hal_tim.c.obj
 .text.TIM_OC4_SetConfig
                0x0800f37c       0x48 CMakeFiles/CAR_ALL_Round.elf.dir/Drivers/STM32F4xx_HAL_Driver/Src/stm32f4xx_hal_tim.c.obj
 .text.TIM_TI1_ConfigInputStage
                0x0800f3c4       0x24 CMakeFiles/CAR_ALL_Round.elf.dir/Drivers/STM32F4xx_HAL_Driver/Src/stm32f4xx_hal_tim.c.obj
 .text.TIM_TI2_ConfigInputStage
                0x0800f3e8       0x26 CMakeFiles/CAR_ALL_Round.elf.dir/Drivers/STM32F4xx_HAL_Driver/Src/stm32f4xx_hal_tim.c.obj
 .text.TIM_ITRx_SetConfig
                0x0800f40e       0x10 CMakeFiles/CAR_ALL_Round.elf.dir/Drivers/STM32F4xx_HAL_Driver/Src/stm32f4xx_hal_tim.c.obj
 *fill*         0x0800f41e        0x2 
 .text.HAL_TIM_Base_Start_IT
                0x0800f420       0x78 CMakeFiles/CAR_ALL_Round.elf.dir/Drivers/STM32F4xx_HAL_Driver/Src/stm32f4xx_hal_tim.c.obj
                0x0800f420                HAL_TIM_Base_Start_IT
 .text.HAL_TIM_PWM_MspInit
                0x0800f498        0x2 CMakeFiles/CAR_ALL_Round.elf.dir/Drivers/STM32F4xx_HAL_Driver/Src/stm32f4xx_hal_tim.c.obj
                0x0800f498                HAL_TIM_PWM_MspInit
 .text.HAL_TIM_OC_DelayElapsedCallback
                0x0800f49a        0x2 CMakeFiles/CAR_ALL_Round.elf.dir/Drivers/STM32F4xx_HAL_Driver/Src/stm32f4xx_hal_tim.c.obj
                0x0800f49a                HAL_TIM_OC_DelayElapsedCallback
 .text.HAL_TIM_IC_CaptureCallback
                0x0800f49c        0x2 CMakeFiles/CAR_ALL_Round.elf.dir/Drivers/STM32F4xx_HAL_Driver/Src/stm32f4xx_hal_tim.c.obj
                0x0800f49c                HAL_TIM_IC_CaptureCallback
 .text.HAL_TIM_PWM_PulseFinishedCallback
                0x0800f49e        0x2 CMakeFiles/CAR_ALL_Round.elf.dir/Drivers/STM32F4xx_HAL_Driver/Src/stm32f4xx_hal_tim.c.obj
                0x0800f49e                HAL_TIM_PWM_PulseFinishedCallback
 .text.HAL_TIM_TriggerCallback
                0x0800f4a0        0x2 CMakeFiles/CAR_ALL_Round.elf.dir/Drivers/STM32F4xx_HAL_Driver/Src/stm32f4xx_hal_tim.c.obj
                0x0800f4a0                HAL_TIM_TriggerCallback
 .text.HAL_TIM_IRQHandler
                0x0800f4a2      0x17a CMakeFiles/CAR_ALL_Round.elf.dir/Drivers/STM32F4xx_HAL_Driver/Src/stm32f4xx_hal_tim.c.obj
                0x0800f4a2                HAL_TIM_IRQHandler
 .text.TIM_Base_SetConfig
                0x0800f61c       0x9c CMakeFiles/CAR_ALL_Round.elf.dir/Drivers/STM32F4xx_HAL_Driver/Src/stm32f4xx_hal_tim.c.obj
                0x0800f61c                TIM_Base_SetConfig
 .text.HAL_TIM_Base_Init
                0x0800f6b8       0x58 CMakeFiles/CAR_ALL_Round.elf.dir/Drivers/STM32F4xx_HAL_Driver/Src/stm32f4xx_hal_tim.c.obj
                0x0800f6b8                HAL_TIM_Base_Init
 .text.HAL_TIM_PWM_Init
                0x0800f710       0x58 CMakeFiles/CAR_ALL_Round.elf.dir/Drivers/STM32F4xx_HAL_Driver/Src/stm32f4xx_hal_tim.c.obj
                0x0800f710                HAL_TIM_PWM_Init
 .text.HAL_TIM_Encoder_Init
                0x0800f768       0xb8 CMakeFiles/CAR_ALL_Round.elf.dir/Drivers/STM32F4xx_HAL_Driver/Src/stm32f4xx_hal_tim.c.obj
                0x0800f768                HAL_TIM_Encoder_Init
 .text.TIM_OC2_SetConfig
                0x0800f820       0x64 CMakeFiles/CAR_ALL_Round.elf.dir/Drivers/STM32F4xx_HAL_Driver/Src/stm32f4xx_hal_tim.c.obj
                0x0800f820                TIM_OC2_SetConfig
 .text.HAL_TIM_PWM_ConfigChannel
                0x0800f884       0xdc CMakeFiles/CAR_ALL_Round.elf.dir/Drivers/STM32F4xx_HAL_Driver/Src/stm32f4xx_hal_tim.c.obj
                0x0800f884                HAL_TIM_PWM_ConfigChannel
 .text.TIM_ETR_SetConfig
                0x0800f960       0x18 CMakeFiles/CAR_ALL_Round.elf.dir/Drivers/STM32F4xx_HAL_Driver/Src/stm32f4xx_hal_tim.c.obj
                0x0800f960                TIM_ETR_SetConfig
 .text.HAL_TIM_ConfigClockSource
                0x0800f978       0xfe CMakeFiles/CAR_ALL_Round.elf.dir/Drivers/STM32F4xx_HAL_Driver/Src/stm32f4xx_hal_tim.c.obj
                0x0800f978                HAL_TIM_ConfigClockSource
 .text.TIM_CCxChannelCmd
                0x0800fa76       0x1e CMakeFiles/CAR_ALL_Round.elf.dir/Drivers/STM32F4xx_HAL_Driver/Src/stm32f4xx_hal_tim.c.obj
                0x0800fa76                TIM_CCxChannelCmd
 .text.HAL_TIM_PWM_Start
                0x0800fa94       0xf0 CMakeFiles/CAR_ALL_Round.elf.dir/Drivers/STM32F4xx_HAL_Driver/Src/stm32f4xx_hal_tim.c.obj
                0x0800fa94                HAL_TIM_PWM_Start
 .text.HAL_TIM_Encoder_Start
                0x0800fb84       0xcc CMakeFiles/CAR_ALL_Round.elf.dir/Drivers/STM32F4xx_HAL_Driver/Src/stm32f4xx_hal_tim.c.obj
                0x0800fb84                HAL_TIM_Encoder_Start
 .text.HAL_TIMEx_MasterConfigSynchronization
                0x0800fc50       0x7c CMakeFiles/CAR_ALL_Round.elf.dir/Drivers/STM32F4xx_HAL_Driver/Src/stm32f4xx_hal_tim_ex.c.obj
                0x0800fc50                HAL_TIMEx_MasterConfigSynchronization
 .text.HAL_TIMEx_CommutCallback
                0x0800fccc        0x2 CMakeFiles/CAR_ALL_Round.elf.dir/Drivers/STM32F4xx_HAL_Driver/Src/stm32f4xx_hal_tim_ex.c.obj
                0x0800fccc                HAL_TIMEx_CommutCallback
 .text.HAL_TIMEx_BreakCallback
                0x0800fcce        0x2 CMakeFiles/CAR_ALL_Round.elf.dir/Drivers/STM32F4xx_HAL_Driver/Src/stm32f4xx_hal_tim_ex.c.obj
                0x0800fcce                HAL_TIMEx_BreakCallback
 .text.UART_EndRxTransfer
                0x0800fcd0       0x5c CMakeFiles/CAR_ALL_Round.elf.dir/Drivers/STM32F4xx_HAL_Driver/Src/stm32f4xx_hal_uart.c.obj
 .text.UART_Transmit_IT
                0x0800fd2c       0x60 CMakeFiles/CAR_ALL_Round.elf.dir/Drivers/STM32F4xx_HAL_Driver/Src/stm32f4xx_hal_uart.c.obj
 .text.UART_SetConfig
                0x0800fd8c      0x110 CMakeFiles/CAR_ALL_Round.elf.dir/Drivers/STM32F4xx_HAL_Driver/Src/stm32f4xx_hal_uart.c.obj
 .text.UART_WaitOnFlagUntilTimeout
                0x0800fe9c       0x88 CMakeFiles/CAR_ALL_Round.elf.dir/Drivers/STM32F4xx_HAL_Driver/Src/stm32f4xx_hal_uart.c.obj
 .text.HAL_UART_Init
                0x0800ff24       0x5e CMakeFiles/CAR_ALL_Round.elf.dir/Drivers/STM32F4xx_HAL_Driver/Src/stm32f4xx_hal_uart.c.obj
                0x0800ff24                HAL_UART_Init
 .text.HAL_UART_Transmit
                0x0800ff82       0xd8 CMakeFiles/CAR_ALL_Round.elf.dir/Drivers/STM32F4xx_HAL_Driver/Src/stm32f4xx_hal_uart.c.obj
                0x0800ff82                HAL_UART_Transmit
 .text.HAL_UART_Receive
                0x0801005a       0xe4 CMakeFiles/CAR_ALL_Round.elf.dir/Drivers/STM32F4xx_HAL_Driver/Src/stm32f4xx_hal_uart.c.obj
                0x0801005a                HAL_UART_Receive
 .text.HAL_UART_TxCpltCallback
                0x0801013e        0x2 CMakeFiles/CAR_ALL_Round.elf.dir/Drivers/STM32F4xx_HAL_Driver/Src/stm32f4xx_hal_uart.c.obj
                0x0801013e                HAL_UART_TxCpltCallback
 .text.UART_EndTransmit_IT
                0x08010140       0x1a CMakeFiles/CAR_ALL_Round.elf.dir/Drivers/STM32F4xx_HAL_Driver/Src/stm32f4xx_hal_uart.c.obj
 .text.HAL_UART_ErrorCallback
                0x0801015a        0x2 CMakeFiles/CAR_ALL_Round.elf.dir/Drivers/STM32F4xx_HAL_Driver/Src/stm32f4xx_hal_uart.c.obj
                0x0801015a                HAL_UART_ErrorCallback
 .text.UART_DMAAbortOnError
                0x0801015c       0x10 CMakeFiles/CAR_ALL_Round.elf.dir/Drivers/STM32F4xx_HAL_Driver/Src/stm32f4xx_hal_uart.c.obj
 .text.HAL_UARTEx_RxEventCallback
                0x0801016c        0x2 CMakeFiles/CAR_ALL_Round.elf.dir/Drivers/STM32F4xx_HAL_Driver/Src/stm32f4xx_hal_uart.c.obj
                0x0801016c                HAL_UARTEx_RxEventCallback
 .text.UART_Receive_IT
                0x0801016e       0xe2 CMakeFiles/CAR_ALL_Round.elf.dir/Drivers/STM32F4xx_HAL_Driver/Src/stm32f4xx_hal_uart.c.obj
 .text.HAL_UART_IRQHandler
                0x08010250      0x280 CMakeFiles/CAR_ALL_Round.elf.dir/Drivers/STM32F4xx_HAL_Driver/Src/stm32f4xx_hal_uart.c.obj
                0x08010250                HAL_UART_IRQHandler
 .text.UART_Start_Receive_IT
                0x080104d0       0x36 CMakeFiles/CAR_ALL_Round.elf.dir/Drivers/STM32F4xx_HAL_Driver/Src/stm32f4xx_hal_uart.c.obj
                0x080104d0                UART_Start_Receive_IT
 .text.HAL_UART_Receive_IT
                0x08010506       0x38 CMakeFiles/CAR_ALL_Round.elf.dir/Drivers/STM32F4xx_HAL_Driver/Src/stm32f4xx_hal_uart.c.obj
                0x08010506                HAL_UART_Receive_IT
 *fill*         0x0801053e        0x2 
 .text.__errno  0x08010540        0xc c:/progra~2/gnuarm~1/102021~1.10/bin/../lib/gcc/arm-none-eabi/10.3.1/../../../../arm-none-eabi/lib/thumb/v7e-m/nofp\libg.a(lib_a-errno.o)
                0x08010540                __errno
 .text.fputc    0x0801054c       0x58 c:/progra~2/gnuarm~1/102021~1.10/bin/../lib/gcc/arm-none-eabi/10.3.1/../../../../arm-none-eabi/lib/thumb/v7e-m/nofp\libg.a(lib_a-fputc.o)
                0x0801054c                fputc
 .text.__libc_init_array
                0x080105a4       0x48 c:/progra~2/gnuarm~1/102021~1.10/bin/../lib/gcc/arm-none-eabi/10.3.1/../../../../arm-none-eabi/lib/thumb/v7e-m/nofp\libg.a(lib_a-init.o)
                0x080105a4                __libc_init_array
 .text.__retarget_lock_init_recursive
                0x080105ec        0x4 c:/progra~2/gnuarm~1/102021~1.10/bin/../lib/gcc/arm-none-eabi/10.3.1/../../../../arm-none-eabi/lib/thumb/v7e-m/nofp\libg.a(lib_a-lock.o)
                0x080105ec                __retarget_lock_init_recursive
 .text.__retarget_lock_close_recursive
                0x080105f0        0x4 c:/progra~2/gnuarm~1/102021~1.10/bin/../lib/gcc/arm-none-eabi/10.3.1/../../../../arm-none-eabi/lib/thumb/v7e-m/nofp\libg.a(lib_a-lock.o)
                0x080105f0                __retarget_lock_close_recursive
 .text.__retarget_lock_acquire_recursive
                0x080105f4        0x4 c:/progra~2/gnuarm~1/102021~1.10/bin/../lib/gcc/arm-none-eabi/10.3.1/../../../../arm-none-eabi/lib/thumb/v7e-m/nofp\libg.a(lib_a-lock.o)
                0x080105f4                __retarget_lock_acquire_recursive
 .text.__retarget_lock_release_recursive
                0x080105f8        0x4 c:/progra~2/gnuarm~1/102021~1.10/bin/../lib/gcc/arm-none-eabi/10.3.1/../../../../arm-none-eabi/lib/thumb/v7e-m/nofp\libg.a(lib_a-lock.o)
                0x080105f8                __retarget_lock_release_recursive
 .text.memcmp   0x080105fc       0x68 c:/progra~2/gnuarm~1/102021~1.10/bin/../lib/gcc/arm-none-eabi/10.3.1/../../../../arm-none-eabi/lib/thumb/v7e-m/nofp\libg.a(lib_a-memcmp.o)
                0x080105fc                memcmp
 .text.memmove  0x08010664       0xf8 c:/progra~2/gnuarm~1/102021~1.10/bin/../lib/gcc/arm-none-eabi/10.3.1/../../../../arm-none-eabi/lib/thumb/v7e-m/nofp\libg.a(lib_a-memmove.o)
                0x08010664                memmove
 .text.memset   0x0801075c       0xa4 c:/progra~2/gnuarm~1/102021~1.10/bin/../lib/gcc/arm-none-eabi/10.3.1/../../../../arm-none-eabi/lib/thumb/v7e-m/nofp\libg.a(lib_a-memset.o)
                0x0801075c                memset
 .text.printf   0x08010800       0x28 c:/progra~2/gnuarm~1/102021~1.10/bin/../lib/gcc/arm-none-eabi/10.3.1/../../../../arm-none-eabi/lib/thumb/v7e-m/nofp\libg.a(lib_a-printf.o)
                0x08010800                printf
 .text._putc_r  0x08010828       0x74 c:/progra~2/gnuarm~1/102021~1.10/bin/../lib/gcc/arm-none-eabi/10.3.1/../../../../arm-none-eabi/lib/thumb/v7e-m/nofp\libg.a(lib_a-putc.o)
                0x08010828                _putc_r
 .text._puts_r  0x0801089c       0x9c c:/progra~2/gnuarm~1/102021~1.10/bin/../lib/gcc/arm-none-eabi/10.3.1/../../../../arm-none-eabi/lib/thumb/v7e-m/nofp\libg.a(lib_a-puts.o)
                0x0801089c                _puts_r
 .text.puts     0x08010938       0x10 c:/progra~2/gnuarm~1/102021~1.10/bin/../lib/gcc/arm-none-eabi/10.3.1/../../../../arm-none-eabi/lib/thumb/v7e-m/nofp\libg.a(lib_a-puts.o)
                0x08010938                puts
 .text.setvbuf  0x08010948      0x1b0 c:/progra~2/gnuarm~1/102021~1.10/bin/../lib/gcc/arm-none-eabi/10.3.1/../../../../arm-none-eabi/lib/thumb/v7e-m/nofp\libg.a(lib_a-setvbuf.o)
                0x08010948                setvbuf
 .text._vfprintf_r
                0x08010af8     0x1ad4 c:/progra~2/gnuarm~1/102021~1.10/bin/../lib/gcc/arm-none-eabi/10.3.1/../../../../arm-none-eabi/lib/thumb/v7e-m/nofp\libg.a(lib_a-vfprintf.o)
                0x08010af8                _vfprintf_r
 .text.__sbprintf
                0x080125cc       0x80 c:/progra~2/gnuarm~1/102021~1.10/bin/../lib/gcc/arm-none-eabi/10.3.1/../../../../arm-none-eabi/lib/thumb/v7e-m/nofp\libg.a(lib_a-vfprintf.o)
 .text.vsprintf
                0x0801264c       0x38 c:/progra~2/gnuarm~1/102021~1.10/bin/../lib/gcc/arm-none-eabi/10.3.1/../../../../arm-none-eabi/lib/thumb/v7e-m/nofp\libg.a(lib_a-vsprintf.o)
                0x0801264c                vsprintf
 .text.__swbuf_r
                0x08012684       0xb0 c:/progra~2/gnuarm~1/102021~1.10/bin/../lib/gcc/arm-none-eabi/10.3.1/../../../../arm-none-eabi/lib/thumb/v7e-m/nofp\libg.a(lib_a-wbuf.o)
                0x08012684                __swbuf_r
 .text.__swsetup_r
                0x08012734       0xd4 c:/progra~2/gnuarm~1/102021~1.10/bin/../lib/gcc/arm-none-eabi/10.3.1/../../../../arm-none-eabi/lib/thumb/v7e-m/nofp\libg.a(lib_a-wsetup.o)
                0x08012734                __swsetup_r
 .text.startup.register_fini
                0x08012808       0x14 c:/progra~2/gnuarm~1/102021~1.10/bin/../lib/gcc/arm-none-eabi/10.3.1/../../../../arm-none-eabi/lib/thumb/v7e-m/nofp\libg.a(lib_a-__call_atexit.o)
 .text.atexit   0x0801281c        0xc c:/progra~2/gnuarm~1/102021~1.10/bin/../lib/gcc/arm-none-eabi/10.3.1/../../../../arm-none-eabi/lib/thumb/v7e-m/nofp\libg.a(lib_a-atexit.o)
                0x0801281c                atexit
 .text.quorem   0x08012828      0x124 c:/progra~2/gnuarm~1/102021~1.10/bin/../lib/gcc/arm-none-eabi/10.3.1/../../../../arm-none-eabi/lib/thumb/v7e-m/nofp\libg.a(lib_a-dtoa.o)
 *fill*         0x0801294c        0x4 
 .text._dtoa_r  0x08012950      0xec4 c:/progra~2/gnuarm~1/102021~1.10/bin/../lib/gcc/arm-none-eabi/10.3.1/../../../../arm-none-eabi/lib/thumb/v7e-m/nofp\libg.a(lib_a-dtoa.o)
                0x08012950                _dtoa_r
 .text.__sflush_r
                0x08013814      0x120 c:/progra~2/gnuarm~1/102021~1.10/bin/../lib/gcc/arm-none-eabi/10.3.1/../../../../arm-none-eabi/lib/thumb/v7e-m/nofp\libg.a(lib_a-fflush.o)
                0x08013814                __sflush_r
 .text._fflush_r
                0x08013934       0x5c c:/progra~2/gnuarm~1/102021~1.10/bin/../lib/gcc/arm-none-eabi/10.3.1/../../../../arm-none-eabi/lib/thumb/v7e-m/nofp\libg.a(lib_a-fflush.o)
                0x08013934                _fflush_r
 .text._cleanup_r
                0x08013990        0xc c:/progra~2/gnuarm~1/102021~1.10/bin/../lib/gcc/arm-none-eabi/10.3.1/../../../../arm-none-eabi/lib/thumb/v7e-m/nofp\libg.a(lib_a-findfp.o)
                0x08013990                _cleanup_r
 .text.__sinit  0x0801399c      0x10c c:/progra~2/gnuarm~1/102021~1.10/bin/../lib/gcc/arm-none-eabi/10.3.1/../../../../arm-none-eabi/lib/thumb/v7e-m/nofp\libg.a(lib_a-findfp.o)
                0x0801399c                __sinit
 .text.__sfp_lock_acquire
                0x08013aa8        0xc c:/progra~2/gnuarm~1/102021~1.10/bin/../lib/gcc/arm-none-eabi/10.3.1/../../../../arm-none-eabi/lib/thumb/v7e-m/nofp\libg.a(lib_a-findfp.o)
                0x08013aa8                __sfp_lock_acquire
 .text.__sfp_lock_release
                0x08013ab4        0xc c:/progra~2/gnuarm~1/102021~1.10/bin/../lib/gcc/arm-none-eabi/10.3.1/../../../../arm-none-eabi/lib/thumb/v7e-m/nofp\libg.a(lib_a-findfp.o)
                0x08013ab4                __sfp_lock_release
 .text.__libc_fini_array
                0x08013ac0       0x2c c:/progra~2/gnuarm~1/102021~1.10/bin/../lib/gcc/arm-none-eabi/10.3.1/../../../../arm-none-eabi/lib/thumb/v7e-m/nofp\libg.a(lib_a-fini.o)
                0x08013ac0                __libc_fini_array
 .text._malloc_trim_r
                0x08013aec       0xa0 c:/progra~2/gnuarm~1/102021~1.10/bin/../lib/gcc/arm-none-eabi/10.3.1/../../../../arm-none-eabi/lib/thumb/v7e-m/nofp\libg.a(lib_a-freer.o)
                0x08013aec                _malloc_trim_r
 .text._free_r  0x08013b8c      0x20c c:/progra~2/gnuarm~1/102021~1.10/bin/../lib/gcc/arm-none-eabi/10.3.1/../../../../arm-none-eabi/lib/thumb/v7e-m/nofp\libg.a(lib_a-freer.o)
                0x08013b8c                _free_r
 .text.__sfvwrite_r
                0x08013d98      0x2e8 c:/progra~2/gnuarm~1/102021~1.10/bin/../lib/gcc/arm-none-eabi/10.3.1/../../../../arm-none-eabi/lib/thumb/v7e-m/nofp\libg.a(lib_a-fvwrite.o)
                0x08013d98                __sfvwrite_r
 .text._fwalk_reent
                0x08014080       0x48 c:/progra~2/gnuarm~1/102021~1.10/bin/../lib/gcc/arm-none-eabi/10.3.1/../../../../arm-none-eabi/lib/thumb/v7e-m/nofp\libg.a(lib_a-fwalk.o)
                0x08014080                _fwalk_reent
 .text._localeconv_r
                0x080140c8        0x8 c:/progra~2/gnuarm~1/102021~1.10/bin/../lib/gcc/arm-none-eabi/10.3.1/../../../../arm-none-eabi/lib/thumb/v7e-m/nofp\libg.a(lib_a-localeconv.o)
                0x080140c8                _localeconv_r
 .text.__smakebuf_r
                0x080140d0       0xe0 c:/progra~2/gnuarm~1/102021~1.10/bin/../lib/gcc/arm-none-eabi/10.3.1/../../../../arm-none-eabi/lib/thumb/v7e-m/nofp\libg.a(lib_a-makebuf.o)
                0x080140d0                __smakebuf_r
 .text.__swhatbuf_r
                0x080141b0       0x60 c:/progra~2/gnuarm~1/102021~1.10/bin/../lib/gcc/arm-none-eabi/10.3.1/../../../../arm-none-eabi/lib/thumb/v7e-m/nofp\libg.a(lib_a-makebuf.o)
                0x080141b0                __swhatbuf_r
 .text.malloc   0x08014210       0x10 c:/progra~2/gnuarm~1/102021~1.10/bin/../lib/gcc/arm-none-eabi/10.3.1/../../../../arm-none-eabi/lib/thumb/v7e-m/nofp\libg.a(lib_a-malloc.o)
                0x08014210                malloc
 .text._malloc_r
                0x08014220      0x560 c:/progra~2/gnuarm~1/102021~1.10/bin/../lib/gcc/arm-none-eabi/10.3.1/../../../../arm-none-eabi/lib/thumb/v7e-m/nofp\libg.a(lib_a-mallocr.o)
                0x08014220                _malloc_r
 .text.__malloc_lock
                0x08014780        0xc c:/progra~2/gnuarm~1/102021~1.10/bin/../lib/gcc/arm-none-eabi/10.3.1/../../../../arm-none-eabi/lib/thumb/v7e-m/nofp\libg.a(lib_a-mlock.o)
                0x08014780                __malloc_lock
 .text.__malloc_unlock
                0x0801478c        0xc c:/progra~2/gnuarm~1/102021~1.10/bin/../lib/gcc/arm-none-eabi/10.3.1/../../../../arm-none-eabi/lib/thumb/v7e-m/nofp\libg.a(lib_a-mlock.o)
                0x0801478c                __malloc_unlock
 .text._Balloc  0x08014798       0x4c c:/progra~2/gnuarm~1/102021~1.10/bin/../lib/gcc/arm-none-eabi/10.3.1/../../../../arm-none-eabi/lib/thumb/v7e-m/nofp\libg.a(lib_a-mprec.o)
                0x08014798                _Balloc
 .text._Bfree   0x080147e4       0x14 c:/progra~2/gnuarm~1/102021~1.10/bin/../lib/gcc/arm-none-eabi/10.3.1/../../../../arm-none-eabi/lib/thumb/v7e-m/nofp\libg.a(lib_a-mprec.o)
                0x080147e4                _Bfree
 .text.__multadd