Archive member included to satisfy reference by file (symbol)

c:/progra~2/gnuarm~1/102021~1.10/bin/../lib/gcc/arm-none-eabi/10.3.1/thumb/v7e-m/nofp\libgcc.a(_arm_muldf3.o)
                              CMakeFiles/CAR_ALL_Round.elf.dir/Core/Src/main.c.obj (__aeabi_dmul)
c:/progra~2/gnuarm~1/102021~1.10/bin/../lib/gcc/arm-none-eabi/10.3.1/thumb/v7e-m/nofp\libgcc.a(_arm_mulsf3.o)
                              CMakeFiles/CAR_ALL_Round.elf.dir/Core/Src/main.c.obj (__aeabi_fmul)
c:/progra~2/gnuarm~1/102021~1.10/bin/../lib/gcc/arm-none-eabi/10.3.1/thumb/v7e-m/nofp\libgcc.a(_arm_addsubdf3.o)
                              CMakeFiles/CAR_ALL_Round.elf.dir/Core/Src/main.c.obj (__aeabi_dsub)
c:/progra~2/gnuarm~1/102021~1.10/bin/../lib/gcc/arm-none-eabi/10.3.1/thumb/v7e-m/nofp\libgcc.a(_arm_muldivdf3.o)
                              CMakeFiles/CAR_ALL_Round.elf.dir/Core/Src/main.c.obj (__aeabi_ddiv)
c:/progra~2/gnuarm~1/102021~1.10/bin/../lib/gcc/arm-none-eabi/10.3.1/thumb/v7e-m/nofp\libgcc.a(_arm_cmpdf2.o)
                              CMakeFiles/CAR_ALL_Round.elf.dir/Core/User/PID.c.obj (__aeabi_dcmplt)
c:/progra~2/gnuarm~1/102021~1.10/bin/../lib/gcc/arm-none-eabi/10.3.1/thumb/v7e-m/nofp\libgcc.a(_arm_truncdfsf2.o)
                              CMakeFiles/CAR_ALL_Round.elf.dir/Core/Src/main.c.obj (__aeabi_d2f)
c:/progra~2/gnuarm~1/102021~1.10/bin/../lib/gcc/arm-none-eabi/10.3.1/thumb/v7e-m/nofp\libgcc.a(_arm_addsubsf3.o)
                              CMakeFiles/CAR_ALL_Round.elf.dir/Core/Src/main.c.obj (__aeabi_fsub)
c:/progra~2/gnuarm~1/102021~1.10/bin/../lib/gcc/arm-none-eabi/10.3.1/thumb/v7e-m/nofp\libgcc.a(_arm_muldivsf3.o)
                              CMakeFiles/CAR_ALL_Round.elf.dir/Core/Src/main.c.obj (__aeabi_fdiv)
c:/progra~2/gnuarm~1/102021~1.10/bin/../lib/gcc/arm-none-eabi/10.3.1/thumb/v7e-m/nofp\libgcc.a(_arm_cmpsf2.o)
                              CMakeFiles/CAR_ALL_Round.elf.dir/Core/User/PID.c.obj (__aeabi_fcmpeq)
c:/progra~2/gnuarm~1/102021~1.10/bin/../lib/gcc/arm-none-eabi/10.3.1/thumb/v7e-m/nofp\libgcc.a(_arm_fixsfsi.o)
                              CMakeFiles/CAR_ALL_Round.elf.dir/Core/Src/main.c.obj (__aeabi_f2iz)
c:/progra~2/gnuarm~1/102021~1.10/bin/../lib/gcc/arm-none-eabi/10.3.1/thumb/v7e-m/nofp\libgcc.a(_aeabi_uldivmod.o)
                              CMakeFiles/CAR_ALL_Round.elf.dir/Drivers/STM32F4xx_HAL_Driver/Src/stm32f4xx_hal_rcc.c.obj (__aeabi_uldivmod)
c:/progra~2/gnuarm~1/102021~1.10/bin/../lib/gcc/arm-none-eabi/10.3.1/thumb/v7e-m/nofp\libgcc.a(_udivmoddi4.o)
                              c:/progra~2/gnuarm~1/102021~1.10/bin/../lib/gcc/arm-none-eabi/10.3.1/thumb/v7e-m/nofp\libgcc.a(_aeabi_uldivmod.o) (__udivmoddi4)
c:/progra~2/gnuarm~1/102021~1.10/bin/../lib/gcc/arm-none-eabi/10.3.1/thumb/v7e-m/nofp\libgcc.a(_dvmd_tls.o)
                              c:/progra~2/gnuarm~1/102021~1.10/bin/../lib/gcc/arm-none-eabi/10.3.1/thumb/v7e-m/nofp\libgcc.a(_aeabi_uldivmod.o) (__aeabi_ldiv0)
c:/progra~2/gnuarm~1/102021~1.10/bin/../lib/gcc/arm-none-eabi/10.3.1/../../../../arm-none-eabi/lib/thumb/v7e-m/nofp\libg.a(lib_a-errno.o)
                              CMakeFiles/CAR_ALL_Round.elf.dir/Core/Src/syscalls.c.obj (__errno)
c:/progra~2/gnuarm~1/102021~1.10/bin/../lib/gcc/arm-none-eabi/10.3.1/../../../../arm-none-eabi/lib/thumb/v7e-m/nofp\libg.a(lib_a-exit.o)
                              c:/progra~2/gnuarm~1/102021~1.10/bin/../lib/gcc/arm-none-eabi/10.3.1/../../../../arm-none-eabi/lib/thumb/v7e-m/nofp/crt0.o (exit)
c:/progra~2/gnuarm~1/102021~1.10/bin/../lib/gcc/arm-none-eabi/10.3.1/../../../../arm-none-eabi/lib/thumb/v7e-m/nofp\libg.a(lib_a-impure.o)
                              c:/progra~2/gnuarm~1/102021~1.10/bin/../lib/gcc/arm-none-eabi/10.3.1/../../../../arm-none-eabi/lib/thumb/v7e-m/nofp\libg.a(lib_a-exit.o) (_global_impure_ptr)
c:/progra~2/gnuarm~1/102021~1.10/bin/../lib/gcc/arm-none-eabi/10.3.1/../../../../arm-none-eabi/lib/thumb/v7e-m/nofp\libg.a(lib_a-init.o)
                              c:/progra~2/gnuarm~1/102021~1.10/bin/../lib/gcc/arm-none-eabi/10.3.1/../../../../arm-none-eabi/lib/thumb/v7e-m/nofp/crt0.o (__libc_init_array)
c:/progra~2/gnuarm~1/102021~1.10/bin/../lib/gcc/arm-none-eabi/10.3.1/../../../../arm-none-eabi/lib/thumb/v7e-m/nofp\libg.a(lib_a-memset.o)
                              c:/progra~2/gnuarm~1/102021~1.10/bin/../lib/gcc/arm-none-eabi/10.3.1/../../../../arm-none-eabi/lib/thumb/v7e-m/nofp/crt0.o (memset)
c:/progra~2/gnuarm~1/102021~1.10/bin/../lib/gcc/arm-none-eabi/10.3.1/../../../../arm-none-eabi/lib/thumb/v7e-m/nofp\libg.a(lib_a-printf.o)
                              CMakeFiles/CAR_ALL_Round.elf.dir/Core/Src/main.c.obj (printf)
c:/progra~2/gnuarm~1/102021~1.10/bin/../lib/gcc/arm-none-eabi/10.3.1/../../../../arm-none-eabi/lib/thumb/v7e-m/nofp\libg.a(lib_a-setvbuf.o)
                              CMakeFiles/CAR_ALL_Round.elf.dir/Core/User/retarget.c.obj (setvbuf)
[...]
Memory Configuration

Name             Origin             Length             Attributes
RAM              0x20000000         0x00020000         xrw
FLASH            0x08000000         0x00080000         xr
*default*        0x00000000         0xffffffff

Linker script and memory map

LOAD c:/progra~2/gnuarm~1/102021~1.10/bin/../lib/gcc/arm-none-eabi/10.3.1/thumb/v7e-m/nofp/crti.o
LOAD c:/progra~2/gnuarm~1/102021~1.10/bin/../lib/gcc/arm-none-eabi/10.3.1/thumb/v7e-m/nofp/crtbegin.o
LOAD c:/progra~2/gnuarm~1/102021~1.10/bin/../lib/gcc/arm-none-eabi/10.3.1/../../../../arm-none-eabi/lib/thumb/v7e-m/nofp/crt0.o
LOAD CMakeFiles/CAR_ALL_Round.elf.dir/Core/Src/adc.c.obj
LOAD CMakeFiles/CAR_ALL_Round.elf.dir/Core/Src/gpio.c.obj
LOAD CMakeFiles/CAR_ALL_Round.elf.dir/Core/Src/i2c.c.obj
LOAD CMakeFiles/CAR_ALL_Round.elf.dir/Core/Src/main.c.obj
LOAD CMakeFiles/CAR_ALL_Round.elf.dir/Core/Src/stm32f4xx_hal_msp.c.obj
LOAD CMakeFiles/CAR_ALL_Round.elf.dir/Core/Src/stm32f4xx_it.c.obj
LOAD CMakeFiles/CAR_ALL_Round.elf.dir/Core/Src/syscalls.c.obj
LOAD CMakeFiles/CAR_ALL_Round.elf.dir/Core/Src/sysmem.c.obj
LOAD CMakeFiles/CAR_ALL_Round.elf.dir/Core/Src/system_stm32f4xx.c.obj
LOAD CMakeFiles/CAR_ALL_Round.elf.dir/Core/Src/tim.c.obj
LOAD CMakeFiles/CAR_ALL_Round.elf.dir/Core/Src/usart.c.obj
LOAD CMakeFiles/CAR_ALL_Round.elf.dir/Core/Startup/startup_stm32f411ceux.s.obj
LOAD CMakeFiles/CAR_ALL_Round.elf.dir/Core/User/Motor.c.obj
LOAD CMakeFiles/CAR_ALL_Round.elf.dir/Core/User/PID.c.obj
LOAD CMakeFiles/CAR_ALL_Round.elf.dir/Core/User/PID_Adjust.c.obj
LOAD CMakeFiles/CAR_ALL_Round.elf.dir/Core/User/PS2.c.obj
LOAD CMakeFiles/CAR_ALL_Round.elf.dir/Core/User/retarget.c.obj
LOAD CMakeFiles/CAR_ALL_Round.elf.dir/Drivers/STM32F4xx_HAL_Driver/Src/stm32f4xx_hal.c.obj
LOAD CMakeFiles/CAR_ALL_Round.elf.dir/Drivers/STM32F4xx_HAL_Driver/Src/stm32f4xx_hal_adc.c.obj
LOAD CMakeFiles/CAR_ALL_Round.elf.dir/Drivers/STM32F4xx_HAL_Driver/Src/stm32f4xx_hal_adc_ex.c.obj
LOAD CMakeFiles/CAR_ALL_Round.elf.dir/Drivers/STM32F4xx_HAL_Driver/Src/stm32f4xx_hal_cortex.c.obj
LOAD CMakeFiles/CAR_ALL_Round.elf.dir/Drivers/STM32F4xx_HAL_Driver/Src/stm32f4xx_hal_dma.c.obj
LOAD CMakeFiles/CAR_ALL_Round.elf.dir/Drivers/STM32F4xx_HAL_Driver/Src/stm32f4xx_hal_dma_ex.c.obj
LOAD CMakeFiles/CAR_ALL_Round.elf.dir/Drivers/STM32F4xx_HAL_Driver/Src/stm32f4xx_hal_exti.c.obj
LOAD CMakeFiles/CAR_ALL_Round.elf.dir/Drivers/STM32F4xx_HAL_Driver/Src/stm32f4xx_hal_flash.c.obj
LOAD CMakeFiles/CAR_ALL_Round.elf.dir/Drivers/STM32F4xx_HAL_Driver/Src/stm32f4xx_hal_flash_ex.c.obj
LOAD CMakeFiles/CAR_ALL_Round.elf.dir/Drivers/STM32F4xx_HAL_Driver/Src/stm32f4xx_hal_flash_ramfunc.c.obj
LOAD CMakeFiles/CAR_ALL_Round.elf.dir/Drivers/STM32F4xx_HAL_Driver/Src/stm32f4xx_hal_gpio.c.obj
LOAD CMakeFiles/CAR_ALL_Round.elf.dir/Drivers/STM32F4xx_HAL_Driver/Src/stm32f4xx_hal_i2c.c.obj
LOAD CMakeFiles/CAR_ALL_Round.elf.dir/Drivers/STM32F4xx_HAL_Driver/Src/stm32f4xx_hal_i2c_ex.c.obj
LOAD CMakeFiles/CAR_ALL_Round.elf.dir/Drivers/STM32F4xx_HAL_Driver/Src/stm32f4xx_hal_pwr.c.obj
LOAD CMakeFiles/CAR_ALL_Round.elf.dir/Drivers/STM32F4xx_HAL_Driver/Src/stm32f4xx_hal_pwr_ex.c.obj
LOAD CMakeFiles/CAR_ALL_Round.elf.dir/Drivers/STM32F4xx_HAL_Driver/Src/stm32f4xx_hal_rcc.c.obj
LOAD CMakeFiles/CAR_ALL_Round.elf.dir/Drivers/STM32F4xx_HAL_Driver/Src/stm32f4xx_hal_rcc_ex.c.obj
LOAD CMakeFiles/CAR_ALL_Round.elf.dir/Drivers/STM32F4xx_HAL_Driver/Src/stm32f4xx_hal_tim.c.obj
LOAD CMakeFiles/CAR_ALL_Round.elf.dir/Drivers/STM32F4xx_HAL_Driver/Src/stm32f4xx_hal_tim_ex.c.obj
LOAD CMakeFiles/CAR_ALL_Round.elf.dir/Drivers/STM32F4xx_HAL_Driver/Src/stm32f4xx_hal_uart.c.obj
LOAD CMakeFiles/CAR_ALL_Round.elf.dir/Drivers/STM32F4xx_HAL_Driver/Src/stm32f4xx_ll_adc.c.obj
START GROUP
LOAD c:/progra~2/gnuarm~1/102021~1.10/bin/../lib/gcc/arm-none-eabi/10.3.1/thumb/v7e-m/nofp\libgcc.a
LOAD c:/progra~2/gnuarm~1/102021~1.10/bin/../lib/gcc/arm-none-eabi/10.3.1/../../../../arm-none-eabi/lib/thumb/v7e-m/nofp\libg.a
LOAD c:/progra~2/gnuarm~1/102021~1.10/bin/../lib/gcc/arm-none-eabi/10.3.1/../../../../arm-none-eabi/lib/thumb/v7e-m/nofp\libc.a
END GROUP
LOAD c:/progra~2/gnuarm~1/102021~1.10/bin/../lib/gcc/arm-none-eabi/10.3.1/thumb/v7e-m/nofp/crtend.o
LOAD c:/progra~2/gnuarm~1/102021~1.10/bin/../lib/gcc/arm-none-eabi/10.3.1/thumb/v7e-m/nofp/crtn.o
                0x20020000                _estack = (ORIGIN (RAM) + LENGTH (RAM))
                0x00000200                _Min_Heap_Size = 0x200
                0x00000400                _Min_Stack_Size = 0x400

.isr_vector     0x08000000      0x198
                0x08000000                . = ALIGN (0x4)
 *(.isr_vector)
 .isr_vector    0x08000000      0x198 CMakeFiles/CAR_ALL_Round.elf.dir/Core/Startup/startup_stm32f411ceux.s.obj
                0x08000000                g_pfnVectors
                0x08000198                . = ALIGN (0x4)

.text           0x080001c0     0xa928
                0x080001c0                . = ALIGN (0x4)
 *(.text)
 .text          0x080001c0       0x40 c:/progra~2/gnuarm~1/102021~1.10/bin/../lib/gcc/arm-none-eabi/10.3.1/thumb/v7e-m/nofp/crtbegin.o
 .text          0x08000200      0x378 c:/progra~2/gnuarm~1/102021~1.10/bin/../lib/gcc/arm-none-eabi/10.3.1/thumb/v7e-m/nofp\libgcc.a(_arm_addsubdf3.o)
                0x08000200                __aeabi_drsub
                0x08000208                __aeabi_dsub
                0x08000208                __subdf3
                0x0800020c                __aeabi_dadd
                0x0800020c                __adddf3
                0x08000484                __floatunsidf
                0x08000484                __aeabi_ui2d
                0x080004a4                __floatsidf
                0x080004a4                __aeabi_i2d
                0x080004c8                __aeabi_f2d
                0x080004c8                __extendsfdf2
                0x0800050c                __floatundidf
                0x0800050c                __aeabi_ul2d
                0x0800051c                __floatdidf
                0x0800051c                __aeabi_l2d
 .text          0x08000578      0x424 c:/progra~2/gnuarm~1/102021~1.10/bin/../lib/gcc/arm-none-eabi/10.3.1/thumb/v7e-m/nofp\libgcc.a(_arm_muldivdf3.o)
                0x08000578                __aeabi_dmul
                0x08000578                __muldf3
                0x080007cc                __divdf3
                0x080007cc                __aeabi_ddiv
 .text          0x0800099c      0x110 c:/progra~2/gnuarm~1/102021~1.10/bin/../lib/gcc/arm-none-eabi/10.3.1/thumb/v7e-m/nofp\libgcc.a(_arm_cmpdf2.o)
                0x0800099c                __gtdf2
                0x0800099c                __gedf2
                0x080009a4                __ltdf2
                0x080009a4                __ledf2
                0x080009ac                __nedf2
                0x080009ac                __eqdf2
                0x080009ac                __cmpdf2
                0x08000a28                __aeabi_cdrcmple
                0x08000a38                __aeabi_cdcmpeq
                0x08000a38                __aeabi_cdcmple
                0x08000a48                __aeabi_dcmpeq
                0x08000a5c                __aeabi_dcmplt
                0x08000a70                __aeabi_dcmple
                0x08000a84                __aeabi_dcmpge
                0x08000a98                __aeabi_dcmpgt
 .text          0x08000aac       0xa0 c:/progra~2/gnuarm~1/102021~1.10/bin/../lib/gcc/arm-none-eabi/10.3.1/thumb/v7e-m/nofp\libgcc.a(_arm_truncdfsf2.o)
                0x08000aac                __truncdfsf2
                0x08000aac                __aeabi_d2f
 .text          0x08000b4c      0x21c c:/progra~2/gnuarm~1/102021~1.10/bin/../lib/gcc/arm-none-eabi/10.3.1/thumb/v7e-m/nofp\libgcc.a(_arm_addsubsf3.o)
                0x08000b4c                __aeabi_frsub
                0x08000b54                __subsf3
                0x08000b54                __aeabi_fsub
                0x08000b58                __aeabi_fadd
                0x08000b58                __addsf3
                0x08000cb8                __aeabi_ui2f
                0x08000cb8                __floatunsisf
                0x08000cc0                __aeabi_i2f
                0x08000cc0                __floatsisf
                0x08000cdc                __aeabi_ul2f
                0x08000cdc                __floatundisf
                0x08000cec                __aeabi_l2f
                0x08000cec                __floatdisf
 .text          0x08000d68      0x2a0 c:/progra~2/gnuarm~1/102021~1.10/bin/../lib/gcc/arm-none-eabi/10.3.1/thumb/v7e-m/nofp\libgcc.a(_arm_muldivsf3.o)
                0x08000d68                __mulsf3
                0x08000d68                __aeabi_fmul
                0x08000ed0                __aeabi_fdiv
                0x08000ed0                __divsf3
 .text          0x08001008       0xec c:/progra~2/gnuarm~1/102021~1.10/bin/../lib/gcc/arm-none-eabi/10.3.1/thumb/v7e-m/nofp\libgcc.a(_arm_cmpsf2.o)
                0x08001008                __gesf2
                0x08001008                __gtsf2
                0x08001010                __lesf2
                0x08001010                __ltsf2
                0x08001018                __nesf2
                0x08001018                __eqsf2
                0x08001018                __cmpsf2
                0x08001078                __aeabi_cfrcmple
                0x08001080                __aeabi_cfcmpeq
                0x08001080                __aeabi_cfcmple
                0x08001090                __aeabi_fcmpeq
                0x080010a4                __aeabi_fcmplt
                0x080010b8                __aeabi_fcmple
                0x080010cc                __aeabi_fcmpge
                0x080010e0                __aeabi_fcmpgt
 .text          0x080010f4       0x4c c:/progra~2/gnuarm~1/102021~1.10/bin/../lib/gcc/arm-none-eabi/10.3.1/thumb/v7e-m/nofp\libgcc.a(_arm_fixsfsi.o)
                0x080010f4                __aeabi_f2iz
                0x080010f4                __fixsfsi
 .text          0x08001140       0x30 c:/progra~2/gnuarm~1/102021~1.10/bin/../lib/gcc/arm-none-eabi/10.3.1/thumb/v7e-m/nofp\libgcc.a(_aeabi_uldivmod.o)
                0x08001140                __aeabi_uldivmod
 .text          0x08001170      0x2d0 c:/progra~2/gnuarm~1/102021~1.10/bin/../lib/gcc/arm-none-eabi/10.3.1/thumb/v7e-m/nofp\libgcc.a(_udivmoddi4.o)
                0x08001170                __udivmoddi4
 .text          0x08001440        0x4 c:/progra~2/gnuarm~1/102021~1.10/bin/../lib/gcc/arm-none-eabi/10.3.1/thumb/v7e-m/nofp\libgcc.a(_dvmd_tls.o)
                0x08001440                __aeabi_idiv0
                0x08001440                __aeabi_ldiv0
 *fill*         0x08001444        0xc 
 .text          0x08001450       0xa0 c:/progra~2/gnuarm~1/102021~1.10/bin/../lib/gcc/arm-none-eabi/10.3.1/../../../../arm-none-eabi/lib/thumb/v7e-m/nofp\libg.a(lib_a-memchr.o)
                0x08001450                memchr
 .text          0x080014f0      0x134 c:/progra~2/gnuarm~1/102021~1.10/bin/../lib/gcc/arm-none-eabi/10.3.1/../../../../arm-none-eabi/lib/thumb/v7e-m/nofp\libg.a(lib_a-memcpy.o)
                0x080014f0                memcpy
 *fill*         0x08001624       0x1c 
 .text          0x08001640       0xdc c:/progra~2/gnuarm~1/102021~1.10/bin/../lib/gcc/arm-none-eabi/10.3.1/../../../../arm-none-eabi/lib/thumb/v7e-m/nofp\libg.a(lib_a-strlen.o)
                0x08001640                strlen
 .text          0x0800171c       0x2c c:/progra~2/gnuarm~1/102021~1.10/bin/../lib/gcc/arm-none-eabi/10.3.1/thumb/v7e-m/nofp\libgcc.a(_arm_unorddf2.o)
                0x0800171c                __unorddf2
                0x0800171c                __aeabi_dcmpun
 .text          0x08001748       0x50 c:/progra~2/gnuarm~1/102021~1.10/bin/../lib/gcc/arm-none-eabi/10.3.1/thumb/v7e-m/nofp\libgcc.a(_arm_fixdfsi.o)
                0x08001748                __aeabi_d2iz
                0x08001748                __fixdfsi
 *(.text*)
 .text.MX_ADC1_Init
                0x08001798       0x70 CMakeFiles/CAR_ALL_Round.elf.dir/Core/Src/adc.c.obj
                0x08001798                MX_ADC1_Init
 .text.HAL_ADC_MspInit
                0x08001808       0x68 CMakeFiles/CAR_ALL_Round.elf.dir/Core/Src/adc.c.obj
                0x08001808                HAL_ADC_MspInit
 .text.MX_GPIO_Init
                0x08001870       0xe4 CMakeFiles/CAR_ALL_Round.elf.dir/Core/Src/gpio.c.obj
                0x08001870                MX_GPIO_Init
 .text.MX_I2C1_Init
                0x08001954       0x3c CMakeFiles/CAR_ALL_Round.elf.dir/Core/Src/i2c.c.obj
                0x08001954                MX_I2C1_Init
 .text.HAL_I2C_MspInit
                0x08001990       0x70 CMakeFiles/CAR_ALL_Round.elf.dir/Core/Src/i2c.c.obj
                0x08001990                HAL_I2C_MspInit
 .text.transfer
                0x08001a00       0x2c CMakeFiles/CAR_ALL_Round.elf.dir/Core/Src/main.c.obj
                0x08001a00                transfer
 .text.HAL_TIM_PeriodElapsedCallback
                0x08001a2c      0x2a4 CMakeFiles/CAR_ALL_Round.elf.dir/Core/Src/main.c.obj
                0x08001a2c                HAL_TIM_PeriodElapsedCallback
 .text.Error_Handler
                0x08001cd0        0x4 CMakeFiles/CAR_ALL_Round.elf.dir/Core/Src/main.c.obj
                0x08001cd0                Error_Handler
 .text.SystemClock_Config
                0x08001cd4       0xa4 CMakeFiles/CAR_ALL_Round.elf.dir/Core/Src/main.c.obj
                0x08001cd4                SystemClock_Config
 .text.main     0x08001d78       0xb0 CMakeFiles/CAR_ALL_Round.elf.dir/Core/Src/main.c.obj
                0x08001d78                main
 .text.HAL_MspInit
                0x08001e28       0x38 CMakeFiles/CAR_ALL_Round.elf.dir/Core/Src/stm32f4xx_hal_msp.c.obj
                0x08001e28                HAL_MspInit
 .text.NMI_Handler
                0x08001e60        0x2 CMakeFiles/CAR_ALL_Round.elf.dir/Core/Src/stm32f4xx_it.c.obj
                0x08001e60                NMI_Handler
 .text.HardFault_Handler
                0x08001e62        0x2 CMakeFiles/CAR_ALL_Round.elf.dir/Core/Src/stm32f4xx_it.c.obj
                0x08001e62                HardFault_Handler
 .text.MemManage_Handler
                0x08001e64        0x2 CMakeFiles/CAR_ALL_Round.elf.dir/Core/Src/stm32f4xx_it.c.obj
                0x08001e64                MemManage_Handler
 .text.BusFault_Handler
                0x08001e66        0x2 CMakeFiles/CAR_ALL_Round.elf.dir/Core/Src/stm32f4xx_it.c.obj
                0x08001e66                BusFault_Handler
 .text.UsageFault_Handler
                0x08001e68        0x2 CMakeFiles/CAR_ALL_Round.elf.dir/Core/Src/stm32f4xx_it.c.obj
                0x08001e68                UsageFault_Handler
 .text.SVC_Handler
                0x08001e6a        0x2 CMakeFiles/CAR_ALL_Round.elf.dir/Core/Src/stm32f4xx_it.c.obj
                0x08001e6a                SVC_Handler
 .text.DebugMon_Handler
                0x08001e6c        0x2 CMakeFiles/CAR_ALL_Round.elf.dir/Core/Src/stm32f4xx_it.c.obj
                0x08001e6c                DebugMon_Handler
 .text.PendSV_Handler
                0x08001e6e        0x2 CMakeFiles/CAR_ALL_Round.elf.dir/Core/Src/stm32f4xx_it.c.obj
                0x08001e6e                PendSV_Handler
 .text.SysTick_Handler
                0x08001e70        0x8 CMakeFiles/CAR_ALL_Round.elf.dir/Core/Src/stm32f4xx_it.c.obj
                0x08001e70                SysTick_Handler
 .text.TIM1_BRK_TIM9_IRQHandler
                0x08001e78       0x18 CMakeFiles/CAR_ALL_Round.elf.dir/Core/Src/stm32f4xx_it.c.obj
                0x08001e78                TIM1_BRK_TIM9_IRQHandler
 .text._getpid  0x08001e90        0x4 CMakeFiles/CAR_ALL_Round.elf.dir/Core/Src/syscalls.c.obj
                0x08001e90                _getpid
 .text._kill    0x08001e94       0x10 CMakeFiles/CAR_ALL_Round.elf.dir/Core/Src/syscalls.c.obj
                0x08001e94                _kill
 .text._exit    0x08001ea4        0xc CMakeFiles/CAR_ALL_Round.elf.dir/Core/Src/syscalls.c.obj
                0x08001ea4                _exit
 .text._sbrk    0x08001eb0       0x48 CMakeFiles/CAR_ALL_Round.elf.dir/Core/Src/sysmem.c.obj
                0x08001eb0                _sbrk
 .text.SystemInit
                0x08001ef8        0x2 CMakeFiles/CAR_ALL_Round.elf.dir/Core/Src/system_stm32f4xx.c.obj
                0x08001ef8                SystemInit
 *fill*         0x08001efa        0x2 
 .text.MX_TIM1_Init
                0x08001efc       0x68 CMakeFiles/CAR_ALL_Round.elf.dir/Core/Src/tim.c.obj
                0x08001efc                MX_TIM1_Init
 .text.MX_TIM2_Init
                0x08001f64       0x64 CMakeFiles/CAR_ALL_Round.elf.dir/Core/Src/tim.c.obj
                0x08001f64                MX_TIM2_Init
 .text.MX_TIM3_Init
                0x08001fc8       0x64 CMakeFiles/CAR_ALL_Round.elf.dir/Core/Src/tim.c.obj
                0x08001fc8                MX_TIM3_Init
 .text.MX_TIM4_Init
                0x0800202c       0x64 CMakeFiles/CAR_ALL_Round.elf.dir/Core/Src/tim.c.obj
                0x0800202c                MX_TIM4_Init
 .text.MX_TIM9_Init
                0x08002090       0x58 CMakeFiles/CAR_ALL_Round.elf.dir/Core/Src/tim.c.obj
                0x08002090                MX_TIM9_Init
 .text.HAL_TIM_Encoder_MspInit
                0x080020e8      0x194 CMakeFiles/CAR_ALL_Round.elf.dir/Core/Src/tim.c.obj
                0x080020e8                HAL_TIM_Encoder_MspInit
 .text.HAL_TIM_Base_MspInit
                0x0800227c       0x68 CMakeFiles/CAR_ALL_Round.elf.dir/Core/Src/tim.c.obj
                0x0800227c                HAL_TIM_Base_MspInit
 .text.HAL_TIM_MspPostInit
                0x080022e4       0x58 CMakeFiles/CAR_ALL_Round.elf.dir/Core/Src/tim.c.obj
                0x080022e4                HAL_TIM_MspPostInit
 .text.MX_TIM5_Init
                0x0800233c       0xec CMakeFiles/CAR_ALL_Round.elf.dir/Core/Src/tim.c.obj
                0x0800233c                MX_TIM5_Init
 .text.MX_USART1_UART_Init
                0x08002428       0x34 CMakeFiles/CAR_ALL_Round.elf.dir/Core/Src/usart.c.obj
                0x08002428                MX_USART1_UART_Init
 .text.HAL_UART_MspInit
                0x0800245c       0x74 CMakeFiles/CAR_ALL_Round.elf.dir/Core/Src/usart.c.obj
                0x0800245c                HAL_UART_MspInit
 .text.Reset_Handler
                0x080024d0       0x50 CMakeFiles/CAR_ALL_Round.elf.dir/Core/Startup/startup_stm32f411ceux.s.obj
                0x080024d0                Reset_Handler
 .text.Default_Handler
                0x08002520        0x2 CMakeFiles/CAR_ALL_Round.elf.dir/Core/Startup/startup_stm32f411ceux.s.obj
                0x08002520                RTC_Alarm_IRQHandler
                0x08002520                EXTI2_IRQHandler
                0x08002520                SPI4_IRQHandler
                0x08002520                TIM1_CC_IRQHandler
                0x08002520                DMA2_Stream5_IRQHandler
                0x08002520                DMA1_Stream5_IRQHandler
                0x08002520                PVD_IRQHandler
                0x08002520                SDIO_IRQHandler
                0x08002520                TAMP_STAMP_IRQHandler
                0x08002520                EXTI3_IRQHandler
                0x08002520                TIM1_UP_TIM10_IRQHandler
                0x08002520                I2C3_ER_IRQHandler
                0x08002520                EXTI0_IRQHandler
                0x08002520                I2C2_EV_IRQHandler
                0x08002520                DMA1_Stream2_IRQHandler
                0x08002520                FPU_IRQHandler
                0x08002520                DMA2_Stream2_IRQHandler
                0x08002520                SPI1_IRQHandler
                0x08002520                DMA2_Stream3_IRQHandler
                0x08002520                USART6_IRQHandler
                0x08002520                DMA2_Stream0_IRQHandler
                0x08002520                TIM4_IRQHandler
                0x08002520                I2C1_EV_IRQHandler
                0x08002520                DMA1_Stream6_IRQHandler
                0x08002520                DMA1_Stream1_IRQHandler
                0x08002520                TIM3_IRQHandler
                0x08002520                RCC_IRQHandler
                0x08002520                Default_Handler
                0x08002520                EXTI15_10_IRQHandler
                0x08002520                ADC_IRQHandler
                0x08002520                DMA1_Stream7_IRQHandler
                0x08002520                SPI5_IRQHandler
                0x08002520                TIM5_IRQHandler
                0x08002520                DMA2_Stream7_IRQHandler
                0x08002520                I2C3_EV_IRQHandler
                0x08002520                EXTI9_5_IRQHandler
                0x08002520                RTC_WKUP_IRQHandler
                0x08002520                SPI2_IRQHandler
                0x08002520                DMA1_Stream0_IRQHandler
                0x08002520                EXTI4_IRQHandler
                0x08002520                WWDG_IRQHandler
                0x08002520                TIM2_IRQHandler
                0x08002520                OTG_FS_WKUP_IRQHandler
                0x08002520                TIM1_TRG_COM_TIM11_IRQHandler
                0x08002520                EXTI1_IRQHandler
                0x08002520                USART2_IRQHandler
                0x08002520                I2C2_ER_IRQHandler
                0x08002520                DMA2_Stream1_IRQHandler
                0x08002520                FLASH_IRQHandler
                0x08002520                DMA2_Stream4_IRQHandler
                0x08002520                USART1_IRQHandler
                0x08002520                OTG_FS_IRQHandler
                0x08002520                SPI3_IRQHandler
                0x08002520                DMA1_Stream4_IRQHandler
                0x08002520                I2C1_ER_IRQHandler
                0x08002520                DMA2_Stream6_IRQHandler
                0x08002520                DMA1_Stream3_IRQHandler
 *fill*         0x08002522        0x2 
 .text.Motor_Init
                0x08002524       0x80 CMakeFiles/CAR_ALL_Round.elf.dir/Core/User/Motor.c.obj
                0x08002524                Motor_Init
 .text.MotorA_Run
                0x080025a4       0x54 CMakeFiles/CAR_ALL_Round.elf.dir/Core/User/Motor.c.obj
                0x080025a4                MotorA_Run
 .text.MotorB_Run
                0x080025f8       0x54 CMakeFiles/CAR_ALL_Round.elf.dir/Core/User/Motor.c.obj
                0x080025f8                MotorB_Run
 .text.MotorC_Run
                0x0800264c       0x54 CMakeFiles/CAR_ALL_Round.elf.dir/Core/User/Motor.c.obj
                0x0800264c                MotorC_Run
 .text.MotorD_Run
                0x080026a0       0x50 CMakeFiles/CAR_ALL_Round.elf.dir/Core/User/Motor.c.obj
                0x080026a0                MotorD_Run
 .text.PID_Init
                0x080026f0      0x110 CMakeFiles/CAR_ALL_Round.elf.dir/Core/User/PID.c.obj
                0x080026f0                PID_Init
 .text.Speed_PID_Realize
                0x08002800      0x160 CMakeFiles/CAR_ALL_Round.elf.dir/Core/User/PID.c.obj
                0x08002800                Speed_PID_Realize
 .text.delay_us
                0x08002960       0x24 CMakeFiles/CAR_ALL_Round.elf.dir/Core/User/PS2.c.obj
                0x08002960                delay_us
 .text.PS2_Cmd  0x08002984       0xac CMakeFiles/CAR_ALL_Round.elf.dir/Core/User/PS2.c.obj
                0x08002984                PS2_Cmd
 .text.PS2_ShortPoll
                0x08002a30       0x48 CMakeFiles/CAR_ALL_Round.elf.dir/Core/User/PS2.c.obj
                0x08002a30                PS2_ShortPoll
 .text.PS2_EnterConfing
                0x08002a78       0x60 CMakeFiles/CAR_ALL_Round.elf.dir/Core/User/PS2.c.obj
                0x08002a78                PS2_EnterConfing
 .text.PS2_TurnOnAnalogMode
                0x08002ad8       0x5c CMakeFiles/CAR_ALL_Round.elf.dir/Core/User/PS2.c.obj
                0x08002ad8                PS2_TurnOnAnalogMode
 .text.PS2_VibrationMode
                0x08002b34       0x48 CMakeFiles/CAR_ALL_Round.elf.dir/Core/User/PS2.c.obj
                0x08002b34                PS2_VibrationMode
 .text.PS2_ExitConfing
                0x08002b7c       0x60 CMakeFiles/CAR_ALL_Round.elf.dir/Core/User/PS2.c.obj
                0x08002b7c                PS2_ExitConfing
 .text.PS2_SetInit
                0x08002bdc       0x20 CMakeFiles/CAR_ALL_Round.elf.dir/Core/User/PS2.c.obj
                0x08002bdc                PS2_SetInit
 .text.RetargetInit
                0x08002bfc       0x20 CMakeFiles/CAR_ALL_Round.elf.dir/Core/User/retarget.c.obj
                0x08002bfc                RetargetInit
 .text._isatty  0x08002c1c       0x16 CMakeFiles/CAR_ALL_Round.elf.dir/Core/User/retarget.c.obj
                0x08002c1c                _isatty
 *fill*         0x08002c32        0x2 
 .text._write   0x08002c34       0x34 CMakeFiles/CAR_ALL_Round.elf.dir/Core/User/retarget.c.obj
                0x08002c34                _write
 .text._close   0x08002c68       0x18 CMakeFiles/CAR_ALL_Round.elf.dir/Core/User/retarget.c.obj
                0x08002c68                _close
 .text._lseek   0x08002c80       0x10 CMakeFiles/CAR_ALL_Round.elf.dir/Core/User/retarget.c.obj
                0x08002c80                _lseek
 .text._read    0x08002c90       0x30 CMakeFiles/CAR_ALL_Round.elf.dir/Core/User/retarget.c.obj
                0x08002c90                _read
 .text._fstat   0x08002cc0       0x1a CMakeFiles/CAR_ALL_Round.elf.dir/Core/User/retarget.c.obj
                0x08002cc0                _fstat
 *fill*         0x08002cda        0x2 
 .text.HAL_InitTick
                0x08002cdc       0x4c CMakeFiles/CAR_ALL_Round.elf.dir/Drivers/STM32F4xx_HAL_Driver/Src/stm32f4xx_hal.c.obj
                0x08002cdc                HAL_InitTick
 .text.HAL_Init
                0x08002d28       0x34 CMakeFiles/CAR_ALL_Round.elf.dir/Drivers/STM32F4xx_HAL_Driver/Src/stm32f4xx_hal.c.obj
                0x08002d28                HAL_Init
 .text.HAL_IncTick
                0x08002d5c       0x18 CMakeFiles/CAR_ALL_Round.elf.dir/Drivers/STM32F4xx_HAL_Driver/Src/stm32f4xx_hal.c.obj
                0x08002d5c                HAL_IncTick
 .text.HAL_GetTick
                0x08002d74        0xc CMakeFiles/CAR_ALL_Round.elf.dir/Drivers/STM32F4xx_HAL_Driver/Src/stm32f4xx_hal.c.obj
                0x08002d74                HAL_GetTick
 .text.HAL_Delay
                0x08002d80       0x28 CMakeFiles/CAR_ALL_Round.elf.dir/Drivers/STM32F4xx_HAL_Driver/Src/stm32f4xx_hal.c.obj
                0x08002d80                HAL_Delay
 .text.ADC_Init
                0x08002da8      0x134 CMakeFiles/CAR_ALL_Round.elf.dir/Drivers/STM32F4xx_HAL_Driver/Src/stm32f4xx_hal_adc.c.obj
 .text.HAL_ADC_Init
                0x08002edc       0x56 CMakeFiles/CAR_ALL_Round.elf.dir/Drivers/STM32F4xx_HAL_Driver/Src/stm32f4xx_hal_adc.c.obj
                0x08002edc                HAL_ADC_Init
 *fill*         0x08002f32        0x2 
 .text.HAL_ADC_ConfigChannel
                0x08002f34      0x1ac CMakeFiles/CAR_ALL_Round.elf.dir/Drivers/STM32F4xx_HAL_Driver/Src/stm32f4xx_hal_adc.c.obj
                0x08002f34                HAL_ADC_ConfigChannel
 .text.HAL_NVIC_SetPriorityGrouping
                0x080030e0       0x24 CMakeFiles/CAR_ALL_Round.elf.dir/Drivers/STM32F4xx_HAL_Driver/Src/stm32f4xx_hal_cortex.c.obj
                0x080030e0                HAL_NVIC_SetPriorityGrouping
 .text.HAL_NVIC_SetPriority
                0x08003104       0x70 CMakeFiles/CAR_ALL_Round.elf.dir/Drivers/STM32F4xx_HAL_Driver/Src/stm32f4xx_hal_cortex.c.obj
                0x08003104                HAL_NVIC_SetPriority
 .text.HAL_NVIC_EnableIRQ
                0x08003174       0x1c CMakeFiles/CAR_ALL_Round.elf.dir/Drivers/STM32F4xx_HAL_Driver/Src/stm32f4xx_hal_cortex.c.obj
                0x08003174                HAL_NVIC_EnableIRQ
 .text.HAL_SYSTICK_Config
                0x08003190       0x28 CMakeFiles/CAR_ALL_Round.elf.dir/Drivers/STM32F4xx_HAL_Driver/Src/stm32f4xx_hal_cortex.c.obj
                0x08003190                HAL_SYSTICK_Config
 .text.HAL_GPIO_Init
                0x080031b8      0x1c0 CMakeFiles/CAR_ALL_Round.elf.dir/Drivers/STM32F4xx_HAL_Driver/Src/stm32f4xx_hal_gpio.c.obj
                0x080031b8                HAL_GPIO_Init
 .text.HAL_GPIO_ReadPin
                0x08003378        0xe CMakeFiles/CAR_ALL_Round.elf.dir/Drivers/STM32F4xx_HAL_Driver/Src/stm32f4xx_hal_gpio.c.obj
                0x08003378                HAL_GPIO_ReadPin
 .text.HAL_GPIO_WritePin
                0x08003386        0xc CMakeFiles/CAR_ALL_Round.elf.dir/Drivers/STM32F4xx_HAL_Driver/Src/stm32f4xx_hal_gpio.c.obj
                0x08003386                HAL_GPIO_WritePin
 *fill*         0x08003392        0x2 
 .text.HAL_I2C_Init
                0x08003394      0x1bc CMakeFiles/CAR_ALL_Round.elf.dir/Drivers/STM32F4xx_HAL_Driver/Src/stm32f4xx_hal_i2c.c.obj
                0x08003394                HAL_I2C_Init
 .text.HAL_RCC_OscConfig
                0x08003550      0x3f8 CMakeFiles/CAR_ALL_Round.elf.dir/Drivers/STM32F4xx_HAL_Driver/Src/stm32f4xx_hal_rcc.c.obj
                0x08003550                HAL_RCC_OscConfig
 .text.HAL_RCC_GetSysClockFreq
                0x08003948       0xa4 CMakeFiles/CAR_ALL_Round.elf.dir/Drivers/STM32F4xx_HAL_Driver/Src/stm32f4xx_hal_rcc.c.obj
                0x08003948                HAL_RCC_GetSysClockFreq
 .text.HAL_RCC_ClockConfig
                0x080039ec      0x160 CMakeFiles/CAR_ALL_Round.elf.dir/Drivers/STM32F4xx_HAL_Driver/Src/stm32f4xx_hal_rcc.c.obj
                0x080039ec                HAL_RCC_ClockConfig
 .text.HAL_RCC_GetHCLKFreq
                0x08003b4c        0xc CMakeFiles/CAR_ALL_Round.elf.dir/Drivers/STM32F4xx_HAL_Driver/Src/stm32f4xx_hal_rcc.c.obj
                0x08003b4c                HAL_RCC_GetHCLKFreq
 .text.HAL_RCC_GetPCLK1Freq
                0x08003b58       0x20 CMakeFiles/CAR_ALL_Round.elf.dir/Drivers/STM32F4xx_HAL_Driver/Src/stm32f4xx_hal_rcc.c.obj
                0x08003b58                HAL_RCC_GetPCLK1Freq
 .text.HAL_RCC_GetPCLK2Freq
                0x08003b78       0x20 CMakeFiles/CAR_ALL_Round.elf.dir/Drivers/STM32F4xx_HAL_Driver/Src/stm32f4xx_hal_rcc.c.obj
                0x08003b78                HAL_RCC_GetPCLK2Freq
 .text.TIM_OC1_SetConfig
                0x08003b98       0x5c CMakeFiles/CAR_ALL_Round.elf.dir/Drivers/STM32F4xx_HAL_Driver/Src/stm32f4xx_hal_tim.c.obj
 .text.TIM_OC3_SetConfig
                0x08003bf4       0x64 CMakeFiles/CAR_ALL_Round.elf.dir/Drivers/STM32F4xx_HAL_Driver/Src/stm32f4xx_hal_tim.c.obj
 .text.TIM_OC4_SetConfig
                0x08003c58       0x48 CMakeFiles/CAR_ALL_Round.elf.dir/Drivers/STM32F4xx_HAL_Driver/Src/stm32f4xx_hal_tim.c.obj
 .text.TIM_TI1_ConfigInputStage
                0x08003ca0       0x24 CMakeFiles/CAR_ALL_Round.elf.dir/Drivers/STM32F4xx_HAL_Driver/Src/stm32f4xx_hal_tim.c.obj
 .text.TIM_TI2_ConfigInputStage
                0x08003cc4       0x26 CMakeFiles/CAR_ALL_Round.elf.dir/Drivers/STM32F4xx_HAL_Driver/Src/stm32f4xx_hal_tim.c.obj
 .text.TIM_ITRx_SetConfig
                0x08003cea       0x10 CMakeFiles/CAR_ALL_Round.elf.dir/Drivers/STM32F4xx_HAL_Driver/Src/stm32f4xx_hal_tim.c.obj
 *fill*         0x08003cfa        0x2 
 .text.HAL_TIM_Base_Start_IT
                0x08003cfc       0x78 CMakeFiles/CAR_ALL_Round.elf.dir/Drivers/STM32F4xx_HAL_Driver/Src/stm32f4xx_hal_tim.c.obj
                0x08003cfc                HAL_TIM_Base_Start_IT
 .text.HAL_TIM_PWM_MspInit
                0x08003d74        0x2 CMakeFiles/CAR_ALL_Round.elf.dir/Drivers/STM32F4xx_HAL_Driver/Src/stm32f4xx_hal_tim.c.obj
                0x08003d74                HAL_TIM_PWM_MspInit
 .text.HAL_TIM_OC_DelayElapsedCallback
                0x08003d76        0x2 CMakeFiles/CAR_ALL_Round.elf.dir/Drivers/STM32F4xx_HAL_Driver/Src/stm32f4xx_hal_tim.c.obj
                0x08003d76                HAL_TIM_OC_DelayElapsedCallback
 .text.HAL_TIM_IC_CaptureCallback
                0x08003d78        0x2 CMakeFiles/CAR_ALL_Round.elf.dir/Drivers/STM32F4xx_HAL_Driver/Src/stm32f4xx_hal_tim.c.obj
                0x08003d78                HAL_TIM_IC_CaptureCallback
 .text.HAL_TIM_PWM_PulseFinishedCallback
                0x08003d7a        0x2 CMakeFiles/CAR_ALL_Round.elf.dir/Drivers/STM32F4xx_HAL_Driver/Src/stm32f4xx_hal_tim.c.obj
                0x08003d7a                HAL_TIM_PWM_PulseFinishedCallback
 .text.HAL_TIM_TriggerCallback
                0x08003d7c        0x2 CMakeFiles/CAR_ALL_Round.elf.dir/Drivers/STM32F4xx_HAL_Driver/Src/stm32f4xx_hal_tim.c.obj
                0x08003d7c                HAL_TIM_TriggerCallback
 .text.HAL_TIM_IRQHandler
                0x08003d7e      0x17a CMakeFiles/CAR_ALL_Round.elf.dir/Drivers/STM32F4xx_HAL_Driver/Src/stm32f4xx_hal_tim.c.obj
                0x08003d7e                HAL_TIM_IRQHandler
 .text.TIM_Base_SetConfig
                0x08003ef8       0x9c CMakeFiles/CAR_ALL_Round.elf.dir/Drivers/STM32F4xx_HAL_Driver/Src/stm32f4xx_hal_tim.c.obj
                0x08003ef8                TIM_Base_SetConfig
 .text.HAL_TIM_Base_Init
                0x08003f94       0x58 CMakeFiles/CAR_ALL_Round.elf.dir/Drivers/STM32F4xx_HAL_Driver/Src/stm32f4xx_hal_tim.c.obj
                0x08003f94                HAL_TIM_Base_Init
 .text.HAL_TIM_PWM_Init
                0x08003fec       0x58 CMakeFiles/CAR_ALL_Round.elf.dir/Drivers/STM32F4xx_HAL_Driver/Src/stm32f4xx_hal_tim.c.obj
                0x08003fec                HAL_TIM_PWM_Init
 .text.HAL_TIM_Encoder_Init
                0x08004044       0xb8 CMakeFiles/CAR_ALL_Round.elf.dir/Drivers/STM32F4xx_HAL_Driver/Src/stm32f4xx_hal_tim.c.obj
                0x08004044                HAL_TIM_Encoder_Init
 .text.TIM_OC2_SetConfig
                0x080040fc       0x64 CMakeFiles/CAR_ALL_Round.elf.dir/Drivers/STM32F4xx_HAL_Driver/Src/stm32f4xx_hal_tim.c.obj
                0x080040fc                TIM_OC2_SetConfig
 .text.HAL_TIM_PWM_ConfigChannel
                0x08004160       0xdc CMakeFiles/CAR_ALL_Round.elf.dir/Drivers/STM32F4xx_HAL_Driver/Src/stm32f4xx_hal_tim.c.obj
                0x08004160                HAL_TIM_PWM_ConfigChannel
 .text.TIM_ETR_SetConfig
                0x0800423c       0x18 CMakeFiles/CAR_ALL_Round.elf.dir/Drivers/STM32F4xx_HAL_Driver/Src/stm32f4xx_hal_tim.c.obj
                0x0800423c                TIM_ETR_SetConfig
 .text.HAL_TIM_ConfigClockSource
                0x08004254       0xfe CMakeFiles/CAR_ALL_Round.elf.dir/Drivers/STM32F4xx_HAL_Driver/Src/stm32f4xx_hal_tim.c.obj
                0x08004254                HAL_TIM_ConfigClockSource
 .text.TIM_CCxChannelCmd
                0x08004352       0x1e CMakeFiles/CAR_ALL_Round.elf.dir/Drivers/STM32F4xx_HAL_Driver/Src/stm32f4xx_hal_tim.c.obj
                0x08004352                TIM_CCxChannelCmd
 .text.HAL_TIM_PWM_Start
                0x08004370       0xf0 CMakeFiles/CAR_ALL_Round.elf.dir/Drivers/STM32F4xx_HAL_Driver/Src/stm32f4xx_hal_tim.c.obj
                0x08004370                HAL_TIM_PWM_Start
 .text.HAL_TIM_Encoder_Start
                0x08004460       0xcc CMakeFiles/CAR_ALL_Round.elf.dir/Drivers/STM32F4xx_HAL_Driver/Src/stm32f4xx_hal_tim.c.obj
                0x08004460                HAL_TIM_Encoder_Start
 .text.HAL_TIMEx_MasterConfigSynchronization
                0x0800452c       0x7c CMakeFiles/CAR_ALL_Round.elf.dir/Drivers/STM32F4xx_HAL_Driver/Src/stm32f4xx_hal_tim_ex.c.obj
                0x0800452c                HAL_TIMEx_MasterConfigSynchronization
 .text.HAL_TIMEx_CommutCallback
                0x080045a8        0x2 CMakeFiles/CAR_ALL_Round.elf.dir/Drivers/STM32F4xx_HAL_Driver/Src/stm32f4xx_hal_tim_ex.c.obj
                0x080045a8                HAL_TIMEx_CommutCallback
 .text.HAL_TIMEx_BreakCallback
                0x080045aa        0x2 CMakeFiles/CAR_ALL_Round.elf.dir/Drivers/STM32F4xx_HAL_Driver/Src/stm32f4xx_hal_tim_ex.c.obj
                0x080045aa                HAL_TIMEx_BreakCallback
 .text.UART_SetConfig
                0x080045ac      0x110 CMakeFiles/CAR_ALL_Round.elf.dir/Drivers/STM32F4xx_HAL_Driver/Src/stm32f4xx_hal_uart.c.obj
 .text.UART_WaitOnFlagUntilTimeout
                0x080046bc       0x88 CMakeFiles/CAR_ALL_Round.elf.dir/Drivers/STM32F4xx_HAL_Driver/Src/stm32f4xx_hal_uart.c.obj
 .text.HAL_UART_Init
                0x08004744       0x5e CMakeFiles/CAR_ALL_Round.elf.dir/Drivers/STM32F4xx_HAL_Driver/Src/stm32f4xx_hal_uart.c.obj
                0x08004744                HAL_UART_Init
 .text.HAL_UART_Transmit
                0x080047a2       0xd8 CMakeFiles/CAR_ALL_Round.elf.dir/Drivers/STM32F4xx_HAL_Driver/Src/stm32f4xx_hal_uart.c.obj
                0x080047a2                HAL_UART_Transmit
 .text.HAL_UART_Receive
                0x0800487a       0xe4 CMakeFiles/CAR_ALL_Round.elf.dir/Drivers/STM32F4xx_HAL_Driver/Src/stm32f4xx_hal_uart.c.obj
                0x0800487a                HAL_UART_Receive
 .text.UART_Start_Receive_IT
                0x0800495e       0x36 CMakeFiles/CAR_ALL_Round.elf.dir/Drivers/STM32F4xx_HAL_Driver/Src/stm32f4xx_hal_uart.c.obj
                0x0800495e                UART_Start_Receive_IT
 .text.HAL_UART_Receive_IT
                0x08004994       0x38 CMakeFiles/CAR_ALL_Round.elf.dir/Drivers/STM32F4xx_HAL_Driver/Src/stm32f4xx_hal_uart.c.obj
                0x08004994                HAL_UART_Receive_IT
 .text.__errno  0x080049cc        0xc c:/progra~2/gnuarm~1/102021~1.10/bin/../lib/gcc/arm-none-eabi/10.3.1/../../../../arm-none-eabi/lib/thumb/v7e-m/nofp\libg.a(lib_a-errno.o)
                0x080049cc                __errno
 .text.__libc_init_array
                0x080049d8       0x48 c:/progra~2/gnuarm~1/102021~1.10/bin/../lib/gcc/arm-none-eabi/10.3.1/../../../../arm-none-eabi/lib/thumb/v7e-m/nofp\libg.a(lib_a-init.o)
                0x080049d8                __libc_init_array
 .text.memset   0x08004a20       0xa4 c:/progra~2/gnuarm~1/102021~1.10/bin/../lib/gcc/arm-none-eabi/10.3.1/../../../../arm-none-eabi/lib/thumb/v7e-m/nofp\libg.a(lib_a-memset.o)
                0x08004a20                memset
 .text.printf   0x08004ac4       0x28 c:/progra~2/gnuarm~1/102021~1.10/bin/../lib/gcc/arm-none-eabi/10.3.1/../../../../arm-none-eabi/lib/thumb/v7e-m/nofp\libg.a(lib_a-printf.o)
                0x08004ac4                printf
 .text.setvbuf  0x08004aec      0x1b0 c:/progra~2/gnuarm~1/102021~1.10/bin/../lib/gcc/arm-none-eabi/10.3.1/../../../../arm-none-eabi/lib/thumb/v7e-m/nofp\libg.a(lib_a-setvbuf.o)
                0x08004aec                setvbuf
 .text._vfprintf_r
                0x08004c9c     0x1ad4 c:/progra~2/gnuarm~1/102021~1.10/bin/../lib/gcc/arm-none-eabi/10.3.1/../../../../arm-none-eabi/lib/thumb/v7e-m/nofp\libg.a(lib_a-vfprintf.o)
                0x08004c9c                _vfprintf_r
 .text.__sbprintf
                0x08006770       0x80 c:/progra~2/gnuarm~1/102021~1.10/bin/../lib/gcc/arm-none-eabi/10.3.1/../../../../arm-none-eabi/lib/thumb/v7e-m/nofp\libg.a(lib_a-vfprintf.o)
 .text.__swsetup_r
                0x080067f0       0xd4 c:/progra~2/gnuarm~1/102021~1.10/bin/../lib/gcc/arm-none-eabi/10.3.1/../../../../arm-none-eabi/lib/thumb/v7e-m/nofp\libg.a(lib_a-wsetup.o)
                0x080067f0                __swsetup_r
 .text.startup.register_fini
                0x080068c4       0x14 c:/progra~2/gnuarm~1/102021~1.10/bin/../lib/gcc/arm-none-eabi/10.3.1/../../../../arm-none-eabi/lib/thumb/v7e-m/nofp\libg.a(lib_a-__call_atexit.o)
 .text.atexit   0x080068d8        0xc c:/progra~2/gnuarm~1/102021~1.10/bin/../lib/gcc/arm-none-eabi/10.3.1/../../../../arm-none-eabi/lib/thumb/v7e-m/nofp\libg.a(lib_a-atexit.o)
                0x080068d8                atexit
 .text.quorem   0x080068e4      0x124 c:/progra~2/gnuarm~1/102021~1.10/bin/../lib/gcc/arm-none-eabi/10.3.1/../../../../arm-none-eabi/lib/thumb/v7e-m/nofp\libg.a(lib_a-dtoa.o)
 .text._dtoa_r  0x08006a08      0xec4 c:/progra~2/gnuarm~1/102021~1.10/bin/../lib/gcc/arm-none-eabi/10.3.1/../../../../arm-none-eabi/lib/thumb/v7e-m/nofp\libg.a(lib_a-dtoa.o)
                0x08006a08                _dtoa_r
 .text.__sflush_r
                0x080078cc      0x120 c:/progra~2/gnuarm~1/102021~1.10/bin/../lib/gcc/arm-none-eabi/10.3.1/../../../../arm-none-eabi/lib/thumb/v7e-m/nofp\libg.a(lib_a-fflush.o)
                0x080078cc                __sflush_r
 .text._fflush_r
                0x080079ec       0x5c c:/progra~2/gnuarm~1/102021~1.10/bin/../lib/gcc/arm-none-eabi/10.3.1/../../../../arm-none-eabi/lib/thumb/v7e-m/nofp\libg.a(lib_a-fflush.o)
                0x080079ec                _fflush_r
 .text._cleanup_r
                0x08007a48        0xc c:/progra~2/gnuarm~1/102021~1.10/bin/../lib/gcc/arm-none-eabi/10.3.1/../../../../arm-none-eabi/lib/thumb/v7e-m/nofp\libg.a(lib_a-findfp.o)
                0x08007a48                _cleanup_r
 .text.__sinit  0x08007a54      0x10c c:/progra~2/gnuarm~1/102021~1.10/bin/../lib/gcc/arm-none-eabi/10.3.1/../../../../arm-none-eabi/lib/thumb/v7e-m/nofp\libg.a(lib_a-findfp.o)
                0x08007a54                __sinit
 .text.__sfp_lock_acquire
                0x08007b60        0xc c:/progra~2/gnuarm~1/102021~1.10/bin/../lib/gcc/arm-none-eabi/10.3.1/../../../../arm-none-eabi/lib/thumb/v7e-m/nofp\libg.a(lib_a-findfp.o)
                0x08007b60                __sfp_lock_acquire
 .text.__sfp_lock_release
                0x08007b6c        0xc c:/progra~2/gnuarm~1/102021~1.10/bin/../lib/gcc/arm-none-eabi/10.3.1/../../../../arm-none-eabi/lib/thumb/v7e-m/nofp\libg.a(lib_a-findfp.o)
                0x08007b6c                __sfp_lock_release
 .text.__libc_fini_array
                0x08007b78       0x2c c:/progra~2/gnuarm~1/102021~1.10/bin/../lib/gcc/arm-none-eabi/10.3.1/../../../../arm-none-eabi/lib/thumb/v7e-m/nofp\libg.a(lib_a-fini.o)
                0x08007b78                __libc_fini_array
 .text._malloc_trim_r
                0x08007ba4       0xa0 c:/progra~2/gnuarm~1/102021~1.10/bin/../lib/gcc/arm-none-eabi/10.3.1/../../../../arm-none-eabi/lib/thumb/v7e-m/nofp\libg.a(lib_a-freer.o)
                0x08007ba4                _malloc_trim_r
 .text._free_r  0x08007c44      0x20c c:/progra~2/gnuarm~1/102021~1.10/bin/../lib/gcc/arm-none-eabi/10.3.1/../../../../arm-none-eabi/lib/thumb/v7e-m/nofp\libg.a(lib_a-freer.o)
                0x08007c44                _free_r
 .text._fwalk_reent
                0x08007e50       0x48 c:/progra~2/gnuarm~1/102021~1.10/bin/../lib/gcc/arm-none-eabi/10.3.1/../../../../arm-none-eabi/lib/thumb/v7e-m/nofp\libg.a(lib_a-fwalk.o)
                0x08007e50                _fwalk_reent
 .text._localeconv_r
                0x08007e98        0x8 c:/progra~2/gnuarm~1/102021~1.10/bin/../lib/gcc/arm-none-eabi/10.3.1/../../../../arm-none-eabi/lib/thumb/v7e-m/nofp\libg.a(lib_a-localeconv.o)
                0x08007e98                _localeconv_r
 .text.__retarget_lock_init_recursive
                0x08007ea0        0x4 c:/progra~2/gnuarm~1/102021~1.10/bin/../lib/gcc/arm-none-eabi/10.3.1/../../../../arm-none-eabi/lib/thumb/v7e-m/nofp\libg.a(lib_a-lock.o)
                0x08007ea0                __retarget_lock_init_recursive
 .text.__retarget_lock_close_recursive
                0x08007ea4        0x4 c:/progra~2/gnuarm~1/102021~1.10/bin/../lib/gcc/arm-none-eabi/10.3.1/../../../../arm-none-eabi/lib/thumb/v7e-m/nofp\libg.a(lib_a-lock.o)
                0x08007ea4                __retarget_lock_close_recursive
 .text.__retarget_lock_acquire_recursive
                0x08007ea8        0x4 c:/progra~2/gnuarm~1/102021~1.10/bin/../lib/gcc/arm-none-eabi/10.3.1/../../../../arm-none-eabi/lib/thumb/v7e-m/nofp\libg.a(lib_a-lock.o)
                0x08007ea8                __retarget_lock_acquire_recursive
 .text.__retarget_lock_release_recursive
                0x08007eac        0x4 c:/progra~2/gnuarm~1/102021~1.10/bin/../lib/gcc/arm-none-eabi/10.3.1/../../../../arm-none-eabi/lib/thumb/v7e-m/nofp\libg.a(lib_a-lock.o)
                0x08007eac                __retarget_lock_release_recursive
 .text.__smakebuf_r
                0x08007eb0       0xe0 c:/progra~2/gnuarm~1/102021~1.10/bin/../lib/gcc/arm-none-eabi/10.3.1/../../../../arm-none-eabi/lib/thumb/v7e-m/nofp\libg.a(lib_a-makebuf.o)
                0x08007eb0                __smakebuf_r
 .text.__swhatbuf_r
                0x08007f90       0x60 c:/progra~2/gnuarm~1/102021~1.10/bin/../lib/gcc/arm-none-eabi/10.3.1/../../../../arm-none-eabi/lib/thumb/v7e-m/nofp\libg.a(lib_a-makebuf.o)
                0x08007f90                __swhatbuf_r
 .text.malloc   0x08007ff0       0x10 c:/progra~2/gnuarm~1/102021~1.10/bin/../lib/gcc/arm-none-eabi/10.3.1/../../../../arm-none-eabi/lib/thumb/v7e-m/nofp\libg.a(lib_a-malloc.o)
                0x08007ff0                malloc
 .text._malloc_r
                0x08008000      0x560 c:/progra~2/gnuarm~1/102021~1.10/bin/../lib/gcc/arm-none-eabi/10.3.1/../../../../arm-none-eabi/lib/thumb/v7e-m/nofp\libg.a(lib_a-mallocr.o)
                0x08008000                _malloc_r
 .text.__malloc_lock
                0x08008560        0xc c:/progra~2/gnuarm~1/102021~1.10/bin/../lib/gcc/arm-none-eabi/10.3.1/../../../../arm-none-eabi/lib/thumb/v7e-m/nofp\libg.a(lib_a-mlock.o)
                0x08008560                __malloc_lock
 .text.__malloc_unlock
                0x0800856c        0xc c:/progra~2/gnuarm~1/102021~1.10/bin/../lib/gcc/arm-none-eabi/10.3.1/../../../../arm-none-eabi/lib/thumb/v7e-m/nofp\libg.a(lib_a-mlock.o)
                0x0800856c                __malloc_unlock
 .text._Balloc  0x08008578       0x4c c:/progra~2/gnuarm~1/102021~1.10/bin/../lib/gcc/arm-none-eabi/10.3.1/../../../../arm-none-eabi/lib/thumb/v7e-m/nofp\libg.a(lib_a-mprec.o)
                0x08008578                _Balloc
 .text._Bfree   0x080085c4       0x14 c:/progra~2/gnuarm~1/102021~1.10/bin/../lib/gcc/arm-none-eabi/10.3.1/../../../../arm-none-eabi/lib/thumb/v7e-m/nofp\libg.a(lib_a-mprec.o)
                0x080085c4                _Bfree
 .text.__multadd
                0x080085d8       0xa0 c:/progra~2/gnuarm~1/102021~1.10/bin/../lib/gcc/arm-none-eabi/10.3.1/../../../../arm-none-eabi/lib/thumb/v7e-m/nofp\libg.a(lib_a-mprec.o)
                0x080085d8                __multadd
 .text.__hi0bits
                0x08008678       0x40 c:/progra~2/gnuarm~1/102021~1.10/bin/../lib/gcc/arm-none-eabi/10.3.1/../../../../arm-none-eabi/lib/thumb/v7e-m/nofp\libg.a(lib_a-mprec.o)
                0x08008678                __hi0bits
 .text.__lo0bits
                0x080086b8       0x5c c:/progra~2/gnuarm~1/102021~1.10/bin/../lib/gcc/arm-none-eabi/10.3.1/../../../../arm-none-eabi/lib/thumb/v7e-m/nofp\libg.a(lib_a-mprec.o)
                0x080086b8                __lo0bits
 .text.__i2b    0x08008714       0x5c c:/progra~2/gnuarm~1/102021~1.10/bin/../lib/gcc/arm-none-eabi/10.3.1/../../../../arm-none-eabi/lib/thumb/v7e-m/nofp\libg.a(lib_a-mprec.o)
                0x08008714                __i2b
 .text.__multiply
                0x08008770      0x15c c:/progra~2/gnuarm~1/102021~1.10/bin/../lib/gcc/arm-none-eabi/10.3.1/../../../../arm-none-eabi/lib/thumb/v7e-m/nofp\libg.a(lib_a-mprec.o)
                0x08008770                __multiply
 .text.__pow5mult
                0x080088cc       0xc0 c:/progra~2/gnuarm~1/102021~1.10/bin/../lib/gcc/arm-none-eabi/10.3.1/../../../../arm-none-eabi/lib/thumb/v7e-m/nofp\libg.a(lib_a-mprec.o)
                0x080088cc                __pow5mult
 .text.__lshift
                0x0800898c       0xf0 c:/progra~2/gnuarm~1/102021~1.10/bin/../lib/gcc/arm-none-eabi/10.3.1/../../../../arm-none-eabi/lib/thumb/v7e-m/nofp\libg.a(lib_a-mprec.o)
                0x0800898c                __lshift
 .text.__mcmp   0x08008a7c       0x40 c:/progra~2/gnuarm~1/102021~1.10/bin/../lib/gcc/arm-none-eabi/10.3.1/../../../../arm-none-eabi/lib/thumb/v7e-m/nofp\libg.a(lib_a-mprec.o)
                0x08008a7c                __mcmp
 .text.__mdiff  0x08008abc      0x14c c:/progra~2/gnuarm~1/102021~1.10/bin/../lib/gcc/arm-none-eabi/10.3.1/../../../../arm-none-eabi/lib/thumb/v7e-m/nofp\libg.a(lib_a-mprec.o)
                0x08008abc                __mdiff
 .text.__d2b    0x08008c08       0xc4 c:/progra~2/gnuarm~1/102021~1.10/bin/../lib/gcc/arm-none-eabi/10.3.1/../../../../arm-none-eabi/lib/thumb/v7e-m/nofp\libg.a(lib_a-mprec.o)
                0x08008c08                __d2b
 .text.frexp    0x08008ccc       0x70 c:/progra~2/gnuarm~1/102021~1.10/bin/../lib/gcc/arm-none-eabi/10.3.1/../../../../arm-none-eabi/lib/thumb/v7e-m/nofp\libg.a(lib_a-s_frexp.o)
                0x08008ccc                frexp
 .text._sbrk_r  0x08008d3c       0x24 c:/progra~2/gnuarm~1/102021~1.10/bin/../lib/gcc/arm-none-eabi/10.3.1/../../../../arm-none-eabi/lib/thumb/v7e-m/nofp\libg.a(lib_a-sbrkr.o)
                0x08008d3c                _sbrk_r
 .text.__sread  0x08008d60       0x24 c:/progra~2/gnuarm~1/102021~1.10/bin/../lib/gcc/arm-none-eabi/10.3.1/../../../../arm-none-eabi/lib/thumb/v7e-m/nofp\libg.a(lib_a-stdio.o)
                0x08008d60                __sread
 .text.__swrite
                0x08008d84       0x40 c:/progra~2/gnuarm~1/102021~1.10/bin/../lib/gcc/arm-none-eabi/10.3.1/../../../../arm-none-eabi/lib/thumb/v7e-m/nofp\libg.a(lib_a-stdio.o)
                0x08008d84                __swrite
 .text.__sseek  0x08008dc4       0x20 c:/progra~2/gnuarm~1/102021~1.10/bin/../lib/gcc/arm-none-eabi/10.3.1/../../../../arm-none-eabi/lib/thumb/v7e-m/nofp\libg.a(lib_a-stdio.o)
                0x08008dc4                __sseek
 .text.__sclose
                0x08008de4        0x8 c:/progra~2/gnuarm~1/102021~1.10/bin/../lib/gcc/arm-none-eabi/10.3.1/../../../../arm-none-eabi/lib/thumb/v7e-m/nofp\libg.a(lib_a-stdio.o)
                0x08008de4                __sclose
 .text.strncpy  0x08008dec       0x64 c:/progra~2/gnuarm~1/102021~1.10/bin/../lib/gcc/arm-none-eabi/10.3.1/../../../../arm-none-eabi/lib/thumb/v7e-m/nofp\libg.a(lib_a-strncpy.o)
                0x08008dec                strncpy
 .text.__sprint_r.part.0
                0x08008e50       0x78 c:/progra~2/gnuarm~1/102021~1.10/bin/../lib/gcc/arm-none-eabi/10.3.1/../../../../arm-none-eabi/lib/thumb/v7e-m/nofp\libg.a(lib_a-vfiprintf.o)
 .text.__sprint_r
                0x08008ec8       0x14 c:/progra~2/gnuarm~1/102021~1.10/bin/../lib/gcc/arm-none-eabi/10.3.1/../../../../arm-none-eabi/lib/thumb/v7e-m/nofp\libg.a(lib_a-vfiprintf.o)
                0x08008ec8                __sprint_r
 .text._vfiprintf_r
                0x08008edc      0xda0 c:/progra~2/gnuarm~1/102021~1.10/bin/../lib/gcc/arm-none-eabi/10.3.1/../../../../arm-none-eabi/lib/thumb/v7e-m/nofp\libg.a(lib_a-vfiprintf.o)
                0x08008edc                _vfiprintf_r
 .text.__sbprintf
                0x08009c7c       0x80 c:/progra~2/gnuarm~1/102021~1.10/bin/../lib/gcc/arm-none-eabi/10.3.1/../../../../arm-none-eabi/lib/thumb/v7e-m/nofp\libg.a(lib_a-vfiprintf.o)
 .text._write_r
                0x08009cfc       0x2c c:/progra~2/gnuarm~1/102021~1.10/bin/../lib/gcc/arm-none-eabi/10.3.1/../../../../arm-none-eabi/lib/thumb/v7e-m/nofp\libg.a(lib_a-writer.o)
                0x08009cfc                _write_r
 .text.__register_exitproc
                0x08009d28       0x8c c:/progra~2/gnuarm~1/102021~1.10/bin/../lib/gcc/arm-none-eabi/10.3.1/../../../../arm-none-eabi/lib/thumb/v7e-m/nofp\libg.a(lib_a-__atexit.o)
                0x08009d28                __register_exitproc
 .text.__assert_func
                0x08009db4       0x40 c:/progra~2/gnuarm~1/102021~1.10/bin/../lib/gcc/arm-none-eabi/10.3.1/../../../../arm-none-eabi/lib/thumb/v7e-m/nofp\libg.a(lib_a-assert.o)
                0x08009db4                __assert_func
 .text._calloc_r
                0x08009df4       0x78 c:/progra~2/gnuarm~1/102021~1.10/bin/../lib/gcc/arm-none-eabi/10.3.1/../../../../arm-none-eabi/lib/thumb/v7e-m/nofp\libg.a(lib_a-callocr.o)
                0x08009df4                _calloc_r
 .text._close_r
                0x08009e6c       0x24 c:/progra~2/gnuarm~1/102021~1.10/bin/../lib/gcc/arm-none-eabi/10.3.1/../../../../arm-none-eabi/lib/thumb/v7e-m/nofp\libg.a(lib_a-closer.o)
                0x08009e6c                _close_r
 .text._fclose_r
                0x08009e90       0xcc c:/progra~2/gnuarm~1/102021~1.10/bin/../lib/gcc/arm-none-eabi/10.3.1/../../../../arm-none-eabi/lib/thumb/v7e-m/nofp\libg.a(lib_a-fclose.o)
                0x08009e90                _fclose_r
 .text.fiprintf
                0x08009f5c       0x28 c:/progra~2/gnuarm~1/102021~1.10/bin/../lib/gcc/arm-none-eabi/10.3.1/../../../../arm-none-eabi/lib/thumb/v7e-m/nofp\libg.a(lib_a-fiprintf.o)
                0x08009f5c                fiprintf
 .text.__fputwc
                0x08009f84       0xa8 c:/progra~2/gnuarm~1/102021~1.10/bin/../lib/gcc/arm-none-eabi/10.3.1/../../../../arm-none-eabi/lib/thumb/v7e-m/nofp\libg.a(lib_a-fputwc.o)
                0x08009f84                __fputwc
 .text._fputwc_r
                0x0800a02c       0x68 c:/progra~2/gnuarm~1/102021~1.10/bin/../lib/gcc/arm-none-eabi/10.3.1/../../../../arm-none-eabi/lib/thumb/v7e-m/nofp\libg.a(lib_a-fputwc.o)
                0x0800a02c                _fputwc_r
 .text._fstat_r
                0x0800a094       0x2c c:/progra~2/gnuarm~1/102021~1.10/bin/../lib/gcc/arm-none-eabi/10.3.1/../../../../arm-none-eabi/lib/thumb/v7e-m/nofp\libg.a(lib_a-fstatr.o)
                0x0800a094                _fstat_r
 .text.__sfvwrite_r
                0x0800a0c0      0x2e8 c:/progra~2/gnuarm~1/102021~1.10/bin/../lib/gcc/arm-none-eabi/10.3.1/../../../../arm-none-eabi/lib/thumb/v7e-m/nofp\libg.a(lib_a-fvwrite.o)
                0x0800a0c0                __sfvwrite_r
 .text._isatty_r
                0x0800a3a8       0x24 c:/progra~2/gnuarm~1/102021~1.10/bin/../lib/gcc/arm-none-eabi/10.3.1/../../../../arm-none-eabi/lib/thumb/v7e-m/nofp\libg.a(lib_a-isattyr.o)
                0x0800a3a8                _isatty_r
 .text.__locale_mb_cur_max
                0x0800a3cc        0xc c:/progra~2/gnuarm~1/102021~1.10/bin/../lib/gcc/arm-none-eabi/10.3.1/../../../../arm-none-eabi/lib/thumb/v7e-m/nofp\libg.a(lib_a-locale.o)
                0x0800a3cc                __locale_mb_cur_max
 .text._lseek_r
                0x0800a3d8       0x2c c:/progra~2/gnuarm~1/102021~1.10/bin/../lib/gcc/arm-none-eabi/10.3.1/../../../../arm-none-eabi/lib/thumb/v7e-m/nofp\libg.a(lib_a-lseekr.o)
                0x0800a3d8                _lseek_r
 .text.__ascii_mbtowc
                0x0800a404       0x2c c:/progra~2/gnuarm~1/102021~1.10/bin/../lib/gcc/arm-none-eabi/10.3.1/../../../../arm-none-eabi/lib/thumb/v7e-m/nofp\libg.a(lib_a-mbtowc_r.o)
                0x0800a404                __ascii_mbtowc
 .text.memmove  0x0800a430       0xf8 c:/progra~2/gnuarm~1/102021~1.10/bin/../lib/gcc/arm-none-eabi/10.3.1/../../../../arm-none-eabi/lib/thumb/v7e-m/nofp\libg.a(lib_a-memmove.o)
                0x0800a430                memmove
 .text._read_r  0x0800a528       0x2c c:/progra~2/gnuarm~1/102021~1.10/bin/../lib/gcc/arm-none-eabi/10.3.1/../../../../arm-none-eabi/lib/thumb/v7e-m/nofp\libg.a(lib_a-readr.o)
                0x0800a528                _read_r
 .text._realloc_r
                0x0800a554      0x3d8 c:/progra~2/gnuarm~1/102021~1.10/bin/../lib/gcc/arm-none-eabi/10.3.1/../../../../arm-none-eabi/lib/thumb/v7e-m/nofp\libg.a(lib_a-reallocr.o)
                0x0800a554                _realloc_r
 .text.__swbuf_r
                0x0800a92c       0xb0 c:/progra~2/gnuarm~1/102021~1.10/bin/../lib/gcc/arm-none-eabi/10.3.1/../../../../arm-none-eabi/lib/thumb/v7e-m/nofp\libg.a(lib_a-wbuf.o)
                0x0800a92c                __swbuf_r
 .text._wcrtomb_r
                0x0800a9dc       0x3c c:/progra~2/gnuarm~1/102021~1.10/bin/../lib/gcc/arm-none-eabi/10.3.1/../../../../arm-none-eabi/lib/thumb/v7e-m/nofp\libg.a(lib_a-wcrtomb.o)
                0x0800a9dc                _wcrtomb_r
 .text.__ascii_wctomb
                0x0800aa18       0x1c c:/progra~2/gnuarm~1/102021~1.10/bin/../lib/gcc/arm-none-eabi/10.3.1/../../../../arm-none-eabi/lib/thumb/v7e-m/nofp\libg.a(lib_a-wctomb_r.o)
                0x0800aa18                __ascii_wctomb
 .text.abort    0x0800aa34       0x10 c:/progra~2/gnuarm~1/102021~1.10/bin/../lib/gcc/arm-none-eabi/10.3.1/../../../../arm-none-eabi/lib/thumb/v7e-m/nofp\libg.a(lib_a-abort.o)
                0x0800aa34                abort
 .text.raise    0x0800aa44       0x5c c:/progra~2/gnuarm~1/102021~1.10/bin/../lib/gcc/arm-none-eabi/10.3.1/../../../../arm-none-eabi/lib/thumb/v7e-m/nofp\libg.a(lib_a-signal.o)
                0x0800aa44                raise
 .text._kill_r  0x0800aaa0       0x2c c:/progra~2/gnuarm~1/102021~1.10/bin/../lib/gcc/arm-none-eabi/10.3.1/../../../../arm-none-eabi/lib/thumb/v7e-m/nofp\libg.a(lib_a-signalr.o)
                0x0800aaa0                _kill_r
 .text._getpid_r
                0x0800aacc        0x4 c:/progra~2/gnuarm~1/102021~1.10/bin/../lib/gcc/arm-none-eabi/10.3.1/../../../../arm-none-eabi/lib/thumb/v7e-m/nofp\libg.a(lib_a-signalr.o)
                0x0800aacc                _getpid_r
 *(.glue_7)
 .glue_7        0x0800aad0        0x0 linker stubs
 *(.glue_7t)
 .glue_7t       0x0800aad0        0x0 linker stubs
 *(.eh_frame)
 .eh_frame      0x0800aad0        0x0 c:/progra~2/gnuarm~1/102021~1.10/bin/../lib/gcc/arm-none-eabi/10.3.1/thumb/v7e-m/nofp/crtbegin.o
 *(.init)
 .init          0x0800aad0        0x4 c:/progra~2/gnuarm~1/102021~1.10/bin/../lib/gcc/arm-none-eabi/10.3.1/thumb/v7e-m/nofp/crti.o
                0x0800aad0                _init
 .init          0x0800aad4        0x8 c:/progra~2/gnuarm~1/102021~1.10/bin/../lib/gcc/arm-none-eabi/10.3.1/thumb/v7e-m/nofp/crtn.o
 *(.fini)
 .fini          0x0800aadc        0x4 c:/progra~2/gnuarm~1/102021~1.10/bin/../lib/gcc/arm-none-eabi/10.3.1/thumb/v7e-m/nofp/crti.o
                0x0800aadc                _fini
 .fini          0x0800aae0        0x8 c:/progra~2/gnuarm~1/102021~1.10/bin/../lib/gcc/arm-none-eabi/10.3.1/thumb/v7e-m/nofp/crtn.o
                0x0800aae8                . = ALIGN (0x4)
                0x0800aae8                _etext = .

.vfp11_veneer   0x0800aae8        0x0
 .vfp11_veneer  0x0800aae8        0x0 linker stubs

.v4_bx          0x0800aae8        0x0
 .v4_bx         0x0800aae8        0x0 linker stubs

.iplt           0x0800aae8        0x0
 .iplt          0x0800aae8        0x0 c:/progra~2/gnuarm~1/102021~1.10/bin/../lib/gcc/arm-none-eabi/10.3.1/thumb/v7e-m/nofp/crtbegin.o

.rodata         0x0800aae8      0x438
                0x0800aae8                . = ALIGN (0x4)
 *(.rodata)
 *(.rodata*)
 .rodata.HAL_TIM_PeriodElapsedCallback.str1.4
                0x0800aae8       0x20 CMakeFiles/CAR_ALL_Round.elf.dir/Core/Src/main.c.obj
 .rodata.AHBPrescTable
                0x0800ab08       0x10 CMakeFiles/CAR_ALL_Round.elf.dir/Core/Src/system_stm32f4xx.c.obj
                0x0800ab08                AHBPrescTable
 .rodata.APBPrescTable
                0x0800ab18        0x8 CMakeFiles/CAR_ALL_Round.elf.dir/Core/Src/system_stm32f4xx.c.obj
                0x0800ab18                APBPrescTable
 .rodata._global_impure_ptr
                0x0800ab20        0x4 c:/progra~2/gnuarm~1/102021~1.10/bin/../lib/gcc/arm-none-eabi/10.3.1/../../../../arm-none-eabi/lib/thumb/v7e-m/nofp\libg.a(lib_a-impure.o)
                0x0800ab20                _global_impure_ptr
 .rodata._vfprintf_r.str1.4
                0x0800ab24       0x42 c:/progra~2/gnuarm~1/102021~1.10/bin/../lib/gcc/arm-none-eabi/10.3.1/../../../../arm-none-eabi/lib/thumb/v7e-m/nofp\libg.a(lib_a-vfprintf.o)
 *fill*         0x0800ab66        0x2 
 .rodata.blanks.1
                0x0800ab68       0x10 c:/progra~2/gnuarm~1/102021~1.10/bin/../lib/gcc/arm-none-eabi/10.3.1/../../../../arm-none-eabi/lib/thumb/v7e-m/nofp\libg.a(lib_a-vfprintf.o)
 .rodata.zeroes.0
                0x0800ab78       0x10 c:/progra~2/gnuarm~1/102021~1.10/bin/../lib/gcc/arm-none-eabi/10.3.1/../../../../arm-none-eabi/lib/thumb/v7e-m/nofp\libg.a(lib_a-vfprintf.o)
 .rodata._dtoa_r.str1.4
                0x0800ab88       0xa2 c:/progra~2/gnuarm~1/102021~1.10/bin/../lib/gcc/arm-none-eabi/10.3.1/../../../../arm-none-eabi/lib/thumb/v7e-m/nofp\libg.a(lib_a-dtoa.o)
                                 0xa6 (size before relaxing)
 *fill*         0x0800ac2a        0x2 
 .rodata.__multadd.str1.4
                0x0800ac2c       0x7f c:/progra~2/gnuarm~1/102021~1.10/bin/../lib/gcc/arm-none-eabi/10.3.1/../../../../arm-none-eabi/lib/thumb/v7e-m/nofp\libg.a(lib_a-mprec.o)
                                 0x93 (size before relaxing)
 *fill*         0x0800acab        0x5 
 .rodata.__mprec_bigtens
                0x0800acb0       0x28 c:/progra~2/gnuarm~1/102021~1.10/bin/../lib/gcc/arm-none-eabi/10.3.1/../../../../arm-none-eabi/lib/thumb/v7e-m/nofp\libg.a(lib_a-mprec.o)
                0x0800acb0                __mprec_bigtens
 .rodata.__mprec_tens
                0x0800acd8       0xc8 c:/progra~2/gnuarm~1/102021~1.10/bin/../lib/gcc/arm-none-eabi/10.3.1/../../../../arm-none-eabi/lib/thumb/v7e-m/nofp\libg.a(lib_a-mprec.o)
                0x0800acd8                __mprec_tens
 .rodata.p05.0  0x0800ada0        0xc c:/progra~2/gnuarm~1/102021~1.10/bin/../lib/gcc/arm-none-eabi/10.3.1/../../../../arm-none-eabi/lib/thumb/v7e-m/nofp\libg.a(lib_a-mprec.o)
 .rodata._vfiprintf_r.str1.4
                0x0800adac       0x2f c:/progra~2/gnuarm~1/102021~1.10/bin/../lib/gcc/arm-none-eabi/10.3.1/../../../../arm-none-eabi/lib/thumb/v7e-m/nofp\libg.a(lib_a-vfiprintf.o)
 .rodata.blanks.1
                0x0800adac       0x10 c:/progra~2/gnuarm~1/102021~1.10/bin/../lib/gcc/arm-none-eabi/10.3.1/../../../../arm-none-eabi/lib/thumb/v7e-m/nofp\libg.a(lib_a-vfiprintf.o)
 .rodata.zeroes.0
                0x0800adbc       0x10 c:/progra~2/gnuarm~1/102021~1.10/bin/../lib/gcc/arm-none-eabi/10.3.1/../../../../arm-none-eabi/lib/thumb/v7e-m/nofp\libg.a(lib_a-vfiprintf.o)
 .rodata.__assert_func.str1.4
                0x0800adcc       0x3f c:/progra~2/gnuarm~1/102021~1.10/bin/../lib/gcc/arm-none-eabi/10.3.1/../../../../arm-none-eabi/lib/thumb/v7e-m/nofp\libg.a(lib_a-assert.o)
                                 0x43 (size before relaxing)
 *fill*         0x0800ae0b        0x1 
 .rodata._setlocale_r.str1.4
                0x0800ae0c        0xa c:/progra~2/gnuarm~1/102021~1.10/bin/../lib/gcc/arm-none-eabi/10.3.1/../../../../arm-none-eabi/lib/thumb/v7e-m/nofp\libg.a(lib_a-locale.o)
                                  0xd (size before relaxing)
 *fill*         0x0800ae16        0x2 
 .rodata.str1.4
                0x0800ae18        0x2 c:/progra~2/gnuarm~1/102021~1.10/bin/../lib/gcc/arm-none-eabi/10.3.1/../../../../arm-none-eabi/lib/thumb/v7e-m/nofp\libg.a(lib_a-locale.o)
 *fill*         0x0800ae1a        0x2 
 .rodata._ctype_
                0x0800ae1c      0x101 c:/progra~2/gnuarm~1/102021~1.10/bin/../lib/gcc/arm-none-eabi/10.3.1/../../../../arm-none-eabi/lib/thumb/v7e-m/nofp\libg.a(lib_a-ctype_.o)
                0x0800ae1c                _ctype_
                0x0800af20                . = ALIGN (0x4)
 *fill*         0x0800af1d        0x3 

.ARM.extab      0x0800af20        0x0
                0x0800af20                . = ALIGN (0x4)
 *(.ARM.extab* .gnu.linkonce.armextab.*)
                0x0800af20                . = ALIGN (0x4)

.ARM            0x0800af20        0x8
                0x0800af20                . = ALIGN (0x4)
                0x0800af20                __exidx_start = .
 *(.ARM.exidx*)
 .ARM.exidx     0x0800af20        0x8 c:/progra~2/gnuarm~1/102021~1.10/bin/../lib/gcc/arm-none-eabi/10.3.1/thumb/v7e-m/nofp\libgcc.a(_udivmoddi4.o)
                0x0800af28                __exidx_end = .
                0x0800af28                . = ALIGN (0x4)

.rel.dyn        0x0800af28        0x0
 .rel.iplt      0x0800af28        0x0 c:/progra~2/gnuarm~1/102021~1.10/bin/../lib/gcc/arm-none-eabi/10.3.1/thumb/v7e-m/nofp/crtbegin.o

.preinit_array  0x0800af28        0x0
                0x0800af28                . = ALIGN (0x4)
                0x0800af28                PROVIDE (__preinit_array_start = .)
 *(.preinit_array*)
                0x0800af28                PROVIDE (__preinit_array_end = .)
                0x0800af28                . = ALIGN (0x4)

.init_array     0x0800af28        0x8
                0x0800af28                . = ALIGN (0x4)
                0x0800af28                PROVIDE (__init_array_start = .)
 *(SORT_BY_NAME(.init_array.*))
 .init_array.00000
                0x0800af28        0x4 c:/progra~2/gnuarm~1/102021~1.10/bin/../lib/gcc/arm-none-eabi/10.3.1/../../../../arm-none-eabi/lib/thumb/v7e-m/nofp\libg.a(lib_a-__call_atexit.o)
 *(.init_array*)
 .init_array    0x0800af2c        0x4 c:/progra~2/gnuarm~1/102021~1.10/bin/../lib/gcc/arm-none-eabi/10.3.1/thumb/v7e-m/nofp/crtbegin.o
                0x0800af30                PROVIDE (__init_array_end = .)
                0x0800af30                . = ALIGN (0x4)

.fini_array     0x0800af30        0x4
                0x0800af30                . = ALIGN (0x4)
                0x0800af30                PROVIDE (__fini_array_start = .)
 *(SORT_BY_NAME(.fini_array.*))
 *(.fini_array*)
 .fini_array    0x0800af30        0x4 c:/progra~2/gnuarm~1/102021~1.10/bin/../lib/gcc/arm-none-eabi/10.3.1/thumb/v7e-m/nofp/crtbegin.o
                0x0800af34                PROVIDE (__fini_array_end = .)
                0x0800af34                . = ALIGN (0x4)
                0x0800af34                _sidata = LOADADDR (.data)

.data           0x20000000      0x9b8 load address 0x0800af34
                0x20000000                . = ALIGN (0x4)
                0x20000000                _sdata = .
 *(.data)
 *(.data*)
 .data.SystemCoreClock
                0x20000000        0x4 CMakeFiles/CAR_ALL_Round.elf.dir/Core/Src/system_stm32f4xx.c.obj
                0x20000000                SystemCoreClock
 .data.uwTickFreq
                0x20000004        0x1 CMakeFiles/CAR_ALL_Round.elf.dir/Drivers/STM32F4xx_HAL_Driver/Src/stm32f4xx_hal.c.obj
                0x20000004                uwTickFreq
 *fill*         0x20000005        0x3 
 .data.uwTickPrio
                0x20000008        0x4 CMakeFiles/CAR_ALL_Round.elf.dir/Drivers/STM32F4xx_HAL_Driver/Src/stm32f4xx_hal.c.obj
                0x20000008                uwTickPrio
 .data._impure_ptr
                0x2000000c        0x4 c:/progra~2/gnuarm~1/102021~1.10/bin/../lib/gcc/arm-none-eabi/10.3.1/../../../../arm-none-eabi/lib/thumb/v7e-m/nofp\libg.a(lib_a-impure.o)
                0x2000000c                _impure_ptr
 .data.impure_data
                0x20000010      0x428 c:/progra~2/gnuarm~1/102021~1.10/bin/../lib/gcc/arm-none-eabi/10.3.1/../../../../arm-none-eabi/lib/thumb/v7e-m/nofp\libg.a(lib_a-impure.o)
 .data.__atexit_recursive_mutex
                0x20000438        0x4 c:/progra~2/gnuarm~1/102021~1.10/bin/../lib/gcc/arm-none-eabi/10.3.1/../../../../arm-none-eabi/lib/thumb/v7e-m/nofp\libg.a(lib_a-__call_atexit.o)
                0x20000438                __atexit_recursive_mutex
 .data.__malloc_av_
                0x2000043c      0x408 c:/progra~2/gnuarm~1/102021~1.10/bin/../lib/gcc/arm-none-eabi/10.3.1/../../../../arm-none-eabi/lib/thumb/v7e-m/nofp\libg.a(lib_a-mallocr.o)
                0x2000043c                __malloc_av_
 .data.__malloc_sbrk_base
                0x20000844        0x4 c:/progra~2/gnuarm~1/102021~1.10/bin/../lib/gcc/arm-none-eabi/10.3.1/../../../../arm-none-eabi/lib/thumb/v7e-m/nofp\libg.a(lib_a-mallocr.o)
                0x20000844                __malloc_sbrk_base
 .data.__malloc_trim_threshold
                0x20000848        0x4 c:/progra~2/gnuarm~1/102021~1.10/bin/../lib/gcc/arm-none-eabi/10.3.1/../../../../arm-none-eabi/lib/thumb/v7e-m/nofp\libg.a(lib_a-mallocr.o)
                0x20000848                __malloc_trim_threshold
 .data.__global_locale
                0x2000084c      0x16c c:/progra~2/gnuarm~1/102021~1.10/bin/../lib/gcc/arm-none-eabi/10.3.1/../../../../arm-none-eabi/lib/thumb/v7e-m/nofp\libg.a(lib_a-locale.o)
                0x2000084c                __global_locale
 *(.RamFunc)
 *(.RamFunc*)
                0x200009b8                . = ALIGN (0x4)
                0x200009b8                _edata = .

.igot.plt       0x200009b8        0x0 load address 0x0800b8ec
 .igot.plt      0x200009b8        0x0 c:/progra~2/gnuarm~1/102021~1.10/bin/../lib/gcc/arm-none-eabi/10.3.1/thumb/v7e-m/nofp/crtbegin.o
                0x200009b8                . = ALIGN (0x4)

.bss            0x200009b8      0x46c load address 0x0800b8ec
                0x200009b8                _sbss = .
                0x200009b8                __bss_start__ = _sbss
 *(.bss)
 .bss           0x200009b8       0x1c c:/progra~2/gnuarm~1/102021~1.10/bin/../lib/gcc/arm-none-eabi/10.3.1/thumb/v7e-m/nofp/crtbegin.o
 *(.bss*)
 .bss.hadc1     0x200009d4       0x48 CMakeFiles/CAR_ALL_Round.elf.dir/Core/Src/adc.c.obj
                0x200009d4                hadc1
 .bss.hi2c1     0x20000a1c       0x54 CMakeFiles/CAR_ALL_Round.elf.dir/Core/Src/i2c.c.obj
                0x20000a1c                hi2c1
 .bss.RxBuffer  0x20000a70        0x1 CMakeFiles/CAR_ALL_Round.elf.dir/Core/Src/main.c.obj
                0x20000a70                RxBuffer
 *fill*         0x20000a71        0x3 
 .bss.Target_Angle
                0x20000a74        0x4 CMakeFiles/CAR_ALL_Round.elf.dir/Core/Src/main.c.obj
                0x20000a74                Target_Angle
 .bss.Target_Speed
                0x20000a78        0x4 CMakeFiles/CAR_ALL_Round.elf.dir/Core/Src/main.c.obj
                0x20000a78                Target_Speed
 .bss.Target_Speed_A
                0x20000a7c        0x4 CMakeFiles/CAR_ALL_Round.elf.dir/Core/Src/main.c.obj
                0x20000a7c                Target_Speed_A
 .bss.Target_Speed_B
                0x20000a80        0x4 CMakeFiles/CAR_ALL_Round.elf.dir/Core/Src/main.c.obj
                0x20000a80                Target_Speed_B
 .bss.Target_Speed_C
                0x20000a84        0x4 CMakeFiles/CAR_ALL_Round.elf.dir/Core/Src/main.c.obj
                0x20000a84                Target_Speed_C
 .bss.Target_Speed_D
                0x20000a88        0x4 CMakeFiles/CAR_ALL_Round.elf.dir/Core/Src/main.c.obj
                0x20000a88                Target_Speed_D
 .bss.angleNow1
                0x20000a8c        0x4 CMakeFiles/CAR_ALL_Round.elf.dir/Core/Src/main.c.obj
                0x20000a8c                angleNow1
 .bss.angleNow2
                0x20000a90        0x4 CMakeFiles/CAR_ALL_Round.elf.dir/Core/Src/main.c.obj
                0x20000a90                angleNow2
 .bss.angleNow3
                0x20000a94        0x4 CMakeFiles/CAR_ALL_Round.elf.dir/Core/Src/main.c.obj
                0x20000a94                angleNow3
 .bss.angleNow4
                0x20000a98        0x4 CMakeFiles/CAR_ALL_Round.elf.dir/Core/Src/main.c.obj
                0x20000a98                angleNow4
 .bss.encoder_now1
                0x20000a9c        0x2 CMakeFiles/CAR_ALL_Round.elf.dir/Core/Src/main.c.obj
                0x20000a9c                encoder_now1
 .bss.encoder_now2
                0x20000a9e        0x2 CMakeFiles/CAR_ALL_Round.elf.dir/Core/Src/main.c.obj
                0x20000a9e                encoder_now2
 .bss.encoder_now3
                0x20000aa0        0x2 CMakeFiles/CAR_ALL_Round.elf.dir/Core/Src/main.c.obj
                0x20000aa0                encoder_now3
 .bss.encoder_now4
                0x20000aa2        0x2 CMakeFiles/CAR_ALL_Round.elf.dir/Core/Src/main.c.obj
                0x20000aa2                encoder_now4
 .bss.pid_angle
                0x20000aa4       0x24 CMakeFiles/CAR_ALL_Round.elf.dir/Core/Src/main.c.obj
                0x20000aa4                pid_angle
 .bss.pid_position
                0x20000ac8       0x24 CMakeFiles/CAR_ALL_Round.elf.dir/Core/Src/main.c.obj
                0x20000ac8                pid_position
 .bss.pid_speed
                0x20000aec       0x24 CMakeFiles/CAR_ALL_Round.elf.dir/Core/Src/main.c.obj
                0x20000aec                pid_speed
 .bss.pid_speed_B
                0x20000b10       0x24 CMakeFiles/CAR_ALL_Round.elf.dir/Core/Src/main.c.obj
                0x20000b10                pid_speed_B
 .bss.pid_speed_C
                0x20000b34       0x24 CMakeFiles/CAR_ALL_Round.elf.dir/Core/Src/main.c.obj
                0x20000b34                pid_speed_C
 .bss.pid_speed_D
                0x20000b58       0x24 CMakeFiles/CAR_ALL_Round.elf.dir/Core/Src/main.c.obj
                0x20000b58                pid_speed_D
 .bss.time1     0x20000b7c        0x1 CMakeFiles/CAR_ALL_Round.elf.dir/Core/Src/main.c.obj
                0x20000b7c                time1
 *fill*         0x20000b7d        0x3 
 .bss.__sbrk_heap_end
                0x20000b80        0x4 CMakeFiles/CAR_ALL_Round.elf.dir/Core/Src/sysmem.c.obj
 .bss.htim1     0x20000b84       0x48 CMakeFiles/CAR_ALL_Round.elf.dir/Core/Src/tim.c.obj
                0x20000b84                htim1
 .bss.htim2     0x20000bcc       0x48 CMakeFiles/CAR_ALL_Round.elf.dir/Core/Src/tim.c.obj
                0x20000bcc                htim2
 .bss.htim3     0x20000c14       0x48 CMakeFiles/CAR_ALL_Round.elf.dir/Core/Src/tim.c.obj
                0x20000c14                htim3
 .bss.htim4     0x20000c5c       0x48 CMakeFiles/CAR_ALL_Round.elf.dir/Core/Src/tim.c.obj
                0x20000c5c                htim4
 .bss.htim5     0x20000ca4       0x48 CMakeFiles/CAR_ALL_Round.elf.dir/Core/Src/tim.c.obj
                0x20000ca4                htim5
 .bss.htim9     0x20000cec       0x48 CMakeFiles/CAR_ALL_Round.elf.dir/Core/Src/tim.c.obj
                0x20000cec                htim9
 .bss.huart1    0x20000d34       0x44 CMakeFiles/CAR_ALL_Round.elf.dir/Core/Src/usart.c.obj
                0x20000d34                huart1
 .bss.motorA    0x20000d78       0x14 CMakeFiles/CAR_ALL_Round.elf.dir/Core/User/Motor.c.obj
                0x20000d78                motorA
 .bss.motorB    0x20000d8c       0x14 CMakeFiles/CAR_ALL_Round.elf.dir/Core/User/Motor.c.obj
                0x20000d8c                motorB
 .bss.motorC    0x20000da0       0x14 CMakeFiles/CAR_ALL_Round.elf.dir/Core/User/Motor.c.obj
                0x20000da0                motorC
 .bss.motorD    0x20000db4       0x14 CMakeFiles/CAR_ALL_Round.elf.dir/Core/User/Motor.c.obj
                0x20000db4                motorD
 .bss.Data      0x20000dc8        0x9 CMakeFiles/CAR_ALL_Round.elf.dir/Core/User/PS2.c.obj
                0x20000dc8                Data
 *fill*         0x20000dd1        0x3 
 .bss.gHuart    0x20000dd4        0x4 CMakeFiles/CAR_ALL_Round.elf.dir/Core/User/retarget.c.obj
                0x20000dd4                gHuart
 .bss.uwTick    0x20000dd8        0x4 CMakeFiles/CAR_ALL_Round.elf.dir/Drivers/STM32F4xx_HAL_Driver/Src/stm32f4xx_hal.c.obj
                0x20000dd8                uwTick
 .bss.__lock___atexit_recursive_mutex
                0x20000ddc        0x1 c:/progra~2/gnuarm~1/102021~1.10/bin/../lib/gcc/arm-none-eabi/10.3.1/../../../../arm-none-eabi/lib/thumb/v7e-m/nofp\libg.a(lib_a-lock.o)
                0x20000ddc                __lock___atexit_recursive_mutex
 *fill*         0x20000ddd        0x3 
 .bss.__lock___malloc_recursive_mutex
                0x20000de0        0x1 c:/progra~2/gnuarm~1/102021~1.10/bin/../lib/gcc/arm-none-eabi/10.3.1/../../../../arm-none-eabi/lib/thumb/v7e-m/nofp\libg.a(lib_a-lock.o)
                0x20000de0                __lock___malloc_recursive_mutex
 *fill*         0x20000de1        0x3 
 .bss.__lock___sfp_recursive_mutex
                0x20000de4        0x1 c:/progra~2/gnuarm~1/102021~1.10/bin/../lib/gcc/arm-none-eabi/10.3.1/../../../../arm-none-eabi/lib/thumb/v7e-m/nofp\libg.a(lib_a-lock.o)
                0x20000de4                __lock___sfp_recursive_mutex
 *fill*         0x20000de5        0x3 
 .bss.__lock___sinit_recursive_mutex
                0x20000de8        0x1 c:/progra~2/gnuarm~1/102021~1.10/bin/../lib/gcc/arm-none-eabi/10.3.1/../../../../arm-none-eabi/lib/thumb/v7e-m/nofp\libg.a(lib_a-lock.o)
                0x20000de8                __lock___sinit_recursive_mutex
 *fill*         0x20000de9        0x3 
 .bss.__malloc_current_mallinfo
                0x20000dec       0x28 c:/progra~2/gnuarm~1/102021~1.10/bin/../lib/gcc/arm-none-eabi/10.3.1/../../../../arm-none-eabi/lib/thumb/v7e-m/nofp\libg.a(lib_a-mallocr.o)
                0x20000dec                __malloc_current_mallinfo
 .bss.__malloc_max_sbrked_mem
                0x20000e14        0x4 c:/progra~2/gnuarm~1/102021~1.10/bin/../lib/gcc/arm-none-eabi/10.3.1/../../../../arm-none-eabi/lib/thumb/v7e-m/nofp\libg.a(lib_a-mallocr.o)
                0x20000e14                __malloc_max_sbrked_mem
 .bss.__malloc_max_total_mem
                0x20000e18        0x4 c:/progra~2/gnuarm~1/102021~1.10/bin/../lib/gcc/arm-none-eabi/10.3.1/../../../../arm-none-eabi/lib/thumb/v7e-m/nofp\libg.a(lib_a-mallocr.o)
                0x20000e18                __malloc_max_total_mem
 .bss.__malloc_top_pad
                0x20000e1c        0x4 c:/progra~2/gnuarm~1/102021~1.10/bin/../lib/gcc/arm-none-eabi/10.3.1/../../../../arm-none-eabi/lib/thumb/v7e-m/nofp\libg.a(lib_a-mallocr.o)
                0x20000e1c                __malloc_top_pad
 .bss.errno     0x20000e20        0x4 c:/progra~2/gnuarm~1/102021~1.10/bin/../lib/gcc/arm-none-eabi/10.3.1/../../../../arm-none-eabi/lib/thumb/v7e-m/nofp\libg.a(lib_a-reent.o)
                0x20000e20                errno
 *(COMMON)
                0x20000e24                . = ALIGN (0x4)
                0x20000e24                _ebss = .
                0x20000e24                __bss_end__ = _ebss

._user_heap_stack
                0x20000e24      0x604 load address 0x0800b8ec
                0x20000e28                . = ALIGN (0x8)
 *fill*         0x20000e24        0x4 
                [!provide]                PROVIDE (end = .)
                0x20000e28                PROVIDE (_end = .)
                0x20001028                . = (. + _Min_Heap_Size)
 *fill*         0x20000e28      0x200 
                0x20001428                . = (. + _Min_Stack_Size)
 *fill*         0x20001028      0x400 
                0x20001428                . = ALIGN (0x8)

/DISCARD/
 libc.a(*)
 libm.a(*)
 libgcc.a(*)

.ARM.attributes
                0x00000000       0x2a
 *(.ARM.attributes)
 .ARM.attributes
                0x00000000       0x1e c:/progra~2/gnuarm~1/102021~1.10/bin/../lib/gcc/arm-none-eabi/10.3.1/thumb/v7e-m/nofp/crti.o
 .ARM.attributes
                0x0000001e       0x2e c:/progra~2/gnuarm~1/102021~1.10/bin/../lib/gcc/arm-none-eabi/10.3.1/thumb/v7e-m/nofp/crtbegin.o
 .ARM.attributes
                0x0000004c       0x2e CMakeFiles/CAR_ALL_Round.elf.dir/Core/Src/adc.c.obj
 .ARM.attributes
                0x0000007a       0x2e CMakeFiles/CAR_ALL_Round.elf.dir/Core/Src/gpio.c.obj
 .ARM.attributes
                0x000000a8       0x2e CMakeFiles/CAR_ALL_Round.elf.dir/Core/Src/i2c.c.obj
 .ARM.attributes
                0x000000d6       0x2e CMakeFiles/CAR_ALL_Round.elf.dir/Core/Src/main.c.obj
 .ARM.attributes
                0x00000104       0x2e CMakeFiles/CAR_ALL_Round.elf.dir/Core/Src/stm32f4xx_hal_msp.c.obj
 .ARM.attributes
                0x00000132       0x2e CMakeFiles/CAR_ALL_Round.elf.dir/Core/Src/stm32f4xx_it.c.obj
 .ARM.attributes
                0x00000160       0x2e CMakeFiles/CAR_ALL_Round.elf.dir/Core/Src/syscalls.c.obj
 .ARM.attributes
                0x0000018e       0x2e CMakeFiles/CAR_ALL_Round.elf.dir/Core/Src/sysmem.c.obj
 .ARM.attributes
                0x000001bc       0x2e CMakeFiles/CAR_ALL_Round.elf.dir/Core/Src/system_stm32f4xx.c.obj
 .ARM.attributes
                0x000001ea       0x2e CMakeFiles/CAR_ALL_Round.elf.dir/Core/Src/tim.c.obj
 .ARM.attributes
                0x00000218       0x2e CMakeFiles/CAR_ALL_Round.elf.dir/Core/Src/usart.c.obj
 .ARM.attributes
                0x00000246       0x21 CMakeFiles/CAR_ALL_Round.elf.dir/Core/Startup/startup_stm32f411ceux.s.obj
 .ARM.attributes
                0x00000267       0x2e CMakeFiles/CAR_ALL_Round.elf.dir/Core/User/Motor.c.obj
 .ARM.attributes
                0x00000295       0x2e CMakeFiles/CAR_ALL_Round.elf.dir/Core/User/PID.c.obj
 .ARM.attributes
                0x000002c3       0x2e CMakeFiles/CAR_ALL_Round.elf.dir/Core/User/PS2.c.obj
 .ARM.attributes
                0x000002f1       0x2e CMakeFiles/CAR_ALL_Round.elf.dir/Core/User/retarget.c.obj
 .ARM.attributes
                0x0000031f       0x2e CMakeFiles/CAR_ALL_Round.elf.dir/Drivers/STM32F4xx_HAL_Driver/Src/stm32f4xx_hal.c.obj
 .ARM.attributes
                0x0000034d       0x2e CMakeFiles/CAR_ALL_Round.elf.dir/Drivers/STM32F4xx_HAL_Driver/Src/stm32f4xx_hal_adc.c.obj
 .ARM.attributes
                0x0000037b       0x2e CMakeFiles/CAR_ALL_Round.elf.dir/Drivers/STM32F4xx_HAL_Driver/Src/stm32f4xx_hal_cortex.c.obj
 .ARM.attributes
                0x000003a9       0x2e CMakeFiles/CAR_ALL_Round.elf.dir/Drivers/STM32F4xx_HAL_Driver/Src/stm32f4xx_hal_gpio.c.obj
 .ARM.attributes
                0x000003d7       0x2e CMakeFiles/CAR_ALL_Round.elf.dir/Drivers/STM32F4xx_HAL_Driver/Src/stm32f4xx_hal_i2c.c.obj
 .ARM.attributes
                0x00000405       0x2e CMakeFiles/CAR_ALL_Round.elf.dir/Drivers/STM32F4xx_HAL_Driver/Src/stm32f4xx_hal_rcc.c.obj
 .ARM.attributes
                0x00000433       0x2e CMakeFiles/CAR_ALL_Round.elf.dir/Drivers/STM32F4xx_HAL_Driver/Src/stm32f4xx_hal_tim.c.obj
 .ARM.attributes
                0x00000461       0x2e CMakeFiles/CAR_ALL_Round.elf.dir/Drivers/STM32F4xx_HAL_Driver/Src/stm32f4xx_hal_tim_ex.c.obj
 .ARM.attributes
                0x0000048f       0x2e CMakeFiles/CAR_ALL_Round.elf.dir/Drivers/STM32F4xx_HAL_Driver/Src/stm32f4xx_hal_uart.c.obj
 .ARM.attributes
                0x000004bd       0x1e c:/progra~2/gnuarm~1/102021~1.10/bin/../lib/gcc/arm-none-eabi/10.3.1/thumb/v7e-m/nofp\libgcc.a(_arm_addsubdf3.o)
 .ARM.attributes
                0x000004db       0x1e c:/progra~2/gnuarm~1/102021~1.10/bin/../lib/gcc/arm-none-eabi/10.3.1/thumb/v7e-m/nofp\libgcc.a(_arm_muldivdf3.o)
 .ARM.attributes
                0x000004f9       0x1e c:/progra~2/gnuarm~1/102021~1.10/bin/../lib/gcc/arm-none-eabi/10.3.1/thumb/v7e-m/nofp\libgcc.a(_arm_cmpdf2.o)
 .ARM.attributes
                0x00000517       0x1e c:/progra~2/gnuarm~1/102021~1.10/bin/../lib/gcc/arm-none-eabi/10.3.1/thumb/v7e-m/nofp\libgcc.a(_arm_truncdfsf2.o)
 .ARM.attributes
                0x00000535       0x1e c:/progra~2/gnuarm~1/102021~1.10/bin/../lib/gcc/arm-none-eabi/10.3.1/thumb/v7e-m/nofp\libgcc.a(_arm_addsubsf3.o)
 .ARM.attributes
                0x00000553       0x1e c:/progra~2/gnuarm~1/102021~1.10/bin/../lib/gcc/arm-none-eabi/10.3.1/thumb/v7e-m/nofp\libgcc.a(_arm_muldivsf3.o)
 .ARM.attributes
                0x00000571       0x1e c:/progra~2/gnuarm~1/102021~1.10/bin/../lib/gcc/arm-none-eabi/10.3.1/thumb/v7e-m/nofp\libgcc.a(_arm_cmpsf2.o)
 .ARM.attributes
                0x0000058f       0x1e c:/progra~2/gnuarm~1/102021~1.10/bin/../lib/gcc/arm-none-eabi/10.3.1/thumb/v7e-m/nofp\libgcc.a(_arm_fixsfsi.o)
 .ARM.attributes
                0x000005ad       0x1e c:/progra~2/gnuarm~1/102021~1.10/bin/../lib/gcc/arm-none-eabi/10.3.1/thumb/v7e-m/nofp\libgcc.a(_aeabi_uldivmod.o)
 .ARM.attributes
                0x000005cb       0x2e c:/progra~2/gnuarm~1/102021~1.10/bin/../lib/gcc/arm-none-eabi/10.3.1/thumb/v7e-m/nofp\libgcc.a(_udivmoddi4.o)
 .ARM.attributes
                0x000005f9       0x1e c:/progra~2/gnuarm~1/102021~1.10/bin/../lib/gcc/arm-none-eabi/10.3.1/thumb/v7e-m/nofp\libgcc.a(_dvmd_tls.o)
 .ARM.attributes
                0x00000617       0x2e c:/progra~2/gnuarm~1/102021~1.10/bin/../lib/gcc/arm-none-eabi/10.3.1/../../../../arm-none-eabi/lib/thumb/v7e-m/nofp\libg.a(lib_a-errno.o)
 .ARM.attributes
                0x00000645       0x2e c:/progra~2/gnuarm~1/102021~1.10/bin/../lib/gcc/arm-none-eabi/10.3.1/../../../../arm-none-eabi/lib/thumb/v7e-m/nofp\libg.a(lib_a-impure.o)
 .ARM.attributes
                0x00000673       0x2e c:/progra~2/gnuarm~1/102021~1.10/bin/../lib/gcc/arm-none-eabi/10.3.1/../../../../arm-none-eabi/lib/thumb/v7e-m/nofp\libg.a(lib_a-init.o)
 .ARM.attributes
                0x000006a1       0x2e c:/progra~2/gnuarm~1/102021~1.10/bin/../lib/gcc/arm-none-eabi/10.3.1/../../../../arm-none-eabi/lib/thumb/v7e-m/nofp\libg.a(lib_a-memset.o)
 .ARM.attributes
                0x000006cf       0x2e c:/progra~2/gnuarm~1/102021~1.10/bin/../lib/gcc/arm-none-eabi/10.3.1/../../../../arm-none-eabi/lib/thumb/v7e-m/nofp\libg.a(lib_a-printf.o)
 .ARM.attributes
                0x000006fd       0x2e c:/progra~2/gnuarm~1/102021~1.10/bin/../lib/gcc/arm-none-eabi/10.3.1/../../../../arm-none-eabi/lib/thumb/v7e-m/nofp\libg.a(lib_a-setvbuf.o)
 .ARM.attributes
                0x0000072b       0x2e c:/progra~2/gnuarm~1/102021~1.10/bin/../lib/gcc/arm-none-eabi/10.3.1/../../../../arm-none-eabi/lib/thumb/v7e-m/nofp\libg.a(lib_a-vfprintf.o)
 .ARM.attributes
                0x00000759       0x2e c:/progra~2/gnuarm~1/102021~1.10/bin/../lib/gcc/arm-none-eabi/10.3.1/../../../../arm-none-eabi/lib/thumb/v7e-m/nofp\libg.a(lib_a-wsetup.o)
 .ARM.attributes
                0x00000787       0x2e c:/progra~2/gnuarm~1/102021~1.10/bin/../lib/gcc/arm-none-eabi/10.3.1/../../../../arm-none-eabi/lib/thumb/v7e-m/nofp\libg.a(lib_a-__call_atexit.o)
 .ARM.attributes
                0x000007b5       0x2e c:/progra~2/gnuarm~1/102021~1.10/bin/../lib/gcc/arm-none-eabi/10.3.1/../../../../arm-none-eabi/lib/thumb/v7e-m/nofp\libg.a(lib_a-atexit.o)
 .ARM.attributes
                0x000007e3       0x2e c:/progra~2/gnuarm~1/102021~1.10/bin/../lib/gcc/arm-none-eabi/10.3.1/../../../../arm-none-eabi/lib/thumb/v7e-m/nofp\libg.a(lib_a-dtoa.o)
 .ARM.attributes
                0x00000811       0x2e c:/progra~2/gnuarm~1/102021~1.10/bin/../lib/gcc/arm-none-eabi/10.3.1/../../../../arm-none-eabi/lib/thumb/v7e-m/nofp\libg.a(lib_a-fflush.o)
 .ARM.attributes
                0x0000083f       0x2e c:/progra~2/gnuarm~1/102021~1.10/bin/../lib/gcc/arm-none-eabi/10.3.1/../../../../arm-none-eabi/lib/thumb/v7e-m/nofp\libg.a(lib_a-findfp.o)
 .ARM.attributes
                0x0000086d       0x2e c:/progra~2/gnuarm~1/102021~1.10/bin/../lib/gcc/arm-none-eabi/10.3.1/../../../../arm-none-eabi/lib/thumb/v7e-m/nofp\libg.a(lib_a-fini.o)
 .ARM.attributes
                0x0000089b       0x2e c:/progra~2/gnuarm~1/102021~1.10/bin/../lib/gcc/arm-none-eabi/10.3.1/../../../../arm-none-eabi/lib/thumb/v7e-m/nofp\libg.a(lib_a-freer.o)
 .ARM.attributes
                0x000008c9       0x2e c:/progra~2/gnuarm~1/102021~1.10/bin/../lib/gcc/arm-none-eabi/10.3.1/../../../../arm-none-eabi/lib/thumb/v7e-m/nofp\libg.a(lib_a-fwalk.o)
 .ARM.attributes
                0x000008f7       0x2e c:/progra~2/gnuarm~1/102021~1.10/bin/../lib/gcc/arm-none-eabi/10.3.1/../../../../arm-none-eabi/lib/thumb/v7e-m/nofp\libg.a(lib_a-localeconv.o)
 .ARM.attributes
                0x00000925       0x2e c:/progra~2/gnuarm~1/102021~1.10/bin/../lib/gcc/arm-none-eabi/10.3.1/../../../../arm-none-eabi/lib/thumb/v7e-m/nofp\libg.a(lib_a-lock.o)
 .ARM.attributes
                0x00000953       0x2e c:/progra~2/gnuarm~1/102021~1.10/bin/../lib/gcc/arm-none-eabi/10.3.1/../../../../arm-none-eabi/lib/thumb/v7e-m/nofp\libg.a(lib_a-makebuf.o)
 .ARM.attributes
                0x00000981       0x2e c:/progra~2/gnuarm~1/102021~1.10/bin/../lib/gcc/arm-none-eabi/10.3.1/../../../../arm-none-eabi/lib/thumb/v7e-m/nofp\libg.a(lib_a-malloc.o)
 .ARM.attributes
                0x000009af       0x2e c:/progra~2/gnuarm~1/102021~1.10/bin/../lib/gcc/arm-none-eabi/10.3.1/../../../../arm-none-eabi/lib/thumb/v7e-m/nofp\libg.a(lib_a-mallocr.o)
 .ARM.attributes
                0x000009dd       0x1c c:/progra~2/gnuarm~1/102021~1.10/bin/../lib/gcc/arm-none-eabi/10.3.1/../../../../arm-none-eabi/lib/thumb/v7e-m/nofp\libg.a(lib_a-memchr.o)
 .ARM.attributes
                0x000009f9       0x1c c:/progra~2/gnuarm~1/102021~1.10/bin/../lib/gcc/arm-none-eabi/10.3.1/../../../../arm-none-eabi/lib/thumb/v7e-m/nofp\libg.a(lib_a-memcpy.o)
 .ARM.attributes
                0x00000a15       0x2e c:/progra~2/gnuarm~1/102021~1.10/bin/../lib/gcc/arm-none-eabi/10.3.1/../../../../arm-none-eabi/lib/thumb/v7e-m/nofp\libg.a(lib_a-mlock.o)
 .ARM.attributes
                0x00000a43       0x2e c:/progra~2/gnuarm~1/102021~1.10/bin/../lib/gcc/arm-none-eabi/10.3.1/../../../../arm-none-eabi/lib/thumb/v7e-m/nofp\libg.a(lib_a-mprec.o)
 .ARM.attributes
                0x00000a71       0x2e c:/progra~2/gnuarm~1/102021~1.10/bin/../lib/gcc/arm-none-eabi/10.3.1/../../../../arm-none-eabi/lib/thumb/v7e-m/nofp\libg.a(lib_a-s_frexp.o)
 .ARM.attributes
                0x00000a9f       0x2e c:/progra~2/gnuarm~1/102021~1.10/bin/../lib/gcc/arm-none-eabi/10.3.1/../../../../arm-none-eabi/lib/thumb/v7e-m/nofp\libg.a(lib_a-sbrkr.o)
 .ARM.attributes
                0x00000acd       0x2e c:/progra~2/gnuarm~1/102021~1.10/bin/../lib/gcc/arm-none-eabi/10.3.1/../../../../arm-none-eabi/lib/thumb/v7e-m/nofp\libg.a(lib_a-stdio.o)
 .ARM.attributes
                0x00000afb       0x1c c:/progra~2/gnuarm~1/102021~1.10/bin/../lib/gcc/arm-none-eabi/10.3.1/../../../../arm-none-eabi/lib/thumb/v7e-m/nofp\libg.a(lib_a-strlen.o)
 .ARM.attributes
                0x00000b17       0x2e c:/progra~2/gnuarm~1/102021~1.10/bin/../lib/gcc/arm-none-eabi/10.3.1/../../../../arm-none-eabi/lib/thumb/v7e-m/nofp\libg.a(lib_a-strncpy.o)
 .ARM.attributes
                0x00000b45       0x2e c:/progra~2/gnuarm~1/102021~1.10/bin/../lib/gcc/arm-none-eabi/10.3.1/../../../../arm-none-eabi/lib/thumb/v7e-m/nofp\libg.a(lib_a-vfiprintf.o)
 .ARM.attributes
                0x00000b73       0x2e c:/progra~2/gnuarm~1/102021~1.10/bin/../lib/gcc/arm-none-eabi/10.3.1/../../../../arm-none-eabi/lib/thumb/v7e-m/nofp\libg.a(lib_a-writer.o)
 .ARM.attributes
                0x00000ba1       0x2e c:/progra~2/gnuarm~1/102021~1.10/bin/../lib/gcc/arm-none-eabi/10.3.1/../../../../arm-none-eabi/lib/thumb/v7e-m/nofp\libg.a(lib_a-__atexit.o)
 .ARM.attributes
                0x00000bcf       0x2e c:/progra~2/gnuarm~1/102021~1.10/bin/../lib/gcc/arm-none-eabi/10.3.1/../../../../arm-none-eabi/lib/thumb/v7e-m/nofp\libg.a(lib_a-assert.o)
 .ARM.attributes
                0x00000bfd       0x2e c:/progra~2/gnuarm~1/102021~1.10/bin/../lib/gcc/arm-none-eabi/10.3.1/../../../../arm-none-eabi/lib/thumb/v7e-m/nofp\libg.a(lib_a-callocr.o)
 .ARM.attributes
                0x00000c2b       0x2e c:/progra~2/gnuarm~1/102021~1.10/bin/../lib/gcc/arm-none-eabi/10.3.1/../../../../arm-none-eabi/lib/thumb/v7e-m/nofp\libg.a(lib_a-closer.o)
 .ARM.attributes
                0x00000c59       0x2e c:/progra~2/gnuarm~1/102021~1.10/bin/../lib/gcc/arm-none-eabi/10.3.1/../../../../arm-none-eabi/lib/thumb/v7e-m/nofp\libg.a(lib_a-fclose.o)
 .ARM.attributes
                0x00000c87       0x2e c:/progra~2/gnuarm~1/102021~1.10/bin/../lib/gcc/arm-none-eabi/10.3.1/../../../../arm-none-eabi/lib/thumb/v7e-m/nofp\libg.a(lib_a-fiprintf.o)
 .ARM.attributes
                0x00000cb5       0x2e c:/progra~2/gnuarm~1/102021~1.10/bin/../lib/gcc/arm-none-eabi/10.3.1/../../../../arm-none-eabi/lib/thumb/v7e-m/nofp\libg.a(lib_a-fputwc.o)
 .ARM.attributes
                0x00000ce3       0x2e c:/progra~2/gnuarm~1/102021~1.10/bin/../lib/gcc/arm-none-eabi/10.3.1/../../../../arm-none-eabi/lib/thumb/v7e-m/nofp\libg.a(lib_a-fstatr.o)
 .ARM.attributes
                0x00000d11       0x2e c:/progra~2/gnuarm~1/102021~1.10/bin/../lib/gcc/arm-none-eabi/10.3.1/../../../../arm-none-eabi/lib/thumb/v7e-m/nofp\libg.a(lib_a-fvwrite.o)
 .ARM.attributes
                0x00000d3f       0x2e c:/progra~2/gnuarm~1/102021~1.10/bin/../lib/gcc/arm-none-eabi/10.3.1/../../../../arm-none-eabi/lib/thumb/v7e-m/nofp\libg.a(lib_a-isattyr.o)
 .ARM.attributes
                0x00000d6d       0x2e c:/progra~2/gnuarm~1/102021~1.10/bin/../lib/gcc/arm-none-eabi/10.3.1/../../../../arm-none-eabi/lib/thumb/v7e-m/nofp\libg.a(lib_a-locale.o)
 .ARM.attributes
                0x00000d9b       0x2e c:/progra~2/gnuarm~1/102021~1.10/bin/../lib/gcc/arm-none-eabi/10.3.1/../../../../arm-none-eabi/lib/thumb/v7e-m/nofp\libg.a(lib_a-lseekr.o)
 .ARM.attributes
                0x00000dc9       0x2e c:/progra~2/gnuarm~1/102021~1.10/bin/../lib/gcc/arm-none-eabi/10.3.1/../../../../arm-none-eabi/lib/thumb/v7e-m/nofp\libg.a(lib_a-mbtowc_r.o)
 .ARM.attributes
                0x00000df7       0x2e c:/progra~2/gnuarm~1/102021~1.10/bin/../lib/gcc/arm-none-eabi/10.3.1/../../../../arm-none-eabi/lib/thumb/v7e-m/nofp\libg.a(lib_a-memmove.o)
 .ARM.attributes
                0x00000e25       0x2e c:/progra~2/gnuarm~1/102021~1.10/bin/../lib/gcc/arm-none-eabi/10.3.1/../../../../arm-none-eabi/lib/thumb/v7e-m/nofp\libg.a(lib_a-readr.o)
 .ARM.attributes
                0x00000e53       0x2e c:/progra~2/gnuarm~1/102021~1.10/bin/../lib/gcc/arm-none-eabi/10.3.1/../../../../arm-none-eabi/lib/thumb/v7e-m/nofp\libg.a(lib_a-reallocr.o)
 .ARM.attributes
                0x00000e81       0x2e c:/progra~2/gnuarm~1/102021~1.10/bin/../lib/gcc/arm-none-eabi/10.3.1/../../../../arm-none-eabi/lib/thumb/v7e-m/nofp\libg.a(lib_a-reent.o)
 .ARM.attributes
                0x00000eaf       0x2e c:/progra~2/gnuarm~1/102021~1.10/bin/../lib/gcc/arm-none-eabi/10.3.1/../../../../arm-none-eabi/lib/thumb/v7e-m/nofp\libg.a(lib_a-wbuf.o)
 .ARM.attributes
                0x00000edd       0x2e c:/progra~2/gnuarm~1/102021~1.10/bin/../lib/gcc/arm-none-eabi/10.3.1/../../../../arm-none-eabi/lib/thumb/v7e-m/nofp\libg.a(lib_a-wcrtomb.o)
 .ARM.attributes
                0x00000f0b       0x2e c:/progra~2/gnuarm~1/102021~1.10/bin/../lib/gcc/arm-none-eabi/10.3.1/../../../../arm-none-eabi/lib/thumb/v7e-m/nofp\libg.a(lib_a-wctomb_r.o)
 .ARM.attributes
                0x00000f39       0x2e c:/progra~2/gnuarm~1/102021~1.10/bin/../lib/gcc/arm-none-eabi/10.3.1/../../../../arm-none-eabi/lib/thumb/v7e-m/nofp\libg.a(lib_a-abort.o)
 .ARM.attributes
                0x00000f67       0x2e c:/progra~2/gnuarm~1/102021~1.10/bin/../lib/gcc/arm-none-eabi/10.3.1/../../../../arm-none-eabi/lib/thumb/v7e-m/nofp\libg.a(lib_a-ctype_.o)
 .ARM.attributes
                0x00000f95       0x2e c:/progra~2/gnuarm~1/102021~1.10/bin/../lib/gcc/arm-none-eabi/10.3.1/../../../../arm-none-eabi/lib/thumb/v7e-m/nofp\libg.a(lib_a-signal.o)
 .ARM.attributes
                0x00000fc3       0x2e c:/progra~2/gnuarm~1/102021~1.10/bin/../lib/gcc/arm-none-eabi/10.3.1/../../../../arm-none-eabi/lib/thumb/v7e-m/nofp\libg.a(lib_a-signalr.o)
 .ARM.attributes
                0x00000ff1       0x1e c:/progra~2/gnuarm~1/102021~1.10/bin/../lib/gcc/arm-none-eabi/10.3.1/thumb/v7e-m/nofp\libgcc.a(_arm_unorddf2.o)
 .ARM.attributes
                0x0000100f       0x1e c:/progra~2/gnuarm~1/102021~1.10/bin/../lib/gcc/arm-none-eabi/10.3.1/thumb/v7e-m/nofp\libgcc.a(_arm_fixdfsi.o)
 .ARM.attributes
                0x0000102d       0x1e c:/progra~2/gnuarm~1/102021~1.10/bin/../lib/gcc/arm-none-eabi/10.3.1/thumb/v7e-m/nofp/crtn.o